$ tsc --noEmit
bun test v1.4.0 (1381054db)

 24 pass
 0 fail
 64 expect() calls
Ran 24 tests across 5 files. [23.00ms]
$ eslint src --max-warnings 0
Using src/app as the root directory for Expo Router.
Starting Metro Bundler

iOS Bundled 3087ms expo-router.js (1114 modules)

› Assets (23):
node_modules/expo-router/assets/arrow_down.png (9.5KB)
node_modules/expo-router/assets/error.png (469B)
node_modules/expo-router/assets/file.png (138B)
node_modules/expo-router/assets/forward.png (188B)
node_modules/expo-router/assets/pkg.png (364B)
node_modules/expo-router/assets/react-navigation/elements/back-icon-mask.png (653B)
node_modules/expo-router/assets/react-navigation/elements/back-icon.png (4 variations | 566B)
node_modules/expo-router/assets/react-navigation/elements/clear-icon.png (4 variations | 425B)
node_modules/expo-router/assets/react-navigation/elements/close-icon.png (4 variations | 235B)
node_modules/expo-router/assets/react-navigation/elements/search-icon.png (3 variations | 582B)
node_modules/expo-router/assets/sitemap.png (465B)
node_modules/expo-router/assets/unmatched.png (4.8KB)

› ios bundles (1):
_expo/static/js/ios/expo-router-533659fc1fb063db1d03638689bd729a.hbc (2.4MB)

› Files (1):
metadata.json (1.6KB)

Exported: dist
Exit Status: 0
