Command:
cd /Users/ryankenny/Projects/CodingHarnessv2/server && bun test && bun run typecheck && bash scripts/entry-smoke.sh

Exit Status:
0

Output:
bun test v1.4.0 (1381054db)

 39 pass
 0 fail
 152 expect() calls
Ran 39 tests across 3 files. [240.00ms]
$ tsc --noEmit
Entry smoke: starting server on 127.0.0.1:59408
PASS: server started and is listening on http://127.0.0.1:59408
PASS: listens on 127.0.0.1 only (127.0.0.1:59408)
PASS: no token -> 401
PASS: wrong token -> 401
PASS: correct token -> 200 (not 401)
PASS: 0644 token file -> exits non-zero (1)
PASS: missing token file -> exits non-zero (1)
Entry smoke: all checks passed
