commit: 658f33ec8ad6651efb3fed49281a97e9702cb382

====================================================================
RED: pre-fix source (c9e3560) run, in a scratch dir per the task packet
cmd: git archive c9e3560 mobile | tar -x; ln -s mobile/node_modules; bash scripts/runtime-smoke.sh
====================================================================
=== RED: c9e3560 source run ===
=== token present ===
bundle: /var/folders/xt/1dk4f7_93nz9dsz8f771nlyr0000gn/T//runtime-smoke.X7QHw5/dist/_expo/static/js/ios/expo-router-e94f5f5075ae1c508e274996784e8a00.js
stored token: present; expected first screen: Chat
rendered text: ["Chat","Settings","Send"]
native stack headers: [{"title":"Chat","hidden":true}]
non-fatal (logged only): [ReactNative Architecture][JS] 'getViewManagerConfig('RNCMaskedView')' is not available in the new React Native architecture. If 'RNCMaskedView' has a ViewManag
console.error: [ReactNative Architecture][JS] 'getViewManagerConfig('RNCMaskedView')' is not available in the new React Native architecture. If 'RNCMaskedView' has a ViewManag
root commits: 4
RESULT: PASS (app launched, Chat rendered, no JS exception)
=== token absent ===
bundle: /var/folders/xt/1dk4f7_93nz9dsz8f771nlyr0000gn/T//runtime-smoke.X7QHw5/dist/_expo/static/js/ios/expo-router-e94f5f5075ae1c508e274996784e8a00.js
stored token: absent; expected first screen: Setup
rendered text: ["Enter Bearer Token","Paste the token from your server","Continue"]
native stack headers: [{"title":"Setup","hidden":false}]
drive Setup -> Chat: {"ok":true,"chatMounted":true,"backOnSetup":false,"singleTopBar":true,"rendered_text":["Chat","Settings","Send"],"native_stack_headers":[{"title":"Chat","hidden":true}]}
non-fatal (logged only): [ReactNative Architecture][JS] 'getViewManagerConfig('RNCMaskedView')' is not available in the new React Native architecture. If 'RNCMaskedView' has a ViewManag
console.error: [ReactNative Architecture][JS] 'getViewManagerConfig('RNCMaskedView')' is not available in the new React Native architecture. If 'RNCMaskedView' has a ViewManag
root commits: 8
RESULT: PASS (app launched, Setup rendered, no JS exception, Setup -> Chat drive reached Chat with one top bar)
=== token wrong ===
bundle: /var/folders/xt/1dk4f7_93nz9dsz8f771nlyr0000gn/T//runtime-smoke.X7QHw5/dist/_expo/static/js/ios/expo-router-e94f5f5075ae1c508e274996784e8a00.js
stored token: wrong; expected first screen: Chat
rendered text: ["Chat","Settings","Send"]
native stack headers: [{"title":"Chat","hidden":true}]
drive Chat 401 -> Settings: {"ok":false,"wrongAlertShown":false,"errorAlertShown":true,"settingsMounted":false,"alerts":[{"title":"Error","message":"Unauthorized: invalid or missing bearer token"}],"rendered_text":["Chat","Settings","hello","Send"]}
non-fatal (logged only): [ReactNative Architecture][JS] 'getViewManagerConfig('RNCMaskedView')' is not available in the new React Native architecture. If 'RNCMaskedView' has a ViewManag
console.error: [ReactNative Architecture][JS] 'getViewManagerConfig('RNCMaskedView')' is not available in the new React Native architecture. If 'RNCMaskedView' has a ViewManag
root commits: 7
RESULT: FAIL (exceptions=0, rendered=true, reached Chat=true, driveChat401.ok=false)
EXIT=1

====================================================================
GREEN/Tests command: node --check scripts/runtime-smoke.mjs && bash -n scripts/runtime-smoke.sh && bun run smoke:runtime
====================================================================
node --check: OK
bash -n: OK
$ scripts/runtime-smoke.sh
=== token present ===
bundle: /var/folders/xt/1dk4f7_93nz9dsz8f771nlyr0000gn/T//runtime-smoke.sJUS0q/dist/_expo/static/js/ios/expo-router-af962b8fb6829230607bfdc65fc2ebbf.js
stored token: present; expected first screen: Chat
rendered text: ["Chat","Settings","Send"]
native stack headers: [{"title":"Chat","hidden":true}]
non-fatal (logged only): [ReactNative Architecture][JS] 'getViewManagerConfig('RNCMaskedView')' is not available in the new React Native architecture. If 'RNCMaskedView' has a ViewManag
console.error: [ReactNative Architecture][JS] 'getViewManagerConfig('RNCMaskedView')' is not available in the new React Native architecture. If 'RNCMaskedView' has a ViewManag
root commits: 4
RESULT: PASS (app launched, Chat rendered, no JS exception)
=== token absent ===
bundle: /var/folders/xt/1dk4f7_93nz9dsz8f771nlyr0000gn/T//runtime-smoke.sJUS0q/dist/_expo/static/js/ios/expo-router-af962b8fb6829230607bfdc65fc2ebbf.js
stored token: absent; expected first screen: Setup
rendered text: ["Enter Bearer Token","Paste the token from your server","Continue"]
native stack headers: [{"title":"Setup","hidden":false}]
drive Setup -> Chat: {"ok":true,"chatMounted":true,"backOnSetup":false,"singleTopBar":true,"rendered_text":["Chat","Settings","Send"],"native_stack_headers":[{"title":"Chat","hidden":true}]}
non-fatal (logged only): [ReactNative Architecture][JS] 'getViewManagerConfig('RNCMaskedView')' is not available in the new React Native architecture. If 'RNCMaskedView' has a ViewManag
console.error: [ReactNative Architecture][JS] 'getViewManagerConfig('RNCMaskedView')' is not available in the new React Native architecture. If 'RNCMaskedView' has a ViewManag
root commits: 8
RESULT: PASS (app launched, Setup rendered, no JS exception, Setup -> Chat drive reached Chat with one top bar)
=== token wrong ===
bundle: /var/folders/xt/1dk4f7_93nz9dsz8f771nlyr0000gn/T//runtime-smoke.sJUS0q/dist/_expo/static/js/ios/expo-router-af962b8fb6829230607bfdc65fc2ebbf.js
stored token: wrong; expected first screen: Chat
rendered text: ["Chat","Settings","Send"]
native stack headers: [{"title":"Chat","hidden":true}]
drive Chat 401 -> Settings: {"ok":true,"wrongAlertShown":true,"errorAlertShown":false,"settingsMounted":true,"alerts":[{"title":"Password wrong or changed","message":"The password on this phone no longer matches the Mac. Paste the current one from the Mac (pbcopy < ~/.phone-models/token)."}],"rendered_text":["Chat","Settings","hello","Send","Bearer Token","Cancel","Save","Logout"]}
non-fatal (logged only): [ReactNative Architecture][JS] 'getViewManagerConfig('RNCMaskedView')' is not available in the new React Native architecture. If 'RNCMaskedView' has a ViewManag
console.error: [ReactNative Architecture][JS] 'getViewManagerConfig('RNCMaskedView')' is not available in the new React Native architecture. If 'RNCMaskedView' has a ViewManag
root commits: 8
RESULT: PASS (app launched, Chat rendered, no JS exception, Chat 401 drive reached Settings with the token form open)
EXIT=0
