=== token present ===
bundle: /var/folders/xt/1dk4f7_93nz9dsz8f771nlyr0000gn/T//runtime-smoke.lYQg6l/served.js
stored token: present; expected first screen: Chat
rendered text: ["Chat","Settings","Send"]
native stack headers: [{"title":"Chat","hidden":true}]
non-fatal (logged only): [ReactNative Architecture][JS] 'getViewManagerConfig('RNCMaskedView')' is not available in the new React Native architecture. If 'RNCMaskedView' has a ViewManag
console.error: [ReactNative Architecture][JS] 'getViewManagerConfig('RNCMaskedView')' is not available in the new React Native architecture. If 'RNCMaskedView' has a ViewManag
root commits: 4
RESULT: PASS (app launched, Chat rendered, no JS exception)
=== token absent ===
bundle: /var/folders/xt/1dk4f7_93nz9dsz8f771nlyr0000gn/T//runtime-smoke.lYQg6l/served.js
stored token: absent; expected first screen: Setup
rendered text: ["Enter Bearer Token","Paste the token from your server","Continue"]
native stack headers: [{"title":"Setup","hidden":false}]
drive Setup -> Chat: {"ok":true,"chatMounted":true,"backOnSetup":false,"singleTopBar":true,"rendered_text":["Chat","Settings","Send"],"native_stack_headers":[{"title":"Chat","hidden":true}]}
non-fatal (logged only): [ReactNative Architecture][JS] 'getViewManagerConfig('RNCMaskedView')' is not available in the new React Native architecture. If 'RNCMaskedView' has a ViewManag
console.error: [ReactNative Architecture][JS] 'getViewManagerConfig('RNCMaskedView')' is not available in the new React Native architecture. If 'RNCMaskedView' has a ViewManag
root commits: 8
RESULT: PASS (app launched, Setup rendered, no JS exception, Setup -> Chat drive reached Chat with one top bar)
=== token wrong ===
bundle: /var/folders/xt/1dk4f7_93nz9dsz8f771nlyr0000gn/T//runtime-smoke.lYQg6l/served.js
stored token: wrong; expected first screen: Chat
rendered text: ["Chat","Settings","Send"]
native stack headers: [{"title":"Chat","hidden":true}]
drive Chat 401 -> Settings: {"ok":true,"wrongAlertShown":true,"errorAlertShown":false,"settingsMounted":true,"alerts":[{"title":"Password wrong or changed","message":"The password on this phone no longer matches the Mac. Paste the current one from the Mac (pbcopy < ~/.phone-models/token)."}],"rendered_text":["Chat","Settings","hello","Send","Bearer Token","Cancel","Save","Logout"]}
non-fatal (logged only): [ReactNative Architecture][JS] 'getViewManagerConfig('RNCMaskedView')' is not available in the new React Native architecture. If 'RNCMaskedView' has a ViewManag
console.error: [ReactNative Architecture][JS] 'getViewManagerConfig('RNCMaskedView')' is not available in the new React Native architecture. If 'RNCMaskedView' has a ViewManag
root commits: 8
RESULT: PASS (app launched, Chat rendered, no JS exception, Chat 401 drive reached Settings with the token form open)
SERVED_SMOKE_EXIT=0 (served launchAsset: http://ryans-mac-studio.tailc3648a.ts.net:8081/expo-router.bundle?platform=ios&dev=false&hot=false&lazy=true&minify=true&transform.engine=hermes&transform.bytecode=1&transform.routerRoot=src%2Fapp&unstable_transformProfile=hermes-stable)
