=== commit ===
d87a5971393ce48e9094e0d5467332bad3d286e5
=== bun run typecheck ===
$ tsc --noEmit
exit:0
=== bun test src/api src/ui ===
bun test v1.4.0 (1381054db)

 15 pass
 0 fail
 32 expect() calls
Ran 15 tests across 3 files. [13.00ms]
exit:0
=== bun run lint ===
$ eslint src --max-warnings 0
exit:0
=== npx expo export --platform ios ===
Using src/app as the root directory for Expo Router.
Starting Metro Bundler

iOS Bundled 3271ms expo-router.js (1112 modules)

› Assets (23):
node_modules/expo-router/assets/arrow_down.png (9.5KB)
node_modules/expo-router/assets/error.png (469B)
node_modules/expo-router/assets/file.png (138B)
node_modules/expo-router/assets/forward.png (188B)
node_modules/expo-router/assets/pkg.png (364B)
node_modules/expo-router/assets/react-navigation/elements/back-icon-mask.png (653B)
node_modules/expo-router/assets/react-navigation/elements/back-icon.png (4 variations | 566B)
node_modules/expo-router/assets/react-navigation/elements/clear-icon.png (4 variations | 425B)
node_modules/expo-router/assets/react-navigation/elements/close-icon.png (4 variations | 235B)
node_modules/expo-router/assets/react-navigation/elements/search-icon.png (3 variations | 582B)
node_modules/expo-router/assets/sitemap.png (465B)
node_modules/expo-router/assets/unmatched.png (4.8KB)

› ios bundles (1):
_expo/static/js/ios/expo-router-800c9cd9d95fecd2a89a576a858f3760.hbc (2.4MB)

› Files (1):
metadata.json (1.6KB)

Exported: dist
exit:0
=== rm -rf dist ===
exit:0
=== npx expo-doctor ===
Running 21 checks on your project...
21/21 checks passed. No issues detected!
exit:0
=== installed expo version ===
57.0.25
