Commit: 01f4b1dbdf9b82e1782edbd7ef5b070541cd329e
Date: Thu 24 Sep 2026 22:24:56 BST
=== bun run typecheck ===
$ tsc --noEmit
EXIT: 0
=== bun test src/api src/ui ===
bun test v1.4.0 (1381054db)

 5 pass
 0 fail
 5 expect() calls
Ran 5 tests across 3 files. [10.00ms]
EXIT: 0
=== bun run lint ===
$ eslint src --max-warnings 0
EXIT: 0
=== npx expo export --platform ios ===
Using src/app as the root directory for Expo Router.
Starting Metro Bundler
iOS Bundled 1355ms expo-router.js (816 modules)

Exporting 10 assets:
node_modules/@react-navigation/elements/src/assets/back-icon-mask.png (913 B)
node_modules/@react-navigation/elements/src/assets/back-icon.png (5 variations | 528 B)
node_modules/expo-router/assets/error.png (516 B)
node_modules/expo-router/assets/file.png (158 B)
node_modules/expo-router/assets/forward.png (250 B)
node_modules/expo-router/assets/pkg.png (429 B)

Exporting 1 bundle for ios:
_expo/static/js/ios/expo-router-89e15092ecb045b5870634f6e5d163d8.hbc (2.06 MB)

Exporting 1 file:
metadata.json (777 B)

App exported to: dist
EXIT: 0
