commit f1e924dc66fabdcd0bd5e4860afb80b00a2f5459
bun test v1.4.0 (1381054db)

src/ui/tableLayout.test.ts:

# Unhandled error between tests
-------------------------------
SyntaxError: Export named 'gridWidth' not found in module '/Users/ryankenny/Projects/CodingHarnessv2/mobile/src/ui/tableLayout.ts'.
-------------------------------


src/ui/markdownText.test.ts:
129 |   // width from the window, not from its content.
130 |   const gridStart = md.indexOf('layout.kind === "grid"');
131 |   const cardsStart = md.indexOf("layout.cards.map");
132 |   const gridBranch = md.slice(gridStart, cardsStart);
133 |   it("MarkdownText reads the window width and derives the grid width from it", () => {
134 |     expect(md).toMatch(/import\s*\{[^}]*\buseWindowDimensions\b[^}]*\}\s*from\s*"react-native"/);
                     ^
error: expect(received).toMatch(expected)

Expected substring or pattern: /import\s*\{[^}]*\buseWindowDimensions\b[^}]*\}\s*from\s*"react-native"/
Received: "/**\n * Renders the tree from parseMarkdown as nested <Text> (FR26). Links are plain,\n * non-tappable text (FR27); a link that matches one of the reply's saved\n * sources is followed by that site's logo, and only the logo is tappable\n * (see SourceLogo). Pure JS, Expo Go compatible.\n */\n\nimport React, { useMemo } from \"react\";\nimport { Platform, StyleSheet, Text, View } from \"react-native\";\nimport type { StyleProp, TextStyle } from \"react-native\";\nimport { parseMarkdown } from \"./markdown\";\nimport type { Block, Inline } from \"./markdown\";\nimport { tableLayout } from \"./tableLayout\";\nimport { presentLink } from \"./inlineLink\";\nimport type { LinkSource } from \"./sourceLinks\";\nimport { SourceLogo } from \"./SourceLogo\";\nimport type { IconCache } from \"@/store/iconCache\";\n\ntype LinkContext = {\n  sources?: LinkSource[];\n  iconCache?: IconCache;\n  onOpenSource?: (url: string) => void;\n};\n\nconst BASE_FONT_SIZE = 14;\nconst MONO = Platform.select({ ios: \"Menlo\", default: \"monospace\" });\n\nfunction renderInline(nodes: Inline[], ctx: LinkContext): React.ReactNode[] {\n  return nodes.map((node, i) => {\n    switch (node.type) {\n      case \"text\":\n        return node.text;\n      case \"bold\":\n        return (\n          <Text key={i} style={styles.bold}>\n            {renderInline(node.children, ctx)}\n          </Text>\n        );\n      case \"italic\":\n        return (\n          <Text key={i} style={styles.italic}>\n            {renderInline(node.children, ctx)}\n          </Text>\n        );\n      case \"code\":\n        return (\n          <Text key={i} style={styles.inlineCode}>\n            {node.text}\n          </Text>\n        );\n      case \"link\":\n      {\n        const presented = presentLink(node.url, ctx.sources);\n        if (presented.kind === \"source\" && ctx.iconCache && ctx.onOpenSource) {\n          return (\n            <Text key={i}>\n              {renderInline(node.children, ctx)}{\" \"}\n              <SourceLogo\n                host={presented.host}\n                url={presented.url}\n                iconCache={ctx.iconCache}\n                onOpen={ctx.onOpenSource}\n              />\n            </Text>\n          );\n        }\n        return <Text key={i}>{renderInline(node.children, ctx)}</Text>;\n      }\n    }\n  });\n}\n\nfunction renderBlock(\n  block: Block,\n  i: number,\n  style: StyleProp<TextStyle>,\n  ctx: LinkContext,\n) {\n  switch (block.type) {\n    case \"paragraph\":\n      return (\n        <Text key={i} style={style}>\n          {renderInline(block.children, ctx)}\n        </Text>\n      );\n    case \"heading\": {\n      const size = BASE_FONT_SIZE + (block.level <= 3 ? (4 - block.level) * 2 : 0);\n      return (\n        <Text key={i} style={[style, styles.bold, { fontSize: size }]}>\n          {renderInline(block.children, ctx)}\n        </Text>\n      );\n    }\n    case \"list\": {\n      return (\n        <View key={i} style={styles.list}>\n          {block.items.map((item, j) => (\n            <View key={j} style={[styles.listRow, { paddingLeft: item.depth * 12 }]}>\n              <Text style={[style, styles.marker]}>\n                {block.ordered ? `${block.start + j}.` : \"•\"}\n              </Text>\n              <Text style={[style, styles.listText]}>{renderInline(item.children, ctx)}</Text>\n            </View>\n          ))}\n        </View>\n      );\n    }\n    case \"codeBlock\":\n      return (\n        <View key={i} style={styles.codeBlock}>\n          <Text style={styles.codeBlockText}>{block.text}</Text>\n        </View>\n      );\n    case \"quote\":\n      return (\n        <View key={i} style={styles.quote}>\n          <Text style={[style, styles.quoteText]}>{renderInline(block.children, ctx)}</Text>\n        </View>\n      );\n    case \"table\": {\n      const layout = tableLayout(block.rows);\n      if (layout.kind === \"grid\") {\n        return (\n          <View key={i} style={styles.list}>\n            <View style={styles.tableRow}>\n              {layout.header.map((cell, c) => (\n                <Text key={c} style={[style, styles.tableCell, styles.bold]}>\n                  {renderInline(cell, ctx)}\n                </Text>\n              ))}\n            </View>\n            {layout.rows.map((row, r) => (\n              <View key={r} style={styles.tableRow}>\n                {row.map((cell, c) => (\n                  <Text key={c} style={[style, styles.tableCell]}>\n                    {renderInline(cell, ctx)}\n                  </Text>\n                ))}\n              </View>\n            ))}\n          </View>\n        );\n      }\n      return (\n        <View key={i} style={styles.list}>\n          {layout.cards.map((card, r) => (\n            <View key={r} style={styles.tableCard}>\n              {card.map((line, c) => (\n                <Text key={c} style={style}>\n                  <Text style={styles.bold}>{renderInline(line.heading, ctx)}</Text>\n                  {\": \"}\n                  {renderInline(line.value, ctx)}\n                </Text>\n              ))}\n            </View>\n          ))}\n        </View>\n      );\n    }\n    case \"rule\":\n      return <View key={i} style={styles.rule} />;\n  }\n}\n\nexport function MarkdownText({\n  text,\n  style,\n  sources,\n  iconCache,\n  onOpenSource,\n}: {\n  text: string;\n  style?: StyleProp<TextStyle>;\n  sources?: LinkSource[];\n  iconCache?: IconCache;\n  onOpenSource?: (url: string) => void;\n}) {\n  const ctx: LinkContext = { sources, iconCache, onOpenSource };\n  const blocks = useMemo(() => parseMarkdown(text), [text]);\n  return <View>{blocks.map((block, i) => renderBlock(block, i, style, ctx))}</View>;\n}\n\nconst styles = StyleSheet.create({\n  bold: { fontWeight: \"bold\" },\n  italic: { fontStyle: \"italic\" },\n  inlineCode: { fontFamily: MONO, backgroundColor: \"#eee\" },\n  list: { marginTop: 4 },\n  listRow: { flexDirection: \"row\", marginTop: 2 },\n  marker: { width: 22 },\n  listText: { flex: 1 },\n  codeBlock: {\n    backgroundColor: \"#eee\",\n    padding: 8,\n    borderRadius: 4,\n    marginTop: 4,\n  },\n  codeBlockText: { fontFamily: MONO, fontSize: 13, color: \"#000\" },\n  quote: { borderLeftWidth: 3, borderLeftColor: \"#ccc\", paddingLeft: 8, marginTop: 4 },\n  quoteText: { color: \"#666\" },\n  tableRow: { flexDirection: \"row\", marginTop: 2 },\n  tableCard: {\n    borderWidth: 1,\n    borderColor: \"#ccc\",\n    borderRadius: 4,\n    padding: 8,\n    marginTop: 4,\n  },\n  tableCell: { flex: 1, paddingRight: 8 },\n  rule: { height: 1, backgroundColor: \"#ccc\", marginVertical: 6 },\n});\n"

      at <anonymous> (/Users/ryankenny/Projects/CodingHarnessv2/mobile/src/ui/markdownText.test.ts:134:16)
(fail) 2-column grid has a definite width on the device (M10c3-C4) > MarkdownText reads the window width and derives the grid width from it [0.22ms]
136 |     expect(md).toContain("useWindowDimensions()");
137 |     expect(md).toContain("gridWidth(");
138 |   });
139 |   it("the grid container gets that width, bounded by the bubble, with no horizontal scroll", () => {
140 |     expect(gridStart).toBeGreaterThan(-1);
141 |     expect(gridBranch).toMatch(/style=\{\[styles\.list, styles\.tableGrid, \{ width: [A-Za-z.]+ \}\]\}/);
                             ^
error: expect(received).toMatch(expected)

Expected substring or pattern: /style=\{\[styles\.list, styles\.tableGrid, \{ width: [A-Za-z.]+ \}\]\}/
Received: "layout.kind === \"grid\") {\n        return (\n          <View key={i} style={styles.list}>\n            <View style={styles.tableRow}>\n              {layout.header.map((cell, c) => (\n                <Text key={c} style={[style, styles.tableCell, styles.bold]}>\n                  {renderInline(cell, ctx)}\n                </Text>\n              ))}\n            </View>\n            {layout.rows.map((row, r) => (\n              <View key={r} style={styles.tableRow}>\n                {row.map((cell, c) => (\n                  <Text key={c} style={[style, styles.tableCell]}>\n                    {renderInline(cell, ctx)}\n                  </Text>\n                ))}\n              </View>\n            ))}\n          </View>\n        );\n      }\n      return (\n        <View key={i} style={styles.list}>\n          {"

      at <anonymous> (/Users/ryankenny/Projects/CodingHarnessv2/mobile/src/ui/markdownText.test.ts:141:24)
(fail) 2-column grid has a definite width on the device (M10c3-C4) > the grid container gets that width, bounded by the bubble, with no horizontal scroll [0.09ms]

 29 pass
 3 fail
 1 error
 77 expect() calls
Ran 32 tests across 2 files. [15.00ms]
