bun test v1.4.0 (1381054db)

src/http/server.test.ts:
icon fetch host=a1.test result=ok
icon fetch host=a2.test result=ok
icon fetch host=a3.test result=ok
icon fetch host=b1.test result=ok
icon fetch host=b2.test result=ok
icon fetch host=c1.test result=none
icon fetch host=c2.test result=none
icon fetch host=c3.test result=none
icon fetch host=c4.test result=ok
icon fetch host=c5.test result=none
icon fetch host=d1.test result=ok
icon fetch host=d2.test result=none
icon fetch host=d3.test result=ok
icon fetch host=d4.test result=none
icon fetch host=d4.test result=none
icon fetch host=d3.test result=ok
icon fetch host=d5.test result=ok
icon fetch host=d5.test result=ok
icon fetch host=localhost result=blocked
icon fetch host=e1.test result=blocked
icon fetch host=e1.test result=blocked
icon fetch host=e2.test result=blocked
icon fetch host=e3.test result=blocked
icon fetch host=f1.test result=timeout
icon fetch host=f1.test result=ok

 159 pass
 0 fail
 430 expect() calls
Ran 159 tests across 7 files. [3.46s]
bun test v1.4.0 (1381054db)

 161 pass
 0 fail
 705 expect() calls
Ran 161 tests across 5 files. [2.20s]
$ tsc --noEmit
PASS: AC1 isolation: search on 127.0.0.1:54045 (temp cache dir), server on http://127.0.0.1:54046 (random 0600 token file, not printed); production 7789/7790 untouched
Using github.com as the public site with an icon
PASS: AC2: github.com -> 200, content-type image/png, 958 bytes with matching image magic, exactly one 'icon fetch host=github.com result=ok' in the search log
PASS: AC3: second request -> 200, byte-identical body, still exactly one 'icon fetch' line for github.com (served from cache); 1 cache file(s) in the temp cache dir
PASS: AC4: local name (bare) (localhost) -> 404 no_icon, search log shows result=blocked
PASS: AC4: local name (dotted, resolves to 127.0.0.1) (app.localhost) -> 404 no_icon, search log shows result=blocked
SKIP: AC4: public DNS name resolving to loopback 127.0.0.1 (localtest.me) - wildcard-DNS name did not resolve here (got HTTP 404)
SKIP: AC4: LAN address 10.0.0.1 via wildcard DNS (10.0.0.1.nip.io) - wildcard-DNS name did not resolve here (got HTTP 404)
PASS: AC4: tailnet CGNAT address 100.100.100.100 via wildcard DNS (100.100.100.100.nip.io) -> 404 no_icon, search log shows result=blocked
NOTE: redirect-to-local is proven by the search unit tests, the redirect cases in search/src/http/server.test.ts (run: cd search && bun test src/http/server.test.ts); no public URL whose root redirects to a private address is known, so none is faked here.
Using example.com as the site with no icon: home page has 1 icon <link> tag(s); /favicon.ico returns HTTP 404 (example.com declares only an empty <link rel=icon href=data:,>, so there is no usable icon)
PASS: AC5: example.com -> 404 {"error":"no_icon"}, search log shows result=none
PASS: AC6: no token -> 401, wrong token -> 401
PASS: AC7: no third-party favicon/logo service referenced in search/src or server/src (tests excluded)

All M10c1-T3 live proofs passed
exit=0
