=== M10e-T2 Verification Log ===
Start time: Wed 30 Sep 2026 22:50:25 BST

=== Step 1: launchctl print ===
	state = running
	pid = 16349
		state = active
		state = active

Extracted PID: 16349

=== Step 2: Process start time ===
Process start time: Wed 30 Sep 22:48:53 2026

=== Step 3: Commit time of 3240b95 ===
Commit time: Wed Sep 30 22:48:10 2026 +0100

=== Step 4: Time comparison ===
Process epoch: 1790804933
Commit epoch: 1790804890
✓ Process started AFTER commit (Process was restarted after code update)

=== Step 5: Process working directory ===
COMMAND   PID      USER   FD   TYPE DEVICE SIZE/OFF     NODE NAME
node    16349 ryankenny  cwd    DIR   1,17      480 23543537 /Users/ryankenny/Projects/CodingHarnessv2/mobile

=== Step 6: Current git branch ===
m10e-answer-fits-bubble

=== Step 7: Current HEAD commit ===
3240b9527e03085fb111c8c5fad0a7aefe77a864

=== Step 8: HTTP request to bundle host ===
HTTP Status Code: 200

=== Step 9: Git status (no changes outside .harness/) ===
(No changes outside .harness/)

=== End of verification ===
End time: Wed 30 Sep 2026 22:50:25 BST
