Task: M11-T3
Verification Date: 2026-10-01
Command: cd /Users/ryankenny/Projects/CodingHarnessv2/mobile && bun test src/api/client.test.ts && bun run typecheck && bun test

Exit Status: 0

Output:

=== bun test src/api/client.test.ts ===
bun test v1.4.0 (1381054db)

 56 pass
 0 fail
 179 expect() calls
Ran 56 tests across 1 file. [74.00ms]

=== bun run typecheck ===
$ tsc --noEmit

=== bun test (full suite) ===
bun test v1.4.0 (1381054db)

 438 pass
 0 fail
 12037 expect() calls
Ran 438 tests across 28 files. [232.00ms]

Result: All tests passed, no typecheck errors.
