Verification Run for M13-T2

Command:
cd /Users/ryankenny/Projects/CodingHarnessv2/mobile && bun test

Exit Status: 0

Output:
bun test v1.4.0 (1381054db)

 446 pass
 0 fail
 12079 expect() calls
Ran 446 tests across 30 files. [224.00ms]

RED Reproduction:
Changed "Search unavailable" to "Search not available" in mobile/src/ui/chatItems.ts:126
Ran: bun test src/chat/webFailureSession.test.ts

Result:
 2 pass
 1 fail

The first test "persists unavailable search step with answer and shows 'Search unavailable' in chat items" failed with:
error: expect(received).toBe(expected)
Expected: "Search unavailable"
Received: "Search not available"

File then restored and git diff confirms clean.
