# M18-T1 Verification Log

## Command Run
cd /Users/ryankenny/Projects/CodingHarnessv2/server && bun test && bun run typecheck && cd ../mobile && bun run typecheck && bun test

## Exit Status
0

## Output

### Server Tests
bun test v1.4.0 (1381054db)

 258 pass
 0 fail
 1526 expect() calls
Ran 258 tests across 14 files. [10.56s]

### Server Typecheck
$ tsc --noEmit
(no output - typecheck passed)

### Mobile Typecheck
$ tsc --noEmit
(no output - typecheck passed)

### Mobile Tests
bun test v1.4.0 (1381054db)

 450 pass
 0 fail
 12109 expect() calls
Ran 450 tests across 31 files. [224.00ms]

## Summary
All tests passed successfully. No typechecking errors.
