{
  "id": "q3",
  "question": "What is the WebAssembly component model, how does it differ from core WebAssembly modules, and how widely is it supported by runtimes and languages today?",
  "generation_id": "273b488d-72fb-4e77-8bd5-42d0a0c9018d",
  "started_at": "2026-10-02T21:05:19.951Z",
  "ended_at": "2026-10-02T21:08:46.857Z",
  "fr41_selection": "server.log bytes written between just before the POST and after done (lines carry no run id)",
  "saw_done": true,
  "budget_s": 480,
  "total_wall_s": 206.906,
  "planning_s": 32.701,
  "research_phase_calls": 12,
  "routine_calls": 13,
  "routine_p50_s": 3.859,
  "routine_p95_s": 17.495,
  "fr41_lines": 17,
  "distinct_pages_read": 6,
  "notes_kept": 12,
  "final_status": "complete",
  "cited_read_pages": 6,
  "unresolved_citations": [],
  "checks": {
    "status_ok": {
      "ok": true,
      "value": "complete"
    },
    "within_budget": {
      "ok": true,
      "value": {
        "total_wall_s": 206.906,
        "limit_s": 540
      }
    },
    "cited_read_pages_ok": {
      "ok": true,
      "value": 6
    },
    "no_unresolved_citations": {
      "ok": true,
      "value": []
    }
  },
  "pass": true
}
exit=0
