{
  "id": "ev",
  "question": "What does it cost to run an electric car compared with a petrol car in the UK in 2026? Cover charging and fuel costs per year for typical mileage.",
  "generation_id": "cca85262-a736-4629-8d33-4ecdd361cd73",
  "started_at": "2026-10-03T05:52:13.350Z",
  "ended_at": "2026-10-03T05:55:19.562Z",
  "fr41_selection": "server.log bytes written between just before the POST and after done (lines carry no run id)",
  "saw_done": true,
  "budget_s": 480,
  "total_wall_s": 186.212,
  "planning_s": 32.433,
  "research_phase_calls": 12,
  "routine_calls": 13,
  "routine_p50_s": 3.078,
  "routine_p95_s": 10.259,
  "fr41_lines": 17,
  "distinct_pages_read": 6,
  "notes_kept": 13,
  "final_status": "complete",
  "cited_read_pages": 5,
  "unresolved_citations": [],
  "checks": {
    "status_ok": {
      "ok": true,
      "value": "complete"
    },
    "within_budget": {
      "ok": true,
      "value": {
        "total_wall_s": 186.212,
        "limit_s": 540
      }
    },
    "cited_read_pages_ok": {
      "ok": true,
      "value": 5
    },
    "no_unresolved_citations": {
      "ok": true,
      "value": []
    }
  },
  "pass": true
}
exit=0
