VERIFICATION LOG FOR M19j-T9
=============================

Current commit: 02c1322 (M19j: implementation phase handoff (T7, T8 accepted; live re-run remains))
Task: Add owner's extra non-price question "gfc2008" to ac29-questions.json

TEST 1: JSON content check
==========================
Command: cd /Users/ryankenny/Projects/CodingHarnessv2/server && bun -e 'const q=require("./scripts/ac29-questions.json"); if(q.gfc2008!=="What caused the 2008 financial crisis?")process.exit(1); console.log(Object.keys(q).join(","))'

Exit Status: 0

Output:
q1,q2,q3,heat,ev,gfc2008

TEST 2: Test suite and typecheck
=================================
Command: cd /Users/ryankenny/Projects/CodingHarnessv2/server && bun test && bun run typecheck

Exit Status: 0

Output summary:
 379 pass
 0 fail
 3280 expect() calls
Ran 379 tests across 27 files. [18.55s]
$ tsc --noEmit
(typecheck completed with no output - success)

FILES CHANGED (git diff HEAD)
=============================
- server/scripts/ac29-questions.json
- server/scripts/ac29-live-run.ts

DIFF SUMMARY:
JSON file: Added new entry as last item:
  "gfc2008": "What caused the 2008 financial crisis?"

TS file: Updated usage comment line only:
  FROM: bun run scripts/ac29-live-run.ts --id <q1|q2|q3|heat|ev>
  TO:   bun run scripts/ac29-live-run.ts --id <q1|q2|q3|heat|ev|gfc2008>

No test files were modified.
