=== First search POST request ===
  % Total    % Received % Xferd  Average Speed   Time    Time     Time  Current
                                 Dload  Upload   Total   Spent    Left  Speed
  0     0    0     0    0     0      0      0 --:--:-- --:--:-- --:--:--     0100    53    0     0  100    53      0     52  0:00:01  0:00:01 --:--:--    52100  1866  100  1813  100    53   1600     46  0:00:01  0:00:01 --:--:--  1646
HTTP/1.1 200 OK
Content-Type: application/json
x-cache: miss
Date: Sat, 03 Oct 2026 14:54:25 GMT
Content-Length: 1813

{"results":[{"title":"Heat Pump Running Costs 2026: £281-£918 Yearly","url":"https://heatpumpchecker.co.uk/heat-pump-running-costs/","snippet":"Actual UK running costs: £281-£918/year. Compare all tariffs vs gas, oil, LPG with real numbers. See when heat pumps save money."},{"title":"Heat pump running costs UK 2026: what real owners report","url":"https://energybilltoolkit.co.uk/guides/heat-pump-real-world-costs-performance-uk/","snippet":"Evidence-led guide to UK heat pump running costs using three independent data sources, with cost scenarios by heating type, grant info, and payback calculations."},{"title":"Heat Pump Running Cost Calculator 2026 UK","url":"https://ukcalculator.com/heat-pump-running-cost-calculator.html","snippet":"Heat Pump vs Gas Boiler Cost Calculator Enter your annual heating demand and efficiency to compare yearly running costs. Defaults use the Ofgem price cap unit rates for 1 July-30 September 2026."},{"title":"Heat Pump Running Cost Calculator UK (2026 Savings & Payback)","url":"https://heatpumprunningcost.com/","snippet":"A free, instant heat pump running cost calculator for UK homes at the current Ofgem price cap. Compare gas, oil or LPG against a heat pump, see your yearly saving and payback after the Boiler Upgrade Scheme grant, every assumption shown and sourced."},{"title":"How much does a heat pump cost to run? - Good Energy","url":"https://www.goodenergy.co.uk/blog/heat-pump-running-costs-explained/","snippet":"How do heat pump running costs compare with other heating systems? Heat pump running costs vs oil boiler Air source heat pumps are more cost-effective than oil boilers since the Iran US war began. Electricity prices tend to change much less frequently than heating oil, which can spike and drop on a daily basis."}],"backend":"duckduckgo"}
=== Second search POST request (should have x-cache: hit) ===
  % Total    % Received % Xferd  Average Speed   Time    Time     Time  Current
                                 Dload  Upload   Total   Spent    Left  Speed
  0     0    0     0    0     0      0      0 --:--:-- --:--:-- --:--:--     0100  1866  100  1813  100    53  2945k  88186 --:--:-- --:--:-- --:--:-- 1822k
HTTP/1.1 200 OK
Content-Type: application/json
x-cache: hit
Date: Sat, 03 Oct 2026 14:54:25 GMT
Content-Length: 1813

{"results":[{"title":"Heat Pump Running Costs 2026: £281-£918 Yearly","url":"https://heatpumpchecker.co.uk/heat-pump-running-costs/","snippet":"Actual UK running costs: £281-£918/year. Compare all tariffs vs gas, oil, LPG with real numbers. See when heat pumps save money."},{"title":"Heat pump running costs UK 2026: what real owners report","url":"https://energybilltoolkit.co.uk/guides/heat-pump-real-world-costs-performance-uk/","snippet":"Evidence-led guide to UK heat pump running costs using three independent data sources, with cost scenarios by heating type, grant info, and payback calculations."},{"title":"Heat Pump Running Cost Calculator 2026 UK","url":"https://ukcalculator.com/heat-pump-running-cost-calculator.html","snippet":"Heat Pump vs Gas Boiler Cost Calculator Enter your annual heating demand and efficiency to compare yearly running costs. Defaults use the Ofgem price cap unit rates for 1 July-30 September 2026."},{"title":"Heat Pump Running Cost Calculator UK (2026 Savings & Payback)","url":"https://heatpumprunningcost.com/","snippet":"A free, instant heat pump running cost calculator for UK homes at the current Ofgem price cap. Compare gas, oil or LPG against a heat pump, see your yearly saving and payback after the Boiler Upgrade Scheme grant, every assumption shown and sourced."},{"title":"How much does a heat pump cost to run? - Good Energy","url":"https://www.goodenergy.co.uk/blog/heat-pump-running-costs-explained/","snippet":"How do heat pump running costs compare with other heating systems? Heat pump running costs vs oil boiler Air source heat pumps are more cost-effective than oil boilers since the Iran US war began. Electricity prices tend to change much less frequently than heating oil, which can spike and drop on a daily basis."}],"backend":"duckduckgo"}