M21-T6-q2: Run AC29 q2 (LFP vs NMC batteries) live through the server API

=== Precondition Check ===
pgrep -fl ac29-live-run: PASS (no processes found)

=== Run Command ===
cd /Users/ryankenny/Projects/CodingHarnessv2/server && bun run scripts/ac29-live-run.ts --id q2 --out-dir ../.harness/evidence --prefix M21-T6

=== Run Output Files ===
All required output files created:
- M21-T6-q2-run.log (1.2K)
- M21-T6-q2-result.json (1.2K)
- M21-T6-q2-stream.txt (15K)
- M21-T6-q2-fr41.log (4.5K)

=== Result JSON ===
{
  "id": "q2",
  "question": "What are the trade-offs between LFP and NMC lithium battery chemistries for home battery storage, including cost, lifespan, safety and cold-weather performance?",
  "generation_id": "cb5db5c2-a80e-4b3f-ab32-1fdd95decca5",
  "started_at": "2026-10-03T16:29:52.422Z",
  "ended_at": "2026-10-03T16:33:08.508Z",
  "fr41_selection": "server.log bytes written between just before the POST and after done (lines carry no run id)",
  "saw_done": true,
  "budget_s": 480,
  "total_wall_s": 196.086,
  "planning_s": 13.808,
  "research_phase_calls": 12,
  "routine_calls": 13,
  "routine_p50_s": 3.207,
  "routine_p95_s": 11.524,
  "fr41_lines": 16,
  "distinct_pages_read": 6,
  "notes_kept": 17,
  "final_status": "complete",
  "cited_read_pages": 6,
  "unresolved_citations": [],
  "checks": {
    "status_ok": {
      "ok": true,
      "value": "complete"
    },
    "within_budget": {
      "ok": true,
      "value": {
        "total_wall_s": 196.086,
        "limit_s": 540
      }
    },
    "cited_read_pages_ok": {
      "ok": true,
      "value": 6
    },
    "no_unresolved_citations": {
      "ok": true,
      "value": []
    }
  },
  "pass": true
}

=== Run Log Exit Status ===
exit=0

=== Test Results ===

Test 1: result.json exists and pass is true
PASS: .harness/evidence/M21-T6-q2-result.json exists with pass=true

Test 2: run log ends with exit=0
PASS: exit=0

Test 3: --check-only validation
Command: cd /Users/ryankenny/Projects/CodingHarnessv2/server && bun run scripts/ac29-live-run.ts --check-only ../.harness/evidence/M21-T6-q2-stream.txt --log ../.harness/evidence/M21-T6-q2-fr41.log
Exit status: 0
Result:
{
  "stream_file": "../.harness/evidence/M21-T6-q2-stream.txt",
  "note": "check-only: total_wall_s taken from done.research.elapsed_ms (0 when absent)",
  "budget_s": 480,
  "total_wall_s": 196.081,
  "planning_s": 13.808,
  "research_phase_calls": 12,
  "routine_calls": 13,
  "routine_p50_s": 3.207,
  "routine_p95_s": 11.524,
  "fr41_lines": 16,
  "distinct_pages_read": 6,
  "notes_kept": 17,
  "final_status": "complete",
  "cited_read_pages": 6,
  "unresolved_citations": [],
  "checks": {
    "status_ok": {
      "ok": true,
      "value": "complete"
    },
    "within_budget": {
      "ok": true,
      "value": {
        "total_wall_s": 196.081,
        "limit_s": 540
      }
    },
    "cited_read_pages_ok": {
      "ok": true,
      "value": 6
    },
    "no_unresolved_citations": {
      "ok": true,
      "value": []
    }
  },
  "pass": true
}
PASS: exit 0, pass=true

=== Summary ===
All acceptance criteria met:
✓ Run completed successfully (exit 0)
✓ Status: complete
✓ Total wall time: 196.086s (within 540s budget + margin)
✓ Research phase calls: 12
✓ Distinct pages read: 6 (exceeds minimum of 3)
✓ No unresolved citations (all 6 cited pages resolved)
✓ Pass: true
✓ All three tests passed

Start time: 2026-10-03T16:29:52.422Z
End time: 2026-10-03T16:33:08.508Z
Duration: 3 minutes 16 seconds
