{
  "id": "q2",
  "question": "What are the trade-offs between LFP and NMC lithium battery chemistries for home battery storage, including cost, lifespan, safety and cold-weather performance?",
  "generation_id": "cb5db5c2-a80e-4b3f-ab32-1fdd95decca5",
  "started_at": "2026-10-03T16:29:52.422Z",
  "ended_at": "2026-10-03T16:33:08.508Z",
  "fr41_selection": "server.log bytes written between just before the POST and after done (lines carry no run id)",
  "saw_done": true,
  "budget_s": 480,
  "total_wall_s": 196.086,
  "planning_s": 13.808,
  "research_phase_calls": 12,
  "routine_calls": 13,
  "routine_p50_s": 3.207,
  "routine_p95_s": 11.524,
  "fr41_lines": 16,
  "distinct_pages_read": 6,
  "notes_kept": 17,
  "final_status": "complete",
  "cited_read_pages": 6,
  "unresolved_citations": [],
  "checks": {
    "status_ok": {
      "ok": true,
      "value": "complete"
    },
    "within_budget": {
      "ok": true,
      "value": {
        "total_wall_s": 196.086,
        "limit_s": 540
      }
    },
    "cited_read_pages_ok": {
      "ok": true,
      "value": 6
    },
    "no_unresolved_citations": {
      "ok": true,
      "value": []
    }
  },
  "pass": true
}
exit=0
