{
  "stream_file": "../.harness/evidence/M21-T6-heat-stream.txt",
  "note": "check-only: total_wall_s taken from done.research.elapsed_ms (0 when absent)",
  "budget_s": 480,
  "total_wall_s": 215.144,
  "planning_s": 33.012,
  "research_phase_calls": 12,
  "routine_calls": 13,
  "routine_p50_s": 7.263,
  "routine_p95_s": 13.166,
  "fr41_lines": 17,
  "distinct_pages_read": 6,
  "notes_kept": 15,
  "final_status": "complete",
  "cited_read_pages": 6,
  "unresolved_citations": [],
  "checks": {
    "status_ok": {
      "ok": true,
      "value": "complete"
    },
    "within_budget": {
      "ok": true,
      "value": {
        "total_wall_s": 215.144,
        "limit_s": 540
      }
    },
    "cited_read_pages_ok": {
      "ok": true,
      "value": 6
    },
    "no_unresolved_citations": {
      "ok": true,
      "value": []
    }
  },
  "pass": true
}
exit=0
