{"event":"deep_research_model_call","step":"brief","think":false,"attempt":1,"wall_ms":2231,"load_duration":261740917,"prompt_eval_count":130,"prompt_eval_duration":575561000,"eval_count":64,"eval_duration":1324591000,"thinking_chars":0,"thinking_detected":false,"outcome":"ok"}
{"event":"deep_research_model_call","step":"plan","think":true,"attempt":1,"wall_ms":30001,"load_duration":null,"prompt_eval_count":null,"prompt_eval_duration":null,"eval_count":null,"eval_duration":null,"thinking_chars":6668,"thinking_detected":false,"outcome":"guard"}
{"event":"deep_research_model_call","step":"plan","think":false,"attempt":2,"wall_ms":1870,"load_duration":217894875,"prompt_eval_count":244,"prompt_eval_duration":76878000,"eval_count":86,"eval_duration":1566074000,"thinking_chars":0,"thinking_detected":false,"outcome":"ok"}
{"event":"deep_research_model_call","step":"queries","think":false,"attempt":1,"wall_ms":2636,"load_duration":217084916,"prompt_eval_count":300,"prompt_eval_duration":512369000,"eval_count":103,"eval_duration":1894914000,"thinking_chars":0,"thinking_detected":false,"outcome":"ok"}
{"event":"deep_research_model_call","step":"pages","think":false,"attempt":1,"wall_ms":2360,"load_duration":262263500,"prompt_eval_count":1322,"prompt_eval_duration":1698371000,"eval_count":17,"eval_duration":389797000,"thinking_chars":0,"thinking_detected":false,"outcome":"ok"}
{"event":"deep_research_model_call","step":"notes","think":false,"attempt":1,"wall_ms":1235,"load_duration":251200750,"prompt_eval_count":609,"prompt_eval_duration":795476000,"eval_count":10,"eval_duration":178085000,"thinking_chars":0,"thinking_detected":false,"outcome":"ok"}
{"event":"deep_research_model_call","step":"queries","think":false,"attempt":1,"wall_ms":2893,"load_duration":218659708,"prompt_eval_count":304,"prompt_eval_duration":519726000,"eval_count":116,"eval_duration":2141422999,"thinking_chars":0,"thinking_detected":false,"outcome":"ok"}
{"event":"deep_research_model_call","step":"pages","think":false,"attempt":1,"wall_ms":6152,"load_duration":272532500,"prompt_eval_count":4144,"prompt_eval_duration":5252259000,"eval_count":23,"eval_duration":604571000,"thinking_chars":0,"thinking_detected":false,"outcome":"ok"}
{"event":"deep_research_model_call","step":"notes","think":false,"attempt":1,"wall_ms":7686,"load_duration":262368417,"prompt_eval_count":2653,"prompt_eval_duration":3254883000,"eval_count":186,"eval_duration":4144421000,"thinking_chars":0,"thinking_detected":false,"outcome":"ok"}
{"event":"deep_research_model_call","step":"queries","think":false,"attempt":1,"wall_ms":2538,"load_duration":216862541,"prompt_eval_count":440,"prompt_eval_duration":646944000,"eval_count":88,"eval_duration":1662762000,"thinking_chars":0,"thinking_detected":false,"outcome":"ok"}
{"event":"deep_research_model_call","step":"pages","think":false,"attempt":1,"wall_ms":2568,"load_duration":275659250,"prompt_eval_count":1521,"prompt_eval_duration":1889316000,"eval_count":17,"eval_duration":393643000,"thinking_chars":0,"thinking_detected":false,"outcome":"ok"}
{"event":"deep_research_model_call","step":"notes","think":false,"attempt":1,"wall_ms":9454,"load_duration":263494125,"prompt_eval_count":2807,"prompt_eval_duration":3421322000,"eval_count":252,"eval_duration":5752472000,"thinking_chars":0,"thinking_detected":false,"outcome":"ok"}
{"event":"deep_research_model_call","step":"notes","think":false,"attempt":1,"wall_ms":9282,"load_duration":219768208,"prompt_eval_count":2419,"prompt_eval_duration":3011319000,"eval_count":276,"eval_duration":6034655000,"thinking_chars":0,"thinking_detected":false,"outcome":"ok"}
{"event":"deep_research_model_call","step":"notes","think":false,"attempt":1,"wall_ms":12624,"load_duration":262378709,"prompt_eval_count":2722,"prompt_eval_duration":3346012000,"eval_count":396,"eval_duration":8999270000,"thinking_chars":0,"thinking_detected":false,"outcome":"ok"}
{"event":"deep_research_model_call","step":"notes","think":false,"attempt":1,"wall_ms":14155,"load_duration":219791042,"prompt_eval_count":2659,"prompt_eval_duration":3274436000,"eval_count":470,"eval_duration":10637129000,"thinking_chars":0,"thinking_detected":false,"outcome":"ok"}
{"event":"deep_research_model_call","step":"write","think":true,"attempt":1,"wall_ms":60001,"load_duration":null,"prompt_eval_count":null,"prompt_eval_duration":null,"eval_count":null,"eval_duration":null,"thinking_chars":12025,"thinking_detected":false,"outcome":"guard"}
{"event":"deep_research_model_call","step":"write","think":false,"attempt":2,"wall_ms":14599,"load_duration":219250292,"prompt_eval_count":1425,"prompt_eval_duration":85337000,"eval_count":677,"eval_duration":14280441000,"thinking_chars":0,"thinking_detected":false,"outcome":"ok"}
{"event":"deep_research_note_dropped","run":"5898f9f5-eb0b-45e7-aa91-ed7372053176","n":4,"reason":"quote_not_found","quote":"\"Lebensraum was a leading motivation of Nazi Germany to initiate World War II\""}
{"event":"deep_research_note_dropped","run":"5898f9f5-eb0b-45e7-aa91-ed7372053176","n":4,"reason":"quote_not_found","quote":"\"Hitler rejected the restoration of the pre-war borders of Germany as an inadequate half-measure towards reducing purpor"}
{"event":"deep_research_note_dropped","run":"5898f9f5-eb0b-45e7-aa91-ed7372053176","n":4,"reason":"quote_not_found","quote":"\"The Nazi government aimed at repopulating these lands with Germanic colonists in the name of Lebensraum during and foll"}
{"event":"deep_research_note_dropped","run":"5898f9f5-eb0b-45e7-aa91-ed7372053176","n":4,"reason":"quote_not_found","quote":"\"Lebensraum became an ideological principle of Nazism and provided justification for the German territorial expansion in"}
{"event":"deep_research_note_dropped","run":"5898f9f5-eb0b-45e7-aa91-ed7372053176","n":2,"reason":"quote_not_found","quote":"Specifically, the Treaty of Versailles is viewed as one of the main reasons for Adolf Hitler's rise."}
{"event":"deep_research_note_dropped","run":"5898f9f5-eb0b-45e7-aa91-ed7372053176","n":2,"reason":"quote_not_found","quote":"the 'stab-in-the-back' conspiracy theory, the notion that Jewish and communist politicians had betrayed the army with th"}
{"event":"deep_research_note_dropped","run":"5898f9f5-eb0b-45e7-aa91-ed7372053176","n":5,"reason":"quote_not_found","quote":"Lebensraum, or 'living space,' was a central concept in Nazi ideology, combining geopolitics, racial theory, and imperia"}
{"event":"deep_research_note_dropped","run":"5898f9f5-eb0b-45e7-aa91-ed7372053176","n":5,"reason":"quote_not_found","quote":"We can think primarily only of Russia and its vassal border states. The national socialists will terminate the endless G"}
{"event":"deep_research_run_end","notes_kept":14,"notes_dropped":8,"pages_read":6,"status":"complete","elapsed_ms":196525}
