{
  "id": "q2",
  "question": "What are the trade-offs between LFP and NMC lithium battery chemistries for home battery storage, including cost, lifespan, safety and cold-weather performance?",
  "generation_id": "df6d81e6-f6be-4278-8a3e-29d17472016f",
  "started_at": "2026-10-05T09:21:55.428Z",
  "ended_at": "2026-10-05T09:25:14.989Z",
  "fr41_selection": "server.log bytes written between just before the POST and after done (lines carry no run id)",
  "saw_done": true,
  "budget_s": 480,
  "total_wall_s": 199.561,
  "planning_s": 10.411,
  "research_phase_calls": 12,
  "routine_calls": 13,
  "routine_p50_s": 4.131,
  "routine_p95_s": 13.59,
  "fr41_lines": 16,
  "distinct_pages_read": 6,
  "notes_kept": 12,
  "notes_dropped": 13,
  "drop_reasons": {
    "quote_not_found": 13
  },
  "note_drop_lines": 13,
  "final_status": "complete",
  "cited_read_pages": 3,
  "unresolved_citations": [],
  "checks": {
    "status_ok": {
      "ok": true,
      "value": "complete"
    },
    "within_budget": {
      "ok": true,
      "value": {
        "total_wall_s": 199.561,
        "limit_s": 540
      }
    },
    "cited_read_pages_ok": {
      "ok": true,
      "value": 3
    },
    "no_unresolved_citations": {
      "ok": true,
      "value": []
    }
  },
  "pass": true,
  "sources_check": {
    "sources_checked": 6,
    "unreadable_sources": [],
    "unchecked_sources": [],
    "ok": true
  },
  "ac37_pass": true
}
exit=0
