{"event":"deep_research_model_call","step":"brief","think":false,"attempt":1,"wall_ms":1699,"load_duration":250136791,"prompt_eval_count":150,"prompt_eval_duration":374179000,"eval_count":57,"eval_duration":1062223000,"thinking_chars":0,"thinking_detected":false,"outcome":"ok"}
{"event":"deep_research_model_call","step":"plan","think":true,"attempt":1,"wall_ms":30001,"load_duration":null,"prompt_eval_count":null,"prompt_eval_duration":null,"eval_count":null,"eval_duration":null,"thinking_chars":6265,"thinking_detected":false,"outcome":"guard"}
{"event":"deep_research_model_call","step":"plan","think":false,"attempt":2,"wall_ms":2150,"load_duration":220631875,"prompt_eval_count":257,"prompt_eval_duration":73548000,"eval_count":101,"eval_duration":1848240000,"thinking_chars":0,"thinking_detected":false,"outcome":"ok"}
{"event":"deep_research_model_call","step":"queries","think":false,"attempt":1,"wall_ms":2352,"load_duration":216774542,"prompt_eval_count":312,"prompt_eval_duration":518437000,"eval_count":86,"eval_duration":1607110000,"thinking_chars":0,"thinking_detected":false,"outcome":"ok"}
{"event":"deep_research_model_call","step":"pages","think":false,"attempt":1,"wall_ms":2284,"load_duration":268458583,"prompt_eval_count":1125,"prompt_eval_duration":1482576000,"eval_count":23,"eval_duration":525556000,"thinking_chars":0,"thinking_detected":false,"outcome":"ok"}
{"event":"deep_research_model_call","step":"notes","think":false,"attempt":1,"wall_ms":11309,"load_duration":263373542,"prompt_eval_count":2460,"prompt_eval_duration":3045704000,"eval_count":361,"eval_duration":7983748000,"thinking_chars":0,"thinking_detected":false,"outcome":"ok"}
{"event":"deep_research_model_call","step":"queries","think":false,"attempt":1,"wall_ms":4066,"load_duration":216217333,"prompt_eval_count":624,"prompt_eval_duration":813000000,"eval_count":161,"eval_duration":3021458000,"thinking_chars":0,"thinking_detected":false,"outcome":"ok"}
{"event":"deep_research_model_call","step":"pages","think":false,"attempt":1,"wall_ms":2732,"load_duration":268407209,"prompt_eval_count":1736,"prompt_eval_duration":2103918000,"eval_count":15,"eval_duration":351206000,"thinking_chars":0,"thinking_detected":false,"outcome":"ok"}
{"event":"deep_research_model_call","step":"notes","think":false,"attempt":1,"wall_ms":7794,"load_duration":262106833,"prompt_eval_count":1200,"prompt_eval_duration":1553137000,"eval_count":300,"eval_duration":5967160000,"thinking_chars":0,"thinking_detected":false,"outcome":"ok"}
{"event":"deep_research_model_call","step":"queries","think":false,"attempt":1,"wall_ms":4058,"load_duration":216555500,"prompt_eval_count":751,"prompt_eval_duration":932931000,"eval_count":149,"eval_duration":2895104000,"thinking_chars":0,"thinking_detected":false,"outcome":"ok"}
{"event":"deep_research_model_call","step":"pages","think":false,"attempt":1,"wall_ms":2997,"load_duration":274533417,"prompt_eval_count":1988,"prompt_eval_duration":2366983000,"eval_count":15,"eval_duration":345663000,"thinking_chars":0,"thinking_detected":false,"outcome":"ok"}
{"event":"deep_research_model_call","step":"notes","think":false,"attempt":1,"wall_ms":9767,"load_duration":268895125,"prompt_eval_count":1574,"prompt_eval_duration":1929821000,"eval_count":359,"eval_duration":7553410000,"thinking_chars":0,"thinking_detected":false,"outcome":"ok"}
{"event":"deep_research_model_call","step":"notes","think":false,"attempt":1,"wall_ms":14591,"load_duration":231746791,"prompt_eval_count":2992,"prompt_eval_duration":3613101000,"eval_count":467,"eval_duration":10728785000,"thinking_chars":0,"thinking_detected":false,"outcome":"ok"}
{"event":"deep_research_model_call","step":"notes","think":false,"attempt":1,"wall_ms":8622,"load_duration":219306834,"prompt_eval_count":1922,"prompt_eval_duration":2295017000,"eval_count":286,"eval_duration":6092093000,"thinking_chars":0,"thinking_detected":false,"outcome":"ok"}
{"event":"deep_research_model_call","step":"notes","think":false,"attempt":1,"wall_ms":22173,"load_duration":251026416,"prompt_eval_count":3831,"prompt_eval_duration":4720064000,"eval_count":704,"eval_duration":17182164000,"thinking_chars":0,"thinking_detected":false,"outcome":"ok"}
{"event":"deep_research_model_call","step":"write","think":true,"attempt":1,"wall_ms":60001,"load_duration":null,"prompt_eval_count":null,"prompt_eval_duration":null,"eval_count":null,"eval_duration":null,"thinking_chars":10789,"thinking_detected":false,"outcome":"guard"}
{"event":"deep_research_model_call","step":"write","think":false,"attempt":2,"wall_ms":14651,"load_duration":219150125,"prompt_eval_count":1827,"prompt_eval_duration":88718000,"eval_count":664,"eval_duration":14319026000,"thinking_chars":0,"thinking_detected":false,"outcome":"ok"}
{"event":"deep_research_note_dropped","run":"1dfd519e-5fcc-46fe-82c1-ed65648827eb","n":3,"reason":"quote_not_found","quote":"To run a command component with Wasmtime, execute: ```sh wasmtime run <path-to-wasm-file>```"}
{"event":"deep_research_note_dropped","run":"1dfd519e-5fcc-46fe-82c1-ed65648827eb","n":3,"reason":"quote_not_found","quote":"You can execute components that implement the HTTP proxy world with the `wasmtime serve` subcommand. [The Wasmtime CLI] "}
{"event":"deep_research_note_dropped","run":"1dfd519e-5fcc-46fe-82c1-ed65648827eb","n":5,"reason":"quote_not_found","quote":"- [C/C++ Tooling] - [Building a Component with `wit-bindgen` and `wasm-tools`] - [Running a Component from C/C++ Applica"}
{"event":"deep_research_note_dropped","run":"1dfd519e-5fcc-46fe-82c1-ed65648827eb","n":1,"reason":"quote_not_found","quote":"`type`, `module` and `instance` are added to `core:sort` in anticipation of the [module-linking](https://webassembly.git"}
{"event":"deep_research_note_dropped","run":"1dfd519e-5fcc-46fe-82c1-ed65648827eb","n":6,"reason":"quote_not_found","quote":"Ada is a structured, statically typed, imperative, and object-oriented high-level programming language... [adawebpack] -"}
{"event":"deep_research_note_dropped","run":"1dfd519e-5fcc-46fe-82c1-ed65648827eb","n":6,"reason":"quote_not_found","quote":"Ballerina is an open-source programming language for the cloud... The WebAssembly compiler is implemented for the native"}
{"event":"deep_research_note_dropped","run":"1dfd519e-5fcc-46fe-82c1-ed65648827eb","n":6,"reason":"quote_not_found","quote":"C# is a multi-paradigm programming language... WebAssembly support is achieved through [Blazor]"}
{"event":"deep_research_note_dropped","run":"1dfd519e-5fcc-46fe-82c1-ed65648827eb","n":6,"reason":"quote_not_found","quote":"Forest is a functional programming language that compiles to WebAssembly. The main repo contains the compiler and core s"}
{"event":"deep_research_note_dropped","run":"1dfd519e-5fcc-46fe-82c1-ed65648827eb","n":6,"reason":"quote_not_found","quote":"Java... [TeaVM] - an ahead-of-time translating compiler (transpiler) of Java bytecode, that's capable of emitting JavaSc"}
{"event":"deep_research_note_dropped","run":"1dfd519e-5fcc-46fe-82c1-ed65648827eb","n":6,"reason":"quote_not_found","quote":"JavaScript... [Duktape] - an embeddable Javascript engine... [Javy] - a JavaScript to WebAssembly toolchain... [Boa] - a"}
{"event":"deep_research_note_dropped","run":"1dfd519e-5fcc-46fe-82c1-ed65648827eb","n":6,"reason":"quote_not_found","quote":"Lisp... [Femto Emacs] - translates Low Level Lisp into WebAssembly. [Wisp] - Wisp is a Lisp system for WebAssembly"}
{"event":"deep_research_note_dropped","run":"1dfd519e-5fcc-46fe-82c1-ed65648827eb","n":6,"reason":"quote_not_found","quote":"MoonBit is an end-to-end programming language toolchain for cloud and edge computing using WebAssembly... [Core library]"}
{"event":"deep_research_note_dropped","run":"1dfd519e-5fcc-46fe-82c1-ed65648827eb","n":6,"reason":"quote_not_found","quote":"Nim... [nlvm] - LLVM-based compiler for Nim with a WebAssembly target supported out of the box"}
{"event":"deep_research_run_end","notes_kept":17,"notes_dropped":13,"pages_read":6,"status":"complete","elapsed_ms":217089}
