{"event":"deep_research_model_call","step":"brief","think":false,"attempt":1,"wall_ms":1520,"load_duration":256527042,"prompt_eval_count":158,"prompt_eval_duration":386751000,"eval_count":46,"eval_duration":864973000,"thinking_chars":0,"thinking_detected":false,"outcome":"ok"}
{"event":"deep_research_model_call","step":"plan","think":true,"attempt":1,"wall_ms":30002,"load_duration":null,"prompt_eval_count":null,"prompt_eval_duration":null,"eval_count":null,"eval_duration":null,"thinking_chars":6294,"thinking_detected":false,"outcome":"guard"}
{"event":"deep_research_model_call","step":"plan","think":false,"attempt":2,"wall_ms":2959,"load_duration":222282625,"prompt_eval_count":254,"prompt_eval_duration":76891000,"eval_count":144,"eval_duration":2651476000,"thinking_chars":0,"thinking_detected":false,"outcome":"ok"}
{"event":"deep_research_model_call","step":"queries","think":false,"attempt":1,"wall_ms":3322,"load_duration":216703209,"prompt_eval_count":359,"prompt_eval_duration":572599000,"eval_count":135,"eval_duration":2520284000,"thinking_chars":0,"thinking_detected":false,"outcome":"ok"}
{"event":"deep_research_model_call","step":"pages","think":false,"attempt":1,"wall_ms":5419,"load_duration":266218250,"prompt_eval_count":3635,"prompt_eval_duration":4532291000,"eval_count":23,"eval_duration":607608000,"thinking_chars":0,"thinking_detected":false,"outcome":"ok"}
{"event":"deep_research_model_call","step":"notes","think":false,"attempt":1,"wall_ms":15977,"load_duration":261608209,"prompt_eval_count":3029,"prompt_eval_duration":3664402000,"eval_count":526,"eval_duration":12035151000,"thinking_chars":0,"thinking_detected":false,"outcome":"ok"}
{"event":"deep_research_model_call","step":"queries","think":false,"attempt":1,"wall_ms":3162,"load_duration":218206166,"prompt_eval_count":823,"prompt_eval_duration":1006334000,"eval_count":98,"eval_duration":1922116000,"thinking_chars":0,"thinking_detected":false,"outcome":"ok"}
{"event":"deep_research_model_call","step":"pages","think":false,"attempt":1,"wall_ms":3468,"load_duration":259243750,"prompt_eval_count":2249,"prompt_eval_duration":2770393000,"eval_count":17,"eval_duration":431358000,"thinking_chars":0,"thinking_detected":false,"outcome":"ok"}
{"event":"deep_research_model_call","step":"notes","think":false,"attempt":1,"wall_ms":14106,"load_duration":262304959,"prompt_eval_count":3742,"prompt_eval_duration":4636904000,"eval_count":383,"eval_duration":9192002000,"thinking_chars":0,"thinking_detected":false,"outcome":"ok"}
{"event":"deep_research_model_call","step":"queries","think":false,"attempt":1,"wall_ms":3733,"load_duration":218154417,"prompt_eval_count":1062,"prompt_eval_duration":1386275000,"eval_count":108,"eval_duration":2114241000,"thinking_chars":0,"thinking_detected":false,"outcome":"ok"}
{"event":"deep_research_model_call","step":"pages","think":false,"attempt":1,"wall_ms":3011,"load_duration":268159917,"prompt_eval_count":2069,"prompt_eval_duration":2426439000,"eval_count":14,"eval_duration":307489000,"thinking_chars":0,"thinking_detected":false,"outcome":"ok"}
{"event":"deep_research_model_call","step":"notes","think":false,"attempt":1,"wall_ms":9786,"load_duration":258016625,"prompt_eval_count":3065,"prompt_eval_duration":3662348000,"eval_count":256,"eval_duration":5843749000,"thinking_chars":0,"thinking_detected":false,"outcome":"ok"}
{"event":"deep_research_model_call","step":"notes","think":false,"attempt":1,"wall_ms":13971,"load_duration":220580375,"prompt_eval_count":2609,"prompt_eval_duration":3171314000,"eval_count":469,"eval_duration":10561826000,"thinking_chars":0,"thinking_detected":false,"outcome":"ok"}
{"event":"deep_research_model_call","step":"notes","think":false,"attempt":1,"wall_ms":10909,"load_duration":237944250,"prompt_eval_count":3832,"prompt_eval_duration":4711058000,"eval_count":247,"eval_duration":5940296000,"thinking_chars":0,"thinking_detected":false,"outcome":"ok"}
{"event":"deep_research_model_call","step":"write","think":true,"attempt":1,"wall_ms":60002,"load_duration":null,"prompt_eval_count":null,"prompt_eval_duration":null,"eval_count":null,"eval_duration":null,"thinking_chars":10465,"thinking_detected":false,"outcome":"guard"}
{"event":"deep_research_model_call","step":"write","think":false,"attempt":2,"wall_ms":8366,"load_duration":217171709,"prompt_eval_count":1907,"prompt_eval_duration":95954000,"eval_count":379,"eval_duration":8030903000,"thinking_chars":0,"thinking_detected":false,"outcome":"ok"}
{"event":"deep_research_note_dropped","run":"482abfb6-015c-41f5-aeb5-08fbfcf9a843","n":3,"reason":"quote_not_found","quote":"A contract review is free. What do businesses pay per kWh? Business rates are unregulated and depend on contract date, v"}
{"event":"deep_research_note_dropped","run":"482abfb6-015c-41f5-aeb5-08fbfcf9a843","n":5,"reason":"quote_not_found","quote":"A gas boiler can bring a cold house to a comfortable temperature within 30 to 45 minutes."}
{"event":"deep_research_note_dropped","run":"482abfb6-015c-41f5-aeb5-08fbfcf9a843","n":5,"reason":"quote_not_found","quote":"Hybrid systems... the gas boiler handles peak demand on the coldest days when heat pump efficiency is lowest and the dem"}
{"event":"deep_research_note_dropped","run":"482abfb6-015c-41f5-aeb5-08fbfcf9a843","n":1,"reason":"quote_not_found","quote":"Bigger job — adds or removes a hot-water cylinder. 2-day install... £3,500–£5,500"}
{"event":"deep_research_note_dropped","run":"482abfb6-015c-41f5-aeb5-08fbfcf9a843","n":4,"reason":"quote_not_found","quote":"For gas, the national average price is 7.33p per kWh... From October... The gas rate will rise to 7.97p per kWh"}
{"event":"deep_research_run_end","notes_kept":18,"notes_dropped":5,"pages_read":5,"status":"complete","elapsed_ms":211644}
