{
  "stream_file": "../.harness/evidence/M24-T3-q2-stream.txt",
  "note": "check-only: total_wall_s taken from done.research.elapsed_ms (0 when absent)",
  "budget_s": 480,
  "total_wall_s": 199.556,
  "planning_s": 10.411,
  "research_phase_calls": 12,
  "routine_calls": 13,
  "routine_p50_s": 4.131,
  "routine_p95_s": 13.59,
  "fr41_lines": 16,
  "distinct_pages_read": 6,
  "notes_kept": 12,
  "notes_dropped": 13,
  "drop_reasons": {
    "quote_not_found": 13
  },
  "note_drop_lines": 13,
  "final_status": "complete",
  "cited_read_pages": 3,
  "unresolved_citations": [],
  "checks": {
    "status_ok": {
      "ok": true,
      "value": "complete"
    },
    "within_budget": {
      "ok": true,
      "value": {
        "total_wall_s": 199.556,
        "limit_s": 540
      }
    },
    "cited_read_pages_ok": {
      "ok": true,
      "value": 3
    },
    "no_unresolved_citations": {
      "ok": true,
      "value": []
    }
  },
  "pass": true,
  "sources_check": {
    "sources_checked": 6,
    "unreadable_sources": [],
    "unchecked_sources": [],
    "ok": true
  },
  "ac37_pass": true
}
