=== ww2: --check-only --sources-text (reviewer cycle 1) ===
{
  "stream_file": "../.harness/evidence/M24-T3-ww2-stream.txt",
  "note": "check-only: total_wall_s taken from done.research.elapsed_ms (0 when absent)",
  "budget_s": 480,
  "total_wall_s": 196.525,
  "planning_s": 31.871,
  "research_phase_calls": 12,
  "routine_calls": 13,
  "routine_p50_s": 2.893,
  "routine_p95_s": 14.155,
  "fr41_lines": 17,
  "distinct_pages_read": 6,
  "notes_kept": 14,
  "notes_dropped": 8,
  "drop_reasons": {
    "quote_not_found": 8
  },
  "note_drop_lines": 8,
  "final_status": "complete",
  "cited_read_pages": 4,
  "unresolved_citations": [],
  "checks": {
    "status_ok": {
      "ok": true,
      "value": "complete"
    },
    "within_budget": {
      "ok": true,
      "value": {
        "total_wall_s": 196.525,
        "limit_s": 540
      }
    },
    "cited_read_pages_ok": {
      "ok": true,
      "value": 4
    },
    "no_unresolved_citations": {
      "ok": true,
      "value": []
    }
  },
  "pass": true,
  "sources_check": {
    "sources_checked": 6,
    "unreadable_sources": [],
    "unchecked_sources": [],
    "ok": true
  },
  "ac37_pass": true
}
=== q1: --check-only --sources-text (reviewer cycle 1) ===
{
  "stream_file": "../.harness/evidence/M24-T3-q1-stream.txt",
  "note": "check-only: total_wall_s taken from done.research.elapsed_ms (0 when absent)",
  "budget_s": 480,
  "total_wall_s": 216.389,
  "planning_s": 33.691,
  "research_phase_calls": 11,
  "routine_calls": 12,
  "routine_p50_s": 2.425,
  "routine_p95_s": 12.807,
  "fr41_lines": 16,
  "distinct_pages_read": 5,
  "notes_kept": 19,
  "notes_dropped": 8,
  "drop_reasons": {
    "quote_not_found": 8
  },
  "note_drop_lines": 8,
  "final_status": "complete",
  "cited_read_pages": 5,
  "unresolved_citations": [],
  "checks": {
    "status_ok": {
      "ok": true,
      "value": "complete"
    },
    "within_budget": {
      "ok": true,
      "value": {
        "total_wall_s": 216.389,
        "limit_s": 540
      }
    },
    "cited_read_pages_ok": {
      "ok": true,
      "value": 5
    },
    "no_unresolved_citations": {
      "ok": true,
      "value": []
    }
  },
  "pass": true,
  "sources_check": {
    "sources_checked": 5,
    "unreadable_sources": [],
    "unchecked_sources": [],
    "ok": true
  },
  "ac37_pass": true
}
=== q2: --check-only --sources-text (reviewer cycle 1) ===
{
  "stream_file": "../.harness/evidence/M24-T3-q2-stream.txt",
  "note": "check-only: total_wall_s taken from done.research.elapsed_ms (0 when absent)",
  "budget_s": 480,
  "total_wall_s": 199.556,
  "planning_s": 10.411,
  "research_phase_calls": 12,
  "routine_calls": 13,
  "routine_p50_s": 4.131,
  "routine_p95_s": 13.59,
  "fr41_lines": 16,
  "distinct_pages_read": 6,
  "notes_kept": 12,
  "notes_dropped": 13,
  "drop_reasons": {
    "quote_not_found": 13
  },
  "note_drop_lines": 13,
  "final_status": "complete",
  "cited_read_pages": 3,
  "unresolved_citations": [],
  "checks": {
    "status_ok": {
      "ok": true,
      "value": "complete"
    },
    "within_budget": {
      "ok": true,
      "value": {
        "total_wall_s": 199.556,
        "limit_s": 540
      }
    },
    "cited_read_pages_ok": {
      "ok": true,
      "value": 3
    },
    "no_unresolved_citations": {
      "ok": true,
      "value": []
    }
  },
  "pass": true,
  "sources_check": {
    "sources_checked": 6,
    "unreadable_sources": [],
    "unchecked_sources": [],
    "ok": true
  },
  "ac37_pass": true
}
=== q3: --check-only --sources-text (reviewer cycle 1) ===
{
  "stream_file": "../.harness/evidence/M24-T3-q3-stream.txt",
  "note": "check-only: total_wall_s taken from done.research.elapsed_ms (0 when absent)",
  "budget_s": 480,
  "total_wall_s": 217.089,
  "planning_s": 32.151,
  "research_phase_calls": 12,
  "routine_calls": 13,
  "routine_p50_s": 4.066,
  "routine_p95_s": 22.173,
  "fr41_lines": 17,
  "distinct_pages_read": 6,
  "notes_kept": 17,
  "notes_dropped": 13,
  "drop_reasons": {
    "quote_not_found": 13
  },
  "note_drop_lines": 13,
  "final_status": "complete",
  "cited_read_pages": 5,
  "unresolved_citations": [],
  "checks": {
    "status_ok": {
      "ok": true,
      "value": "complete"
    },
    "within_budget": {
      "ok": true,
      "value": {
        "total_wall_s": 217.089,
        "limit_s": 540
      }
    },
    "cited_read_pages_ok": {
      "ok": true,
      "value": 5
    },
    "no_unresolved_citations": {
      "ok": true,
      "value": []
    }
  },
  "pass": true,
  "sources_check": {
    "sources_checked": 6,
    "unreadable_sources": [],
    "unchecked_sources": [],
    "ok": true
  },
  "ac37_pass": true
}
=== heat: --check-only --sources-text (reviewer cycle 1) ===
{
  "stream_file": "../.harness/evidence/M24-T3-heat-stream.txt",
  "note": "check-only: total_wall_s taken from done.research.elapsed_ms (0 when absent)",
  "budget_s": 480,
  "total_wall_s": 211.644,
  "planning_s": 32.961,
  "research_phase_calls": 11,
  "routine_calls": 12,
  "routine_p50_s": 3.733,
  "routine_p95_s": 15.977,
  "fr41_lines": 16,
  "distinct_pages_read": 5,
  "notes_kept": 18,
  "notes_dropped": 5,
  "drop_reasons": {
    "quote_not_found": 5
  },
  "note_drop_lines": 5,
  "final_status": "complete",
  "cited_read_pages": 4,
  "unresolved_citations": [],
  "checks": {
    "status_ok": {
      "ok": true,
      "value": "complete"
    },
    "within_budget": {
      "ok": true,
      "value": {
        "total_wall_s": 211.644,
        "limit_s": 540
      }
    },
    "cited_read_pages_ok": {
      "ok": true,
      "value": 4
    },
    "no_unresolved_citations": {
      "ok": true,
      "value": []
    }
  },
  "pass": true,
  "sources_check": {
    "sources_checked": 5,
    "unreadable_sources": [],
    "unchecked_sources": [],
    "ok": true
  },
  "ac37_pass": true
}
