{"event":"deep_research_model_call","step":"brief","think":false,"attempt":1,"wall_ms":1675,"load_duration":262070875,"prompt_eval_count":144,"prompt_eval_duration":372066000,"eval_count":55,"eval_duration":1027739000,"thinking_chars":0,"thinking_detected":false,"outcome":"ok"}
{"event":"deep_research_model_call","step":"plan","think":true,"attempt":1,"wall_ms":30002,"load_duration":null,"prompt_eval_count":null,"prompt_eval_duration":null,"eval_count":null,"eval_duration":null,"thinking_chars":6493,"thinking_detected":false,"outcome":"guard"}
{"event":"deep_research_model_call","step":"plan","think":false,"attempt":2,"wall_ms":3689,"load_duration":238058917,"prompt_eval_count":249,"prompt_eval_duration":68965000,"eval_count":109,"eval_duration":2003060000,"thinking_chars":0,"thinking_detected":false,"outcome":"ok"}
{"event":"deep_research_model_call","step":"queries","think":false,"attempt":1,"wall_ms":2326,"load_duration":217623709,"prompt_eval_count":322,"prompt_eval_duration":528123000,"eval_count":85,"eval_duration":1569107000,"thinking_chars":0,"thinking_detected":false,"outcome":"ok"}
{"event":"deep_research_model_call","step":"pages","think":false,"attempt":1,"wall_ms":2141,"load_duration":264486458,"prompt_eval_count":1194,"prompt_eval_duration":1552980000,"eval_count":15,"eval_duration":315029000,"thinking_chars":0,"thinking_detected":false,"outcome":"ok"}
{"event":"deep_research_model_call","step":"notes","think":false,"attempt":1,"wall_ms":11764,"load_duration":259600000,"prompt_eval_count":2570,"prompt_eval_duration":3155203000,"eval_count":372,"eval_duration":8332196000,"thinking_chars":0,"thinking_detected":false,"outcome":"ok"}
{"event":"deep_research_model_call","step":"queries","think":false,"attempt":1,"wall_ms":2425,"load_duration":218157084,"prompt_eval_count":367,"prompt_eval_duration":574130000,"eval_count":88,"eval_duration":1619425000,"thinking_chars":0,"thinking_detected":false,"outcome":"ok"}
{"event":"deep_research_model_call","step":"pages","think":false,"attempt":1,"wall_ms":1897,"load_duration":269687042,"prompt_eval_count":962,"prompt_eval_duration":1136286000,"eval_count":22,"eval_duration":482645000,"thinking_chars":0,"thinking_detected":false,"outcome":"ok"}
{"event":"deep_research_model_call","step":"notes","think":false,"attempt":1,"wall_ms":9039,"load_duration":266047917,"prompt_eval_count":1313,"prompt_eval_duration":1683025000,"eval_count":348,"eval_duration":7076026000,"thinking_chars":0,"thinking_detected":false,"outcome":"ok"}
{"event":"deep_research_model_call","step":"queries","think":false,"attempt":1,"wall_ms":2957,"load_duration":219788959,"prompt_eval_count":660,"prompt_eval_duration":847214000,"eval_count":99,"eval_duration":1877179000,"thinking_chars":0,"thinking_detected":false,"outcome":"ok"}
{"event":"deep_research_model_call","step":"pages","think":false,"attempt":1,"wall_ms":2017,"load_duration":265868416,"prompt_eval_count":1078,"prompt_eval_duration":1407353000,"eval_count":15,"eval_duration":333908000,"thinking_chars":0,"thinking_detected":false,"outcome":"ok"}
{"event":"deep_research_model_call","step":"notes","think":false,"attempt":1,"wall_ms":11787,"load_duration":259877833,"prompt_eval_count":2717,"prompt_eval_duration":3274045000,"eval_count":362,"eval_duration":8235232000,"thinking_chars":0,"thinking_detected":false,"outcome":"ok"}
{"event":"deep_research_model_call","step":"notes","think":false,"attempt":1,"wall_ms":12394,"load_duration":257193958,"prompt_eval_count":3051,"prompt_eval_duration":3621639000,"eval_count":371,"eval_duration":8494558999,"thinking_chars":0,"thinking_detected":false,"outcome":"ok"}
{"event":"deep_research_model_call","step":"notes","think":false,"attempt":1,"wall_ms":12807,"load_duration":220189833,"prompt_eval_count":2581,"prompt_eval_duration":3096107000,"eval_count":422,"eval_duration":9470715000,"thinking_chars":0,"thinking_detected":false,"outcome":"ok"}
{"event":"deep_research_model_call","step":"write","think":true,"attempt":1,"wall_ms":60001,"load_duration":null,"prompt_eval_count":null,"prompt_eval_duration":null,"eval_count":null,"eval_duration":null,"thinking_chars":11737,"thinking_detected":false,"outcome":"guard"}
{"event":"deep_research_model_call","step":"write","think":false,"attempt":2,"wall_ms":13738,"load_duration":216623167,"prompt_eval_count":1673,"prompt_eval_duration":89895000,"eval_count":628,"eval_duration":13414280000,"thinking_chars":0,"thinking_detected":false,"outcome":"ok"}
{"event":"deep_research_note_dropped","run":"af0d2484-3ca5-47ce-b650-e9a0f7328e64","n":1,"reason":"quote_not_found","quote":"Leader election: Implicit — highest proposal number wins (Multi-Paxos) vs Explicit — term number + RequestVote RPC (Raft"}
{"event":"deep_research_note_dropped","run":"af0d2484-3ca5-47ce-b650-e9a0f7328e64","n":1,"reason":"quote_not_found","quote":"Log structure: Allows gaps; slots can be undecided (Multi-Paxos) vs Strict prefix — no gaps, no uncommitted slots (Raft)"}
{"event":"deep_research_note_dropped","run":"af0d2484-3ca5-47ce-b650-e9a0f7328e64","n":1,"reason":"quote_not_found","quote":"Safety: follower rejects if its log doesn't have PrevLogIndex entry (Raft) vs Paxos requires but doesn't specify how to "}
{"event":"deep_research_note_dropped","run":"af0d2484-3ca5-47ce-b650-e9a0f7328e64","n":1,"reason":"quote_not_found","quote":"Log commitment: Once a majority acks a value, it's committed (Paxos) vs Once a majority acks, commit; also commit all pr"}
{"event":"deep_research_note_dropped","run":"af0d2484-3ca5-47ce-b650-e9a0f7328e64","n":4,"reason":"quote_not_found","quote":"Treating it [Multi-Paxos] as copy-paste code is how subtle bugs get in."}
{"event":"deep_research_note_dropped","run":"af0d2484-3ca5-47ce-b650-e9a0f7328e64","n":5,"reason":"quote_not_found","quote":"etcd: A distributed key-value store used primarily for configuration management... etcd uses Raft to ensure that configu"}
{"event":"deep_research_note_dropped","run":"af0d2484-3ca5-47ce-b650-e9a0f7328e64","n":5,"reason":"quote_not_found","quote":"Consul: A tool for service discovery and configuration that relies on Raft for maintaining the state of service registra"}
{"event":"deep_research_note_dropped","run":"af0d2484-3ca5-47ce-b650-e9a0f7328e64","n":5,"reason":"quote_not_found","quote":"HashiCorp Vault: A secrets management system that utilizes Raft for maintaining the integrity and consistency of stored "}
{"event":"deep_research_run_end","notes_kept":19,"notes_dropped":8,"pages_read":5,"status":"complete","elapsed_ms":216389}
