{"event":"deep_research_model_call","step":"brief","think":false,"attempt":1,"wall_ms":1613,"load_duration":254320250,"prompt_eval_count":152,"prompt_eval_duration":390686000,"eval_count":51,"eval_duration":956291000,"thinking_chars":0,"thinking_detected":false,"outcome":"ok"}
{"event":"deep_research_model_call","step":"plan","think":true,"attempt":1,"wall_ms":10411,"load_duration":224266334,"prompt_eval_count":630,"prompt_eval_duration":597158000,"eval_count":105,"eval_duration":1960124000,"thinking_chars":1789,"thinking_detected":false,"outcome":"ok"}
{"event":"deep_research_model_call","step":"queries","think":false,"attempt":1,"wall_ms":3253,"load_duration":217548125,"prompt_eval_count":317,"prompt_eval_duration":530413000,"eval_count":134,"eval_duration":2494918000,"thinking_chars":0,"thinking_detected":false,"outcome":"ok"}
{"event":"deep_research_model_call","step":"pages","think":false,"attempt":1,"wall_ms":2995,"load_duration":269636708,"prompt_eval_count":1808,"prompt_eval_duration":2178503000,"eval_count":23,"eval_duration":538266000,"thinking_chars":0,"thinking_detected":false,"outcome":"ok"}
{"event":"deep_research_model_call","step":"notes","think":false,"attempt":1,"wall_ms":13132,"load_duration":265036959,"prompt_eval_count":3415,"prompt_eval_duration":4268439999,"eval_count":366,"eval_duration":8583003000,"thinking_chars":0,"thinking_detected":false,"outcome":"ok"}
{"event":"deep_research_model_call","step":"queries","think":false,"attempt":1,"wall_ms":3416,"load_duration":216807333,"prompt_eval_count":615,"prompt_eval_duration":813495000,"eval_count":126,"eval_duration":2373957000,"thinking_chars":0,"thinking_detected":false,"outcome":"ok"}
{"event":"deep_research_model_call","step":"pages","think":false,"attempt":1,"wall_ms":2669,"load_duration":272436875,"prompt_eval_count":1636,"prompt_eval_duration":2018464000,"eval_count":16,"eval_duration":370961000,"thinking_chars":0,"thinking_detected":false,"outcome":"ok"}
{"event":"deep_research_model_call","step":"notes","think":false,"attempt":1,"wall_ms":13590,"load_duration":260512833,"prompt_eval_count":3424,"prompt_eval_duration":4291310999,"eval_count":384,"eval_duration":9018010000,"thinking_chars":0,"thinking_detected":false,"outcome":"ok"}
{"event":"deep_research_model_call","step":"queries","think":false,"attempt":1,"wall_ms":4131,"load_duration":215984666,"prompt_eval_count":946,"prompt_eval_duration":1135230000,"eval_count":140,"eval_duration":2765156000,"thinking_chars":0,"thinking_detected":false,"outcome":"ok"}
{"event":"deep_research_model_call","step":"pages","think":false,"attempt":1,"wall_ms":2772,"load_duration":264142000,"prompt_eval_count":1735,"prompt_eval_duration":2120949999,"eval_count":16,"eval_duration":378019000,"thinking_chars":0,"thinking_detected":false,"outcome":"ok"}
{"event":"deep_research_model_call","step":"notes","think":false,"attempt":1,"wall_ms":11246,"load_duration":259699666,"prompt_eval_count":2626,"prompt_eval_duration":3220264000,"eval_count":344,"eval_duration":7746481000,"thinking_chars":0,"thinking_detected":false,"outcome":"ok"}
{"event":"deep_research_model_call","step":"notes","think":false,"attempt":1,"wall_ms":8071,"load_duration":219627750,"prompt_eval_count":2761,"prompt_eval_duration":3372490000,"eval_count":197,"eval_duration":4462953000,"thinking_chars":0,"thinking_detected":false,"outcome":"ok"}
{"event":"deep_research_model_call","step":"notes","think":false,"attempt":1,"wall_ms":10336,"load_duration":217450041,"prompt_eval_count":1604,"prompt_eval_duration":1985999000,"eval_count":384,"eval_duration":8119462000,"thinking_chars":0,"thinking_detected":false,"outcome":"ok"}
{"event":"deep_research_model_call","step":"notes","think":false,"attempt":1,"wall_ms":11638,"load_duration":227301708,"prompt_eval_count":3167,"prompt_eval_duration":3956958000,"eval_count":324,"eval_duration":7434930000,"thinking_chars":0,"thinking_detected":false,"outcome":"ok"}
{"event":"deep_research_model_call","step":"write","think":true,"attempt":1,"wall_ms":60001,"load_duration":null,"prompt_eval_count":null,"prompt_eval_duration":null,"eval_count":null,"eval_duration":null,"thinking_chars":10557,"thinking_detected":false,"outcome":"guard"}
{"event":"deep_research_model_call","step":"write","think":false,"attempt":2,"wall_ms":21443,"load_duration":217777917,"prompt_eval_count":1442,"prompt_eval_duration":87245000,"eval_count":994,"eval_duration":21116871000,"thinking_chars":0,"thinking_detected":false,"outcome":"ok"}
{"event":"deep_research_note_dropped","run":"df6d81e6-f6be-4278-8a3e-29d17472016f","n":5,"reason":"quote_not_found","quote":"NMC batteries experience significant performance degradation at low temperatures, with discharge capacity potentially de"}
{"event":"deep_research_note_dropped","run":"df6d81e6-f6be-4278-8a3e-29d17472016f","n":2,"reason":"quote_not_found","quote":"Home batteries cost roughly $700–$1,300 per kWh installed in 2026"}
{"event":"deep_research_note_dropped","run":"df6d81e6-f6be-4278-8a3e-29d17472016f","n":2,"reason":"quote_not_found","quote":"As of 2026, all major residential batteries use LFP chemistry"}
{"event":"deep_research_note_dropped","run":"df6d81e6-f6be-4278-8a3e-29d17472016f","n":2,"reason":"quote_not_found","quote":"The Tesla Powerwall 3 at ~$1,018/kWh installed is roughly 10% below the marketplace average"}
{"event":"deep_research_note_dropped","run":"df6d81e6-f6be-4278-8a3e-29d17472016f","n":3,"reason":"quote_not_found","quote":"Chemistry rule **Lifetime usable kWh = usable capacity x cycle life** LFP usually wins residential storage because cycle"}
{"event":"deep_research_note_dropped","run":"df6d81e6-f6be-4278-8a3e-29d17472016f","n":3,"reason":"quote_not_found","quote":"Coût à vie de 0,13 $/kWh contre 0,29 $/kWh pour NMC; 6 000 à 8 500 cycles contre 3 000 à 4 000"}
{"event":"deep_research_note_dropped","run":"df6d81e6-f6be-4278-8a3e-29d17472016f","n":3,"reason":"quote_not_found","quote":"Le LFP maintient sa capacité de manière fiable jusqu’à 45 °C + température ambiante et survit aux excursions de températ"}
{"event":"deep_research_note_dropped","run":"df6d81e6-f6be-4278-8a3e-29d17472016f","n":3,"reason":"quote_not_found","quote":"Le NMC se dégrade sensiblement plus rapidement au-dessus de 35°C ambiant... l’exposition à la garantie NMC devient un ré"}
{"event":"deep_research_note_dropped","run":"df6d81e6-f6be-4278-8a3e-29d17472016f","n":6,"reason":"quote_not_found","quote":"LFP batteries maintain capacity reliability and resist permanent damage from high temperatures up to 55°C, unlike NMC wh"}
{"event":"deep_research_note_dropped","run":"df6d81e6-f6be-4278-8a3e-29d17472016f","n":6,"reason":"quote_not_found","quote":"NMC batteries suffer from significantly faster degradation rates when ambient temperatures exceed 35°C, leading to warra"}
{"event":"deep_research_note_dropped","run":"df6d81e6-f6be-4278-8a3e-29d17472016f","n":6,"reason":"quote_not_found","quote":"The fundamental cause of NMC cold-weather failure is the exponential slowing of ion diffusion and increased internal res"}
{"event":"deep_research_note_dropped","run":"df6d81e6-f6be-4278-8a3e-29d17472016f","n":6,"reason":"quote_not_found","quote":"Conventional carbonate-based electrolytes experience increased viscosity and reduced ionic conductivity, with conductivi"}
{"event":"deep_research_note_dropped","run":"df6d81e6-f6be-4278-8a3e-29d17472016f","n":6,"reason":"quote_not_found","quote":"Operating NMC batteries in cold conditions without mitigation leads to specific degradation mechanisms like lithium plat"}
{"event":"deep_research_run_end","notes_kept":12,"notes_dropped":13,"pages_read":6,"status":"complete","elapsed_ms":199556}
