{
  "stream_file": "../.harness/evidence/M24-T3-heat-stream.txt",
  "note": "check-only: total_wall_s taken from done.research.elapsed_ms (0 when absent)",
  "budget_s": 480,
  "total_wall_s": 211.644,
  "planning_s": 32.961,
  "research_phase_calls": 11,
  "routine_calls": 12,
  "routine_p50_s": 3.733,
  "routine_p95_s": 15.977,
  "fr41_lines": 16,
  "distinct_pages_read": 5,
  "notes_kept": 18,
  "notes_dropped": 5,
  "drop_reasons": {
    "quote_not_found": 5
  },
  "note_drop_lines": 5,
  "final_status": "complete",
  "cited_read_pages": 4,
  "unresolved_citations": [],
  "checks": {
    "status_ok": {
      "ok": true,
      "value": "complete"
    },
    "within_budget": {
      "ok": true,
      "value": {
        "total_wall_s": 211.644,
        "limit_s": 540
      }
    },
    "cited_read_pages_ok": {
      "ok": true,
      "value": 4
    },
    "no_unresolved_citations": {
      "ok": true,
      "value": []
    }
  },
  "pass": true,
  "sources_check": {
    "sources_checked": 5,
    "unreadable_sources": [],
    "unchecked_sources": [],
    "ok": true
  },
  "ac37_pass": true
}
exit=0
