=== EXECUTION LOG ===
Task: M24-T3 (heat) - Run AC29 live question through server API
Question ID: heat
Run Command: cd /Users/ryankenny/Projects/CodingHarnessv2/server && bun run scripts/ac29-live-run.ts --id heat --out-dir ../.harness/evidence --prefix M24-T3

=== PRECONDITION CHECK ===
pgrep -fl ac29-live-run: No processes found (clean start)

=== RUN EXECUTION ===
Exit code: 0
Run started_at: 2026-10-05T09:33:34.404Z
Run ended_at: 2026-10-05T09:37:06.053Z
Run duration: 211.649 seconds

=== RESULT JSON (verbatim) ===
{
  "generation_id": "482abfb6-015c-41f5-aeb5-08fbfcf9a843",
  "final_status": "complete",
  "total_wall_s": 211.649,
  "budget_s": 480,
  "distinct_pages_read": 5,
  "cited_read_pages": 4,
  "unresolved_citations": [],
  "notes_kept": 18,
  "notes_dropped": 5,
  "drop_reasons": {
    "quote_not_found": 5
  },
  "sources_check": {
    "sources_checked": 5,
    "unreadable_sources": [],
    "unchecked_sources": [],
    "ok": true
  },
  "pass": true,
  "ac37_pass": true
}

=== FILES GENERATED ===
M24-T3-heat-stream.txt (14K) - Research stream output
M24-T3-heat-fr41.log (5.6K) - Model calls and note-drop lines
M24-T3-heat-sources-text.json (68K) - Source text re-reads
M24-T3-heat-result.json (1.4K) - Result JSON
M24-T3-heat-run.log (1.4K) - Run log

=== VERIFICATION CHECK ===
Command: bun run scripts/ac29-live-run.ts --check-only ../.harness/evidence/M24-T3-heat-stream.txt --log ../.harness/evidence/M24-T3-heat-fr41.log --sources-text ../.harness/evidence/M24-T3-heat-sources-text.json
Exit code: 0
Verification passed: All pass-bar values, notes_kept, notes_dropped, drop_reasons, and sources_check reproduced successfully

=== ACCEPTANCE CRITERIA STATUS ===
M24-AC2: PASS
- Live run completed with status "complete" (within budget 480s + margin: 211.649s)
- Distinct read pages: 5 (>= 3 required)
- Cited read pages: 4
- Unresolved citations: 0 (no failures to resolve)
- Script exit code: 0

M24-AC3: PASS
- No unreadable sources found (unreadable_sources: [])
- No unchecked sources (unchecked_sources: [])
- Notes kept: 18
- Notes dropped: 5
- Drop reasons recorded: {"quote_not_found": 5}

