=== $ bun test ===
bun test v1.4.0 (1381054db)

 48 pass
 0 fail
 162 expect() calls
Ran 48 tests across 4 files. [287.00ms]
EXIT:0

=== $ bun run typecheck ===
$ tsc --noEmit
EXIT:0

=== $ bash scripts/entry-smoke.sh ===
Entry smoke: starting server on 127.0.0.1:63725
PASS: server started and is listening on http://127.0.0.1:63725
PASS: listens on 127.0.0.1 only (127.0.0.1:63725)
PASS: no token -> 401
PASS: wrong token -> 401
PASS: correct token -> 200 (not 401)
PASS: 0644 token file -> exits non-zero (1)
PASS: missing token file -> exits non-zero (1)
Entry smoke: all checks passed
EXIT:0
