Command: cd /Users/ryankenny/Projects/CodingHarnessv2/mobile && bun run typecheck && bun test src/api src/ui src/chat src/app-routing && bun run lint && bun run smoke:runtime
Exit Status: 0

Typecheck Output:
$ tsc --noEmit
(no output - success)

Tests Output:
bun test v1.4.0 (1381054db)

 60 pass
 0 fail
 151 expect() calls
Ran 60 tests across 11 files. [51.00ms]

Lint Output:
$ eslint src --max-warnings 0
(no output - success)

Runtime Smoke Test Output:
$ scripts/runtime-smoke.sh
=== token present ===
bundle: /var/folders/xt/1dk4f7_93nz9dsz8f771nlyr0000gn/T//runtime-smoke.uy24OW/dist/_expo/static/js/ios/expo-router-4b06e5febb03e15d1dfc39c4c9a17f28.js
stored token: present; expected first screen: Chat
rendered text: ["Chat","Models","Settings","Send"]
native stack headers: [{"title":"Chat","hidden":true}]
non-fatal (logged only): [ReactNative Architecture][JS] 'getViewManagerConfig('RNCMaskedView')' is not available in the new React Native architecture. If 'RNCMaskedView' has a ViewManag
console.error: [ReactNative Architecture][JS] 'getViewManagerConfig('RNCMaskedView')' is not available in the new React Native architecture. If 'RNCMaskedView' has a ViewManag
root commits: 4
RESULT: PASS (app launched, Chat rendered, no JS exception)
=== token absent ===
bundle: /var/folders/xt/1dk4f7_93nz9dsz8f771nlyr0000gn/T//runtime-smoke.uy24OW/dist/_expo/static/js/ios/expo-router-4b06e5febb03e15d1dfc39c4c9a17f28.js
stored token: absent; expected first screen: Setup
rendered text: ["Enter Bearer Token","Paste the token from your server","Continue"]
native stack headers: [{"title":"Setup","hidden":false}]
drive Setup -> Chat: {"ok":true,"chatMounted":true,"backOnSetup":false,"singleTopBar":true,"rendered_text":["Chat","Models","Settings","Send"],"native_stack_headers":[{"title":"Chat","hidden":true}]}
non-fatal (logged only): [ReactNative Architecture][JS] 'getViewManagerConfig('RNCMaskedView')' is not available in the new React Native architecture. If 'RNCMaskedView' has a ViewManag
console.error: [ReactNative Architecture][JS] 'getViewManagerConfig('RNCMaskedView')' is not available in the new React Native architecture. If 'RNCMaskedView' has a ViewManag
root commits: 8
RESULT: PASS (app launched, Setup rendered, no JS exception, Setup -> Chat drive reached Chat with one top bar)
=== token wrong ===
bundle: /var/folders/xt/1dk4f7_93nz9dsz8f771nlyr0000gn/T//runtime-smoke.uy24OW/dist/_expo/static/js/ios/expo-router-4b06e5febb03e15d1dfc39c4c9a17f28.js
stored token: wrong; expected first screen: Chat
rendered text: ["Chat","Models","Settings","Send"]
native stack headers: [{"title":"Chat","hidden":true}]
drive Chat 401 -> Settings: {"ok":true,"wrongAlertShown":true,"errorAlertShown":false,"settingsMounted":true,"alerts":[{"title":"Password wrong or changed","message":"The password on this phone no longer matches the Mac. Paste the current one from the Mac (pbcopy < ~/.phone-models/token)."}],"rendered_text":["Chat","Models","Settings","hello","Send","Bearer Token","Cancel","Save","Logout"]}
non-fatal (logged only): [ReactNative Architecture][JS] 'getViewManagerConfig('RNCMaskedView')' is not available in the new React Native architecture. If 'RNCMaskedView' has a ViewManag
console.error: [ReactNative Architecture][JS] 'getViewManagerConfig('RNCMaskedView')' is not available in the new React Native architecture. If 'RNCMaskedView' has a ViewManag
root commits: 8
RESULT: PASS (app launched, Chat rendered, no JS exception, Chat 401 drive reached Settings with the token form open)

Overall Result: PASS
