=== git rev-parse HEAD ===
68d939b90e96c8f3e3bda5325b73131e0b7a327d
=== bun run typecheck ===
$ tsc --noEmit
exit: 0
=== bun test src/api src/ui src/chat src/app-routing ===
bun test v1.4.0 (1381054db)

 60 pass
 0 fail
 151 expect() calls
Ran 60 tests across 11 files. [37.00ms]
exit: 0
=== bun run lint ===
$ eslint src --max-warnings 0
exit: 0
=== bun run smoke:runtime ===
$ scripts/runtime-smoke.sh
=== token present ===
bundle: /var/folders/xt/1dk4f7_93nz9dsz8f771nlyr0000gn/T//runtime-smoke.yH7HSP/dist/_expo/static/js/ios/expo-router-4b06e5febb03e15d1dfc39c4c9a17f28.js
stored token: present; expected first screen: Chat
rendered text: ["Chat","Models","Settings","Send"]
native stack headers: [{"title":"Chat","hidden":true}]
non-fatal (logged only): [ReactNative Architecture][JS] 'getViewManagerConfig('RNCMaskedView')' is not available in the new React Native architecture. If 'RNCMaskedView' has a ViewManag
console.error: [ReactNative Architecture][JS] 'getViewManagerConfig('RNCMaskedView')' is not available in the new React Native architecture. If 'RNCMaskedView' has a ViewManag
root commits: 4
RESULT: PASS (app launched, Chat rendered, no JS exception)
=== token absent ===
bundle: /var/folders/xt/1dk4f7_93nz9dsz8f771nlyr0000gn/T//runtime-smoke.yH7HSP/dist/_expo/static/js/ios/expo-router-4b06e5febb03e15d1dfc39c4c9a17f28.js
stored token: absent; expected first screen: Setup
rendered text: ["Enter Bearer Token","Paste the token from your server","Continue"]
native stack headers: [{"title":"Setup","hidden":false}]
drive Setup -> Chat: {"ok":true,"chatMounted":true,"backOnSetup":false,"singleTopBar":true,"rendered_text":["Chat","Models","Settings","Send"],"native_stack_headers":[{"title":"Chat","hidden":true}]}
non-fatal (logged only): [ReactNative Architecture][JS] 'getViewManagerConfig('RNCMaskedView')' is not available in the new React Native architecture. If 'RNCMaskedView' has a ViewManag
console.error: [ReactNative Architecture][JS] 'getViewManagerConfig('RNCMaskedView')' is not available in the new React Native architecture. If 'RNCMaskedView' has a ViewManag
root commits: 8
RESULT: PASS (app launched, Setup rendered, no JS exception, Setup -> Chat drive reached Chat with one top bar)
=== token wrong ===
bundle: /var/folders/xt/1dk4f7_93nz9dsz8f771nlyr0000gn/T//runtime-smoke.yH7HSP/dist/_expo/static/js/ios/expo-router-4b06e5febb03e15d1dfc39c4c9a17f28.js
stored token: wrong; expected first screen: Chat
rendered text: ["Chat","Models","Settings","Send"]
native stack headers: [{"title":"Chat","hidden":true}]
drive Chat 401 -> Settings: {"ok":true,"wrongAlertShown":true,"errorAlertShown":false,"settingsMounted":true,"alerts":[{"title":"Password wrong or changed","message":"The password on this phone no longer matches the Mac. Paste the current one from the Mac (pbcopy < ~/.phone-models/token)."}],"rendered_text":["Chat","Models","Settings","hello","Send","Bearer Token","Cancel","Save","Logout"]}
non-fatal (logged only): [ReactNative Architecture][JS] 'getViewManagerConfig('RNCMaskedView')' is not available in the new React Native architecture. If 'RNCMaskedView' has a ViewManag
console.error: [ReactNative Architecture][JS] 'getViewManagerConfig('RNCMaskedView')' is not available in the new React Native architecture. If 'RNCMaskedView' has a ViewManag
root commits: 8
RESULT: PASS (app launched, Chat rendered, no JS exception, Chat 401 drive reached Settings with the token form open)
exit: 0
