=== Command Start ===
pwd: /Users/ryankenny/Projects/CodingHarnessv2/mobile
git log -1 --oneline: 81ba0ea M3: implementation phase handoff (T1, T2 accepted; T2b, T3 remaining)
=== Running Tests ===
$ tsc --noEmit
bun test v1.4.0 (1381054db)

 102 pass
 0 fail
 234 expect() calls
Ran 102 tests across 15 files. [64.00ms]
$ eslint src --max-warnings 0
$ scripts/runtime-smoke.sh
=== token present ===
bundle: /var/folders/xt/1dk4f7_93nz9dsz8f771nlyr0000gn/T//runtime-smoke.1h6MFh/dist/_expo/static/js/ios/expo-router-aea63bed2e374f71febb63743a3f8954.js
stored token: present; expected first screen: Conversations
rendered text: ["Conversations","Models","Settings","New chat","No conversations yet. Tap \"New chat\" to start one."]
native stack headers: [{"title":"Conversations","hidden":true}]
non-fatal (logged only): [ReactNative Architecture][JS] 'getViewManagerConfig('RNCMaskedView')' is not available in the new React Native architecture. If 'RNCMaskedView' has a ViewManag
console.error: [ReactNative Architecture][JS] 'getViewManagerConfig('RNCMaskedView')' is not available in the new React Native architecture. If 'RNCMaskedView' has a ViewManag
root commits: 5
RESULT: PASS (app launched, Conversations rendered, no JS exception)
=== token absent ===
bundle: /var/folders/xt/1dk4f7_93nz9dsz8f771nlyr0000gn/T//runtime-smoke.1h6MFh/dist/_expo/static/js/ios/expo-router-aea63bed2e374f71febb63743a3f8954.js
stored token: absent; expected first screen: Setup
rendered text: ["Enter Bearer Token","Paste the token from your server","Continue"]
native stack headers: [{"title":"Setup","hidden":false}]
drive Setup -> Conversations: {"ok":true,"conversationsMounted":true,"backOnSetup":false,"singleTopBar":true,"rendered_text":["Conversations","Models","Settings","New chat","No conversations yet. Tap \"New chat\" to start one."],"native_stack_headers":[{"title":"Conversations","hidden":true}]}
non-fatal (logged only): [ReactNative Architecture][JS] 'getViewManagerConfig('RNCMaskedView')' is not available in the new React Native architecture. If 'RNCMaskedView' has a ViewManag
console.error: [ReactNative Architecture][JS] 'getViewManagerConfig('RNCMaskedView')' is not available in the new React Native architecture. If 'RNCMaskedView' has a ViewManag
root commits: 9
RESULT: PASS (app launched, Setup rendered, no JS exception, Setup -> Conversations drive reached Conversations with one top bar)
=== token wrong ===
bundle: /var/folders/xt/1dk4f7_93nz9dsz8f771nlyr0000gn/T//runtime-smoke.1h6MFh/dist/_expo/static/js/ios/expo-router-aea63bed2e374f71febb63743a3f8954.js
stored token: wrong; expected first screen: Conversations
rendered text: ["Conversations","Models","Settings","New chat","No conversations yet. Tap \"New chat\" to start one."]
native stack headers: [{"title":"Conversations","hidden":true}]
drive Conversations -> Chat -> 401 -> Settings: {"ok":true,"wrongAlertShown":true,"errorAlertShown":false,"settingsMounted":true,"alerts":[{"title":"Password wrong or changed","message":"The password on this phone no longer matches the Mac. Paste the current one from the Mac (pbcopy < ~/.phone-models/token)."}],"rendered_text":["Conversations","Models","Settings","New chat","No conversations yet. Tap \"New chat\" to start one.","Chat","hello","Send","Bearer Token","Cancel","Save","Logout"]}
non-fatal (logged only): [ReactNative Architecture][JS] 'getViewManagerConfig('RNCMaskedView')' is not available in the new React Native architecture. If 'RNCMaskedView' has a ViewManag
console.error: [ReactNative Architecture][JS] 'getViewManagerConfig('RNCMaskedView')' is not available in the new React Native architecture. If 'RNCMaskedView' has a ViewManag
root commits: 12
RESULT: PASS (app launched, Conversations rendered, no JS exception, Conversations -> Chat -> 401 drive reached Settings with the token form open)
=== Test Exit Status: 0 ===
