VERIFICATION OF TASK M3-T1
Verifier Run Time: 2026-09-26

COMMAND EXECUTED:
cd /Users/ryankenny/Projects/CodingHarnessv2/mobile && bun run typecheck && bun test src/store src/api src/ui src/chat src/app-routing && bun run lint && bun run smoke:runtime

BASE COMMIT: abce8c05ff1f889081a0252f3835074fc924df1b
CURRENT BRANCH: m3-persisted-conversations

=== TYPECHECK ===
$ tsc --noEmit
(no output, success)

=== BSON TEST ===
bun test v1.4.0 (1381054db)

 86 pass
 0 fail
 204 expect() calls
Ran 86 tests across 13 files. [48.00ms]

=== LINT ===
$ eslint src --max-warnings 0
(no output, success)

=== SMOKE RUNTIME ===
$ scripts/runtime-smoke.sh

=== token present ===
bundle: /var/folders/xt/1dk4f7_93nz9dsz8f771nlyr0000gn/T//runtime-smoke.iJytO0/dist/_expo/static/js/ios/expo-router-bca36f90f52a7c65f5c16d31a0cf2d14.js
stored token: present; expected first screen: Chat
rendered text: ["Chat","Models","Settings","Send"]
native stack headers: [{"title":"Chat","hidden":true}]
RESULT: PASS (app launched, Chat rendered, no JS exception)

=== token absent ===
bundle: /var/folders/xt/1dk4f7_93nz9dsz8f771nlyr0000gn/T//runtime-smoke.iJytO0/dist/_expo/static/js/ios/expo-router-bca36f90f52a7c65f5c16d31a0cf2d14.js
stored token: absent; expected first screen: Setup
rendered text: ["Enter Bearer Token","Paste the token from your server","Continue"]
native stack headers: [{"title":"Setup","hidden":false}]
drive Setup -> Chat: {"ok":true,"chatMounted":true,"backOnSetup":false,"singleTopBar":true,"rendered_text":["Chat","Models","Settings","Send"],"native_stack_headers":[{"title":"Chat","hidden":true}]}
RESULT: PASS (app launched, Setup rendered, no JS exception, Setup -> Chat drive reached Chat with one top bar)

=== token wrong ===
bundle: /var/folders/xt/1dk4f7_93nz9dsz8f771nlyr0000gn/T//runtime-smoke.iJytO0/dist/_expo/static/js/ios/expo-router-bca36f90f52a7c65f5c16d31a0cf2d14.js
stored token: wrong; expected first screen: Chat
rendered text: ["Chat","Models","Settings","Send"]
native stack headers: [{"title":"Chat","hidden":true}]
drive Chat 401 -> Settings: {"ok":true,"wrongAlertShown":true,"errorAlertShown":false,"settingsMounted":true,"alerts":[{"title":"Password wrong or changed","message":"The password on this phone no longer matches the Mac. Paste the current one from the Mac (pbcopy < ~/.phone-models/token)."}],"rendered_text":["Chat","Models","Settings","hello","Send","Bearer Token","Cancel","Save","Logout"]}
RESULT: PASS (app launched, Chat rendered, no JS exception, Chat 401 drive reached Settings with the token form open)

EXIT STATUS: 0
