$ scripts/runtime-smoke.sh
=== token present ===
bundle: /var/folders/xt/1dk4f7_93nz9dsz8f771nlyr0000gn/T//runtime-smoke.hDQbXc/dist/_expo/static/js/ios/expo-router-8feca5c1b813ad16cf0463929b12f01a.js
stored token: present; expected first screen: Conversations
rendered text: ["Conversations","Models","Settings","New chat","No conversations yet. Tap \"New chat\" to start one."]
native stack headers: [{"title":"Conversations","hidden":true}]
non-fatal (logged only): [ReactNative Architecture][JS] 'getViewManagerConfig('RNCMaskedView')' is not available in the new React Native architecture. If 'RNCMaskedView' has a ViewManag
console.error: [ReactNative Architecture][JS] 'getViewManagerConfig('RNCMaskedView')' is not available in the new React Native architecture. If 'RNCMaskedView' has a ViewManag
root commits: 5
RESULT: PASS (app launched, Conversations rendered, no JS exception)
=== token absent ===
bundle: /var/folders/xt/1dk4f7_93nz9dsz8f771nlyr0000gn/T//runtime-smoke.hDQbXc/dist/_expo/static/js/ios/expo-router-8feca5c1b813ad16cf0463929b12f01a.js
stored token: absent; expected first screen: Setup
rendered text: ["Enter Bearer Token","Paste the token from your server","Continue"]
native stack headers: [{"title":"Setup","hidden":false}]
drive Setup -> Conversations: {"ok":true,"conversationsMounted":true,"backOnSetup":false,"singleTopBar":true,"rendered_text":["Conversations","Models","Settings","New chat","No conversations yet. Tap \"New chat\" to start one."],"native_stack_headers":[{"title":"Conversations","hidden":true}]}
non-fatal (logged only): [ReactNative Architecture][JS] 'getViewManagerConfig('RNCMaskedView')' is not available in the new React Native architecture. If 'RNCMaskedView' has a ViewManag
console.error: [ReactNative Architecture][JS] 'getViewManagerConfig('RNCMaskedView')' is not available in the new React Native architecture. If 'RNCMaskedView' has a ViewManag
root commits: 9
RESULT: PASS (app launched, Setup rendered, no JS exception, Setup -> Conversations drive reached Conversations with one top bar)
=== token wrong ===
bundle: /var/folders/xt/1dk4f7_93nz9dsz8f771nlyr0000gn/T//runtime-smoke.hDQbXc/dist/_expo/static/js/ios/expo-router-8feca5c1b813ad16cf0463929b12f01a.js
stored token: wrong; expected first screen: Conversations
rendered text: ["Conversations","Models","Settings","New chat","No conversations yet. Tap \"New chat\" to start one."]
native stack headers: [{"title":"Conversations","hidden":true}]
drive Conversations -> Chat -> 401 -> Settings: {"ok":true,"wrongAlertShown":true,"errorAlertShown":false,"settingsMounted":true,"alerts":[{"title":"Password wrong or changed","message":"The password on this phone no longer matches the Mac. Paste the current one from the Mac (pbcopy < ~/.phone-models/token)."}],"rendered_text":["Conversations","Models","Settings","New chat","No conversations yet. Tap \"New chat\" to start one.","Chat","hello","Send","Bearer Token","Cancel","Save","Logout"]}
non-fatal (logged only): [ReactNative Architecture][JS] 'getViewManagerConfig('RNCMaskedView')' is not available in the new React Native architecture. If 'RNCMaskedView' has a ViewManag
console.error: [ReactNative Architecture][JS] 'getViewManagerConfig('RNCMaskedView')' is not available in the new React Native architecture. If 'RNCMaskedView' has a ViewManag
root commits: 11
RESULT: PASS (app launched, Conversations rendered, no JS exception, Conversations -> Chat -> 401 drive reached Settings with the token form open)
=== token stream ===
bundle: /var/folders/xt/1dk4f7_93nz9dsz8f771nlyr0000gn/T//runtime-smoke.hDQbXc/dist/_expo/static/js/ios/expo-router-8feca5c1b813ad16cf0463929b12f01a.js
stored token: stream; expected first screen: Conversations
rendered text: ["Conversations","Models","Settings","New chat","No conversations yet. Tap \"New chat\" to start one."]
native stack headers: [{"title":"Conversations","hidden":true}]
stream step 1 (prompt shown before any reply byte): PASS - {"rendered_text":["Conversations","Models","Settings","New chat","No conversations yet. Tap \"New chat\" to start one.","Chat","What is six times seven?","Stop"]}
stream step 2 (partial reply shown, thinking collapsed): PASS - {"message_texts":["Conversations","Models","Settings","New chat","No conversations yet. Tap \"New chat\" to start one.","Chat","What is six times seven?","Show thinking","Partial answer","Stop"],"partial_answer_node_count":1,"show_thinking_present":true,"thinking_text_hidden":true}
stream step 3 (thinking expands into its own section): PASS - {"thinking_text_present":true,"hide_thinking_present":true,"thinking_separate_from_answer":true}
stream step 4 (reply updates in place through completion): PASS - {"send_back_stop_gone":true,"final_answer_node_count":1,"prompt_occurrences":1,"model_label_shown":true,"order_ok":true,"partial_answer_container_tag_step2":158,"final_answer_container_tag":158,"same_fabric_node":true,"rendered_text":["Conversations","Models","Settings","New chat","No conversations yet. Tap \"New chat\" to start one.","Chat","What is six times seven?","Hide thinking","Thinking:","SMOKE-THINKING-TEXT","Partial answer 42","smoke-model:1b","Send"]}
non-fatal (logged only): [ReactNative Architecture][JS] 'getViewManagerConfig('RNCMaskedView')' is not available in the new React Native architecture. If 'RNCMaskedView' has a ViewManag
console.error: [ReactNative Architecture][JS] 'getViewManagerConfig('RNCMaskedView')' is not available in the new React Native architecture. If 'RNCMaskedView' has a ViewManag
root commits: 13
RESULT: PASS (app launched, Conversations rendered, no JS exception, Conversations -> Chat -> streamed reply drive passed all 4 steps)

=== DISCRIMINATION TEST: Pre-M4a chat.tsx ===
Bundle built from worktree at 769618c with chat.tsx from commit 0694ddf (M4a-T2)
Running stream token test against that bundle:

stream step 1 (prompt shown before any reply byte): FAIL - {"rendered_text":["Conversations","Models","Settings","New chat","No conversations yet. Tap \"New chat\" to start one.","Chat","Loading response...","Stop"]}
RESULT: FAIL (exceptions=0, rendered=true, reached Conversations=true, driveChatStream.ok=false)

This confirms the stream test correctly FAILS against the pre-M4a chat behavior (prompt not shown before reply).

=== FABRIC RENDERER SOURCE VERIFICATION ===
File: mobile/node_modules/react-native/Libraries/Renderer/implementations/ReactFabric-dev.js
Function: completeWork, case 6 (HostText), lines 10079-10111

Key evidence (lines 10080-10090):
  if (current && null != workInProgress.stateNode)
    current.memoizedProps !== newProps
      ? ((current = requiredContext(rootInstanceStackCursor.current)),
        (renderLanes = requiredContext(contextStackCursor.current)),
        (workInProgress.flags |= 8),
        (workInProgress.stateNode = createTextInstance(  // <- ALWAYS called on props change
          newProps,
          current,
          renderLanes,
          workInProgress
        )))

This confirms: when a text node's props (string content) change, createTextInstance is ALWAYS called unconditionally (lines 10085-10090), creating a new instance with a new tag. This is why the test compares the container's tag (the parent <Text> host component) rather than the leaf's own tag, which would churn on every update.

