VERIFICATION RUN FOR M7a-T2
===========================

Command: cd /Users/ryankenny/Projects/CodingHarnessv2/search && bun install && bun test && bun run typecheck

Exit Status: 0

Full Output:
============

$ bun install v1.4.0 (1381054db)
Checked 33 installs across 32 packages (no changes) [5.00ms]
$ bun test v1.4.0 (1381054db)

 127 pass
 0 fail
 270 expect() calls
Ran 127 tests across 5 files. [1.97s]
$ tsc --noEmit

[Exit 0]

FILES CHANGED (excluding .harness/):
====================================

Committed diff (46a0750..HEAD): none

Uncommitted changes (git status --porcelain):
- M search/src/http/server.ts
- ?? search/src/search/runHelper.ts (new)
- ?? search/src/search/search.test.ts (new)

Other task files (M7a-T1 concurrent work - excluded from scope):
- M .gitignore
- ?? ops/scripts/install-search-helper.sh
- ?? search/helper/

MODIFIED FILES - DETAILS:
=========================

search/src/http/server.ts:
- Added import: runHelper, HelperOptions
- Added constants: MAX_QUERY_LENGTH = 500, DEFAULT_MAX_RESULTS = 5
- Added handleSearch() function with validation:
  * JSON body parsing with 400 error
  * Query validation: string, non-empty after trim, max 500 chars
  * max_results validation: integer, 1-10, default 5
  * Returns 400 for invalid input
  * Calls runHelper and returns 503 on failure or 200 on success
- Added /v1/search route to createHandler
- Added helperOptions parameter to createHandler and startServer signatures
- No modifications to existing routes (/v1/read, /v1/health, 404/405 handlers)

search/src/search/runHelper.ts (NEW):
- Interface SearchResult with title, url, snippet fields
- Type HelperOutcome (ok: true/false)
- Interface HelperOptions for command injection
- Function runHelper(query, max, signal, options):
  * Uses argv ARRAY (not shell string)
  * Paths resolved from import.meta.dir
  * Spawns process with query as single argv element
  * Handles spawn failure → 503 detail
  * Handles non-zero exit code
  * Parses JSON output
  * Filters results by url requirement, caps at max
  * Missing title/snippet become ""
  * Handles abort signal to kill helper process
  * Returns HelperOutcome union type

search/src/search/search.test.ts (NEW):
- 9 test cases total:
  1. Helper success mapping with field filtering and max cap
  2. Query passed literally with shell metacharacters (;rm -rf /, $(whoami))
  3. Default max_results = 5
  4. Helper {error} → 503 search_unavailable
  5. Garbage stdout → 503
  6. Non-zero exit → 503
  7. Missing helper binary → 503
  8. Bad request bodies → 400 bad_request
  9. GET /v1/search → 405 method not allowed
  10. Client abort kills helper process (checks pid liveness)

Tests for 127 total pass across 5 files:
- search/src/http/server.test.ts: 9 existing tests (verified unmodified)
- search/src/search/search.test.ts: 9 new tests
- 3 other existing test files: ~109 tests

ACCEPTANCE CRITERIA VERIFICATION:
=================================

Criterion 1: New module spawning helper with argv ARRAY
  ✓ Found in: search/src/search/runHelper.ts, line 31
    argv constructed as array, query as single element
  ✓ Test: search.test.ts line 63-72, queries with shell metacharacters passed literally

Criterion 2: Request validation (JSON, query, max_results)
  ✓ Found in: search/src/http/server.ts lines 26-50 (handleSearch validation)
    - JSON parse with catch → 400
    - Query: string, non-empty after trim, max 500 chars
    - max_results: integer, 1-10, default 5
    - Returns 400 bad_request for invalid input
  ✓ Test: search.test.ts line 105-123, bad bodies → 400 bad_request

Criterion 3: Helper output parsing → response mapping
  ✓ Found in: runHelper.ts lines 48-79
    - Success: {results, backend} → 200 with filtered results
    - Error: {error, detail} → 503 search_unavailable
    - Non-zero exit → 503
    - Unparsable stdout → 503
    - Spawn failure → 503
  ✓ Tests:
    - search.test.ts line 41-61: success mapping
    - search.test.ts line 75-79: {error} → 503
    - search.test.ts line 82-87: garbage → 503
    - search.test.ts line 89-94: non-zero exit → 503
    - search.test.ts line 96-103: missing binary → 503

Criterion 4: Client disconnect kills helper
  ✓ Found in: runHelper.ts lines 38-46
    kill() function called on abort signal
  ✓ Test: search.test.ts line 131-162, client abort kills helper (pid verification)

Criterion 5: index.ts wires default helper, existing tests stay green
  ✓ Found in: search/src/index.ts line 10, calls startServer(port) with no helperOptions
  ✓ Existing tests in server.test.ts verified unmodified (no git diff output)
  ✓ All 127 tests pass including 9 existing in server.test.ts

Criterion 6: Path resolution from module location
  ✓ Found in: runHelper.ts lines 22-23
    SEARCH_DIR = join(import.meta.dir, "..", "..")
    DEFAULT_COMMAND uses SEARCH_DIR for paths

Criterion 7: Options injection for testing
  ✓ Found in: runHelper.ts line 19
    HelperOptions interface with command?: string[]
  ✓ Usage: runHelper.ts line 31, avoids options.command ?? DEFAULT_COMMAND

NO EXTERNAL NETWORK DETECTED:
- Tests use loopback (127.0.0.1) only
- Fake helper scripts run via bun/sh
- All URLs in test data are local references

TEST WEAKENING CHECK:
=====================
Git diff checked for:
- Deleted assertions: NONE
- Deleted tests: NONE
- Renamed tests: NONE
- Added skip/xfail: NONE
- Loosened comparisons: NONE

Existing server.test.ts verified with no git diff output (no modifications).

All new tests are strict and can fail on the criteria they test.

RESULT SUMMARY:
===============
✓ Command ran successfully (exit 0)
✓ 127 tests pass, 0 fail
✓ TypeScript compilation passes (tsc --noEmit)
✓ Files changed are all in allowed list
✓ No existing tests modified or weakened
✓ All acceptance criteria exercised by tests
✓ No external network in tests
✓ Query passed literally (shell metacharacters inert)
✓ Validation returns 400 bad_request
✓ Helper errors return 503 search_unavailable
✓ Client abort kills helper
✓ index.ts uses defaults unchanged

Verification completed successfully.
