VERIFIER LOG FOR M7b-C2
=======================

Commit: 4923d1f (M7b C1: browser fallback keeps Microsoft-hosted results (review F1))
Branch: m7b-search-browser-fallback

VALIDATION COMMAND EXECUTION
=============================

Command: cd /Users/ryankenny/Projects/CodingHarnessv2 && search/helper/.venv/bin/python -m unittest discover -s search/helper -p 'test_*.py' 2>&1

Exit Status: 0

Output:
.................................
----------------------------------------------------------------------
Ran 33 tests in 0.123s

OK


FILES CHANGED VERIFICATION
===========================

Committed changes (git diff HEAD):
- search/helper/test_search.py (MODIFIED)

Working tree changes (git status):
- search/helper/test_search.py (modified)
- .harness/evidence/M7b-C2-worker.log (untracked - orchestrator file, excluded)

Analysis:
- Only search/helper/test_search.py was modified (allowed)
- search/helper/search.py unchanged (verified: no diff)
- No prohibited files changed
- Result: PASS


TESTS WEAKENED CHECK
====================

Review of git diff HEAD -- search/helper/test_search.py:

1. make_fake_pw_with_rows factory added (lines 210-261)
   - Extends existing fake Playwright harness
   - evaluate returns canned rows per call from a list
   - goto calls are counted
   - wait_for_url/wait_for_selector are no-ops
   - Returns (PW, events, goto_count) for test assertions

2. Six new tests added:
   - test_scrape_duplicates_dropped (lines 263-274)
   - test_scrape_empty_title_row_dropped (lines 276-287)
   - test_scrape_bing_url_dropped (lines 289-302)
   - test_scrape_results_capped_at_max_results (lines 304-316)
   - test_scrape_relevance_guard_two_gotos (lines 318-333)
   - test_scrape_relevance_guard_one_goto (lines 335-347)

3. Existing tests NOT modified:
   - PickTitleTests: unchanged (9 tests)
   - RunTests: unchanged (5 tests)
   - FallbackTests: test_browser_closed_when_scrape_raises unchanged (1 test)
   - FallbackTests: test_ddgs_raises_uses_browser unchanged (1 test)
   - FallbackTests: test_ddgs_empty_uses_browser unchanged (1 test)
   - FallbackTests: test_ddgs_ok_skips_browser unchanged (1 test)
   - FallbackTests: test_browser_raises_reports_both unchanged (1 test)
   - FallbackTests: test_browser_empty_is_search_failed unchanged (1 test)
   - FallbackTests: test_env_fail_and_empty_route_to_browser unchanged (1 test)
   - FallbackTests: test_decode_bing_redirect unchanged (1 test)
   - FallbackTests: test_decode_bing_keeps_microsoft_hosts unchanged (1 test)
   - CliTests: unchanged (3 tests)

Result: NO WEAKENING - only new tests added, no assertions deleted or loosened


ACCEPTANCE CRITERIA VERIFICATION
==================================

Criterion 1: Duplicates dropped
Test: test_scrape_duplicates_dropped (lines 263-274)
Assertions:
  - self.assertEqual(len(results), 1) - verifies only one result returned
  - self.assertEqual(results[0]["url"], "https://python.org") - verifies correct URL
  - self.assertEqual(events, ["browser closed", "playwright stopped"]) - verifies browser closed
Status: EXERCISED

Criterion 2: Empty-title row dropped
Test: test_scrape_empty_title_row_dropped (lines 276-287)
Assertions:
  - self.assertEqual(len(results), 1) - verifies empty-title row excluded
  - self.assertEqual(results[0]["url"], "https://good.org") - verifies only good row included
  - self.assertEqual(events, ["browser closed", "playwright stopped"]) - verifies browser closed
Status: EXERCISED

Criterion 3: Rows with bing.com URLs dropped
Test: test_scrape_bing_url_dropped (lines 289-302)
Assertions:
  - self.assertEqual(len(results), 1) - verifies bing URL row excluded
  - self.assertEqual(results[0]["url"], "https://example.org") - verifies only example.org included
  - self.assertEqual(events, ["browser closed", "playwright stopped"]) - verifies browser closed
Status: EXERCISED

Criterion 4: Results capped at max_results
Test: test_scrape_results_capped_at_max_results (lines 304-316)
Assertions:
  - self.assertEqual(len(results), 3) - verifies cap at max_results=3
  - self.assertEqual(results[0]["url"], "https://example0.org") - verifies order preserved
  - self.assertEqual(results[1]["url"], "https://example1.org")
  - self.assertEqual(results[2]["url"], "https://example2.org")
  - self.assertEqual(events, ["browser closed", "playwright stopped"]) - verifies browser closed
Status: EXERCISED

Criterion 5a: Relevance guard - two gotos when first page irrelevant
Test: test_scrape_relevance_guard_two_gotos (lines 318-333)
Assertions:
  - self.assertEqual(goto_count[0], 2) - verifies goto called exactly twice
  - self.assertEqual(len(results), 1) - verifies result returned
  - self.assertEqual(results[0]["url"], "https://python.org") - verifies relevant rows returned
  - self.assertEqual(events, ["browser closed", "playwright stopped"]) - verifies browser closed
Status: EXERCISED

Criterion 5b: Relevance guard - one goto when first page relevant
Test: test_scrape_relevance_guard_one_goto (lines 335-347)
Assertions:
  - self.assertEqual(goto_count[0], 1) - verifies goto called exactly once
  - self.assertEqual(len(results), 1) - verifies result returned
  - self.assertEqual(results[0]["url"], "https://python.org") - verifies relevant rows returned
  - self.assertEqual(events, ["browser closed", "playwright stopped"]) - verifies browser closed
Status: EXERCISED

Criterion 6: Browser closed in every test
Verified in all 6 tests above: self.assertEqual(events, ["browser closed", "playwright stopped"])
Status: EXERCISED


NON-VACUOUS TEST VERIFICATION
==============================

Test 1: Dedup test with broken dedup logic
- Broke the dedup check in search_broken_dedup.py by removing the "if real in seen" check
- Expected: 2 results (duplicates not dropped)
- Actual: test FAILED with "AssertionError: 2 != 1 : Expected 1 result, but got duplicates"
- Conclusion: Test is NON-VACUOUS - would fail against a deliberately broken copy

Test 2: Relevance guard test with broken relevance check
- Broke the relevance check in search_broken_relevance.py by removing "if results and any(w in text for w in words)"
- Expected: 1 goto (returns early without checking relevance)
- Actual: test FAILED with "AssertionError: 1 != 2 : Expected 2 gotos, but got 1"
- Conclusion: Test is NON-VACUOUS - would fail against a deliberately broken copy

