=== UNIT TESTS ===
Command: cd /Users/ryankenny/Projects/CodingHarnessv2 && search/helper/.venv/bin/python -m unittest discover -s search/helper -p 'test_*.py' -v

test_bad_max (test_search.CliTests.test_bad_max) ... ok
test_blank_query (test_search.CliTests.test_blank_query) ... ok
test_missing_query (test_search.CliTests.test_missing_query) ... ok
test_browser_closed_when_scrape_raises (test_search.FallbackTests.test_browser_closed_when_scrape_raises) ... ok
test_browser_empty_is_search_failed (test_search.FallbackTests.test_browser_empty_is_search_failed) ... ok
test_browser_raises_reports_both (test_search.FallbackTests.test_browser_raises_reports_both) ... ok
test_ddgs_empty_uses_browser (test_search.FallbackTests.test_ddgs_empty_uses_browser) ... ok
test_ddgs_ok_skips_browser (test_search.FallbackTests.test_ddgs_ok_skips_browser) ... ok
test_ddgs_raises_uses_browser (test_search.FallbackTests.test_ddgs_raises_uses_browser) ... ok
test_decode_bing_redirect (test_search.FallbackTests.test_decode_bing_redirect) ... ok
test_env_fail_and_empty_route_to_browser (test_search.FallbackTests.test_env_fail_and_empty_route_to_browser) ... ok
test_pick_title_all_empty_returns_empty (test_search.PickTitleTests.test_pick_title_all_empty_returns_empty) ... ok
test_pick_title_all_whitespace_returns_empty (test_search.PickTitleTests.test_pick_title_all_whitespace_returns_empty) ... ok
test_pick_title_collapses_whitespace_in_text_content (test_search.PickTitleTests.test_pick_title_collapses_whitespace_in_text_content) ... ok
test_pick_title_falls_back_to_aria_label (test_search.PickTitleTests.test_pick_title_falls_back_to_aria_label) ... ok
test_pick_title_falls_back_to_text_content (test_search.PickTitleTests.test_pick_title_falls_back_to_text_content) ... ok
test_pick_title_falls_back_to_title_attr (test_search.PickTitleTests.test_pick_title_falls_back_to_title_attr) ... ok
test_pick_title_strips_aria_label (test_search.PickTitleTests.test_pick_title_strips_aria_label) ... ok
test_pick_title_strips_inner_text (test_search.PickTitleTests.test_pick_title_strips_inner_text) ... ok
test_pick_title_strips_title_attr (test_search.PickTitleTests.test_pick_title_strips_title_attr) ... ok
test_pick_title_uses_inner_text_when_present (test_search.PickTitleTests.test_pick_title_uses_inner_text_when_present) ... ok
test_exception_gives_search_failed (test_search.RunTests.test_exception_gives_search_failed) ... ok
test_max_clamped (test_search.RunTests.test_max_clamped) ... ok
test_normalises_hits_and_skips_missing_url (test_search.RunTests.test_normalises_hits_and_skips_missing_url) ... ok
test_uses_uk_region_and_max (test_search.RunTests.test_uses_uk_region_and_max) ... ok
test_zero_results (test_search.RunTests.test_zero_results) ... ok

Ran 26 tests in 0.123s
Result: OK

=== LIVE TEST ===
Command: SEARCH_HELPER_FORCE_DDGS=fail search/helper/.venv/bin/python search/helper/search.py --query "Ada Lovelace" --max 5

Output:
{"results": [{"title": "Ada Lovelace - Wikipedia", "url": "https://en.wikipedia.org/wiki/Ada_Lovelace", "snippet": "Augusta Ada King, Countess of Lovelace (née Byron; 10 December 1815 – 27 November 1852), also known as Ada Lovelace, was …"}, {"title": "Ada Lovelace | Biography, Computer, Day, & Facts | Britannica", "url": "https://www.britannica.com/biography/Ada-Lovelace", "snippet": "Ada Lovelace (born December 10, 1815, Piccadilly Terrace, Middlesex [now in London], England—died November 27, 1852, …"}, {"title": "Ada Lovelace C of E High School", "url": "https://adalovelace.org.uk/", "snippet": "Headteacher's Welcome \"We are a value centred school that is relentless in its approach to deliver the highest standards of …"}, {"title": "Who was Ada Lovelace? - BBC Newsround", "url": "https://www.bbc.co.uk/newsround/49960544", "snippet": "13 Oct 2020 · Ada Lovelace was a leading 19th century mathematician and daughter of the famous poet Lord Byron. She was born …"}, {"title": "Ada Lovelace – Complete Biography, History and Inventions", "url": "https://history-computer.com/people/ada-lovelace-complete-biography/", "snippet": "23 May 2025 · Ada Lovelace was an English mathematician who wrote an algorithm for a computing machine in the mid-1800s. She …"}], "backend": "browser"}

Verification:
- Backend: browser ✓
- Number of results: 5 ✓
- All results have non-empty titles ✓
- All results have valid HTTPS URLs ✓
- No results from search engine domains ✓

Status: PASS
