# M7c-T3 Verification Log

## Command Run
cd /Users/ryankenny/Projects/CodingHarnessv2/search && bash scripts/failure-proof.sh && bash scripts/search-proof.sh && bash scripts/fallback-proof.sh

## Test Execution

### failure-proof.sh (exit status: 0)

==== M7c-AC1: setup ====
      pre-existing headless Chromium pids (not ours): <none>
      pre-existing search.py helper pids (not ours): <none>

==== M7c-AC1: both backends forced to fail -> 503 search_unavailable ====
      started own service on http://127.0.0.1:7792 (pid 42107, case unavailable)
PASS: [unavailable] service health -> 200
      status=503
      response:
        | {"error":"search_unavailable","detail":"ddgs: forced failure; browser: forced failure"}
PASS: [unavailable] HTTP 503
PASS: [unavailable] body error == search_unavailable with a non-empty string detail

==== M7c-AC1: search exceeding its time limit -> 504 timeout, helper and browser killed ====
      started own service on http://127.0.0.1:7792 (pid 42121, case timeout)
PASS: [timeout] service health -> 200
PASS: [timeout] new helper process seen in flight (pid 42133)
PASS: [timeout] new headless Chromium running when the limit hit (pids 42181 42182 42183)
      status=504 elapsed=8.07s
      response:
        | {"error":"timeout"}
PASS: [timeout] HTTP 504
PASS: [timeout] body is exactly {"error":"timeout"}
PASS: [timeout] elapsed 8.07s is >= 8 s and < 15 s
PASS: [timeout] helper pid 42133 no longer exists after the 504
PASS: [timeout] no new headless Chromium process after the 504
PASS: [timeout] no new headless Chromium process after the service was stopped
PASS: [timeout] helper pid gone after the service was stopped

==== result ====
ALL CASES PASSED

### search-proof.sh (exit status: 0)

==== M7a-AC1: helper venv (Python, ddgs, Playwright, Chromium) ====
PASS: venv python present (/Users/ryankenny/Projects/CodingHarnessv2/search/helper/.venv/bin/python)
      python: 3.14.7
PASS: venv imports ddgs and playwright (ddgs 9.16.0 playwright 1.63.0)
PASS: Playwright Chromium executable exists (/Users/ryankenny/Library/Caches/ms-playwright/chromium-1243/chrome-mac-arm64/Google Chrome for Testing.app/Contents/MacOS/Google Chrome for Testing)

==== service (minimal environment) ====
      started search service with env -i HOME PATH only (pid 42307)
PASS: service health -> 200

==== M7a-AC1: POST /v1/search returns real ddgs results ====
      attempt 1 query='Ada Lovelace' status=200 verdict=ok 5
PASS: search 'Ada Lovelace' -> 200, backend ddgs, 5 valid results (attempt 1 of 3)
      response (first 800 chars):
        | {"results":[{"title":"Ada Lovelace","url":"https://en.wikipedia.org/wiki/Ada_Lovelace",...
      attempt 1 query='Ada Lovelace' max_results=3 status=200 verdict=ok 3
PASS: max_results=3 -> 3 results (<= 3) (attempt 1 of 3)
PASS: bad body {} -> 400

==== M7a-AC1: region UK/English ====
PASS: helper requests region uk-en (REGION = "uk-en"; region=REGION)
PASS: helper unit tests (fake DDGS receives region uk-en): Ran 35 tests in 0.121s  OK

==== M7a-AC1: no account, API key or payment ====
      env/key reads found:
        | /Users/ryankenny/Projects/CodingHarnessv2/search/helper/search.py:95:        if os.environ.get("SEARCH_HELPER_FORCE_BROWSER") == "hang":
        | /Users/ryankenny/Projects/CodingHarnessv2/search/helper/search.py:159:    forced = os.environ.get("SEARCH_HELPER_FORCE_DDGS")
        | /Users/ryankenny/Projects/CodingHarnessv2/search/helper/search.py:189:    if os.environ.get("SEARCH_HELPER_FORCE_BROWSER") == "fail":
        | /Users/ryankenny/Projects/CodingHarnessv2/search/src/index.ts:9:const port = process.env.SEARCH_PORT ? Number(process.env.SEARCH_PORT) : DEFAULT_PORT;
        | /Users/ryankenny/Projects/CodingHarnessv2/search/src/index.ts:11:const envTimeout = Number(process.env.SEARCH_TIMEOUT_MS);
PASS: no API key/token/env reads other than SEARCH_PORT and the test hooks SEARCH_HELPER_FORCE_DDGS, SEARCH_HELPER_FORCE_BROWSER and SEARCH_TIMEOUT_MS; service ran under env -i HOME PATH

==== result ====
ALL CASES PASSED

### fallback-proof.sh (exit status: 0)

==== M7b-AC1: setup ====
      pre-existing headless Chromium pids (not ours): <none>

==== M7b-AC1: SEARCH_HELPER_FORCE_DDGS=fail ====
      started own service on http://127.0.0.1:7791 (pid 42378, mode fail)
PASS: [fail] service health -> 200
      status=200 verdict=ok 5
      response (first 800 chars):
        | {"results":[{"title":"Ada Lovelace | Biography, Computer, Day, & Facts",...
PASS: [fail] HTTP 200
PASS: [fail] backend browser, 5 results, each with title and external absolute http(s) url
PASS: no new headless Chromium process after the [fail] request completed
PASS: no new headless Chromium process after the [fail] service was stopped

==== M7b-AC1: SEARCH_HELPER_FORCE_DDGS=empty ====
      started own service on http://127.0.0.1:7791 (pid 42420, mode empty)
PASS: [empty] service health -> 200
      status=200 verdict=ok 5
      response (first 800 chars):
        | {"results":[{"title":"Ada Lovelace - Wikipedia",...
PASS: [empty] HTTP 200
PASS: [empty] backend browser, 5 results, each with title and external absolute http(s) url
PASS: no new headless Chromium process after the [empty] request completed
PASS: no new headless Chromium process after the [empty] service was stopped

==== result ====
ALL CASES PASSED

## Post-Test Cleanup Verification
- Leftover chromium processes: NONE
- Leftover helper processes: NONE
- Port 7791 status: FREE
- Port 7792 status: FREE

## Exit Statuses
- failure-proof.sh: 0
- search-proof.sh: 0
- fallback-proof.sh: 0
- Overall: 0
