: connected

id: 2df680fb-6b2b-4dbc-9ffd-f743f14f28bb-0
event: thinking
data: {"text":"Okay"}

id: 2df680fb-6b2b-4dbc-9ffd-f743f14f28bb-1
event: thinking
data: {"text":","}

id: 2df680fb-6b2b-4dbc-9ffd-f743f14f28bb-2
event: thinking
data: {"text":" the"}

id: 2df680fb-6b2b-4dbc-9ffd-f743f14f28bb-3
event: thinking
data: {"text":" user"}

id: 2df680fb-6b2b-4dbc-9ffd-f743f14f28bb-4
event: thinking
data: {"text":" is"}

id: 2df680fb-6b2b-4dbc-9ffd-f743f14f28bb-5
event: thinking
data: {"text":" asking"}

id: 2df680fb-6b2b-4dbc-9ffd-f743f14f28bb-6
event: thinking
data: {"text":" for"}

id: 2df680fb-6b2b-4dbc-9ffd-f743f14f28bb-7
event: thinking
data: {"text":" the"}

id: 2df680fb-6b2b-4dbc-9ffd-f743f14f28bb-8
event: thinking
data: {"text":" latest"}

id: 2df680fb-6b2b-4dbc-9ffd-f743f14f28bb-9
event: thinking
data: {"text":" stable"}

id: 2df680fb-6b2b-4dbc-9ffd-f743f14f28bb-10
event: thinking
data: {"text":" version"}

id: 2df680fb-6b2b-4dbc-9ffd-f743f14f28bb-11
event: thinking
data: {"text":" of"}

id: 2df680fb-6b2b-4dbc-9ffd-f743f14f28bb-12
event: thinking
data: {"text":" the"}

id: 2df680fb-6b2b-4dbc-9ffd-f743f14f28bb-13
event: thinking
data: {"text":" Bun"}

id: 2df680fb-6b2b-4dbc-9ffd-f743f14f28bb-14
event: thinking
data: {"text":" Java"}

id: 2df680fb-6b2b-4dbc-9ffd-f743f14f28bb-15
event: thinking
data: {"text":"Script"}

id: 2df680fb-6b2b-4dbc-9ffd-f743f14f28bb-16
event: thinking
data: {"text":" runtime"}

id: 2df680fb-6b2b-4dbc-9ffd-f743f14f28bb-17
event: thinking
data: {"text":" and"}

id: 2df680fb-6b2b-4dbc-9ffd-f743f14f28bb-18
event: thinking
data: {"text":" wants"}

id: 2df680fb-6b2b-4dbc-9ffd-f743f14f28bb-19
event: thinking
data: {"text":" the"}

id: 2df680fb-6b2b-4dbc-9ffd-f743f14f28bb-20
event: thinking
data: {"text":" answer"}

id: 2df680fb-6b2b-4dbc-9ffd-f743f14f28bb-21
event: thinking
data: {"text":" in"}

id: 2df680fb-6b2b-4dbc-9ffd-f743f14f28bb-22
event: thinking
data: {"text":" one"}

id: 2df680fb-6b2b-4dbc-9ffd-f743f14f28bb-23
event: thinking
data: {"text":" sentence"}

id: 2df680fb-6b2b-4dbc-9ffd-f743f14f28bb-24
event: thinking
data: {"text":" with"}

id: 2df680fb-6b2b-4dbc-9ffd-f743f14f28bb-25
event: thinking
data: {"text":" a"}

id: 2df680fb-6b2b-4dbc-9ffd-f743f14f28bb-26
event: thinking
data: {"text":" citation"}

id: 2df680fb-6b2b-4dbc-9ffd-f743f14f28bb-27
event: thinking
data: {"text":"."}

id: 2df680fb-6b2b-4dbc-9ffd-f743f14f28bb-28
event: thinking
data: {"text":" Let"}

id: 2df680fb-6b2b-4dbc-9ffd-f743f14f28bb-29
event: thinking
data: {"text":" me"}

id: 2df680fb-6b2b-4dbc-9ffd-f743f14f28bb-30
event: thinking
data: {"text":" start"}

id: 2df680fb-6b2b-4dbc-9ffd-f743f14f28bb-31
event: thinking
data: {"text":" by"}

id: 2df680fb-6b2b-4dbc-9ffd-f743f14f28bb-32
event: thinking
data: {"text":" recall"}

id: 2df680fb-6b2b-4dbc-9ffd-f743f14f28bb-33
event: thinking
data: {"text":"ing"}

id: 2df680fb-6b2b-4dbc-9ffd-f743f14f28bb-34
event: thinking
data: {"text":" what"}

id: 2df680fb-6b2b-4dbc-9ffd-f743f14f28bb-35
event: thinking
data: {"text":" I"}

id: 2df680fb-6b2b-4dbc-9ffd-f743f14f28bb-36
event: thinking
data: {"text":" know"}

id: 2df680fb-6b2b-4dbc-9ffd-f743f14f28bb-37
event: thinking
data: {"text":" about"}

id: 2df680fb-6b2b-4dbc-9ffd-f743f14f28bb-38
event: thinking
data: {"text":" Bun"}

id: 2df680fb-6b2b-4dbc-9ffd-f743f14f28bb-39
event: thinking
data: {"text":"."}

id: 2df680fb-6b2b-4dbc-9ffd-f743f14f28bb-40
event: thinking
data: {"text":" Bun"}

id: 2df680fb-6b2b-4dbc-9ffd-f743f14f28bb-41
event: thinking
data: {"text":" is"}

id: 2df680fb-6b2b-4dbc-9ffd-f743f14f28bb-42
event: thinking
data: {"text":" a"}

id: 2df680fb-6b2b-4dbc-9ffd-f743f14f28bb-43
event: thinking
data: {"text":" Java"}

id: 2df680fb-6b2b-4dbc-9ffd-f743f14f28bb-44
event: thinking
data: {"text":"Script"}

id: 2df680fb-6b2b-4dbc-9ffd-f743f14f28bb-45
event: thinking
data: {"text":" runtime"}

id: 2df680fb-6b2b-4dbc-9ffd-f743f14f28bb-46
event: thinking
data: {"text":" that"}

id: 2df680fb-6b2b-4dbc-9ffd-f743f14f28bb-47
event: thinking
data: {"text":"'s"}

id: 2df680fb-6b2b-4dbc-9ffd-f743f14f28bb-48
event: thinking
data: {"text":" known"}

id: 2df680fb-6b2b-4dbc-9ffd-f743f14f28bb-49
event: thinking
data: {"text":" for"}

id: 2df680fb-6b2b-4dbc-9ffd-f743f14f28bb-50
event: thinking
data: {"text":" being"}

id: 2df680fb-6b2b-4dbc-9ffd-f743f14f28bb-51
event: thinking
data: {"text":" fast"}

id: 2df680fb-6b2b-4dbc-9ffd-f743f14f28bb-52
event: thinking
data: {"text":" and"}

id: 2df680fb-6b2b-4dbc-9ffd-f743f14f28bb-53
event: thinking
data: {"text":" efficient"}

id: 2df680fb-6b2b-4dbc-9ffd-f743f14f28bb-54
event: thinking
data: {"text":"."}

id: 2df680fb-6b2b-4dbc-9ffd-f743f14f28bb-55
event: thinking
data: {"text":" I"}

id: 2df680fb-6b2b-4dbc-9ffd-f743f14f28bb-56
event: thinking
data: {"text":" remember"}

id: 2df680fb-6b2b-4dbc-9ffd-f743f14f28bb-57
event: thinking
data: {"text":" that"}

id: 2df680fb-6b2b-4dbc-9ffd-f743f14f28bb-58
event: thinking
data: {"text":" version"}

id: 2df680fb-6b2b-4dbc-9ffd-f743f14f28bb-59
event: thinking
data: {"text":" numbers"}

id: 2df680fb-6b2b-4dbc-9ffd-f743f14f28bb-60
event: thinking
data: {"text":" are"}

id: 2df680fb-6b2b-4dbc-9ffd-f743f14f28bb-61
event: thinking
data: {"text":" important"}

id: 2df680fb-6b2b-4dbc-9ffd-f743f14f28bb-62
event: thinking
data: {"text":" here"}

id: 2df680fb-6b2b-4dbc-9ffd-f743f14f28bb-63
event: thinking
data: {"text":","}

id: 2df680fb-6b2b-4dbc-9ffd-f743f14f28bb-64
event: thinking
data: {"text":" so"}

id: 2df680fb-6b2b-4dbc-9ffd-f743f14f28bb-65
event: thinking
data: {"text":" I"}

id: 2df680fb-6b2b-4dbc-9ffd-f743f14f28bb-66
event: thinking
data: {"text":" need"}

id: 2df680fb-6b2b-4dbc-9ffd-f743f14f28bb-67
event: thinking
data: {"text":" to"}

id: 2df680fb-6b2b-4dbc-9ffd-f743f14f28bb-68
event: thinking
data: {"text":" find"}

id: 2df680fb-6b2b-4dbc-9ffd-f743f14f28bb-69
event: thinking
data: {"text":" the"}

id: 2df680fb-6b2b-4dbc-9ffd-f743f14f28bb-70
event: thinking
data: {"text":" most"}

id: 2df680fb-6b2b-4dbc-9ffd-f743f14f28bb-71
event: thinking
data: {"text":" recent"}

id: 2df680fb-6b2b-4dbc-9ffd-f743f14f28bb-72
event: thinking
data: {"text":" stable"}

id: 2df680fb-6b2b-4dbc-9ffd-f743f14f28bb-73
event: thinking
data: {"text":" release"}

id: 2df680fb-6b2b-4dbc-9ffd-f743f14f28bb-74
event: thinking
data: {"text":"."}

id: 2df680fb-6b2b-4dbc-9ffd-f743f14f28bb-75
event: thinking
data: {"text":"\n\nSince"}

id: 2df680fb-6b2b-4dbc-9ffd-f743f14f28bb-76
event: thinking
data: {"text":" the"}

id: 2df680fb-6b2b-4dbc-9ffd-f743f14f28bb-77
event: thinking
data: {"text":" user"}

id: 2df680fb-6b2b-4dbc-9ffd-f743f14f28bb-78
event: thinking
data: {"text":" mentioned"}

id: 2df680fb-6b2b-4dbc-9ffd-f743f14f28bb-79
event: thinking
data: {"text":" using"}

id: 2df680fb-6b2b-4dbc-9ffd-f743f14f28bb-80
event: thinking
data: {"text":" the"}

id: 2df680fb-6b2b-4dbc-9ffd-f743f14f28bb-81
event: thinking
data: {"text":" web"}

id: 2df680fb-6b2b-4dbc-9ffd-f743f14f28bb-82
event: thinking
data: {"text":"_search"}

id: 2df680fb-6b2b-4dbc-9ffd-f743f14f28bb-83
event: thinking
data: {"text":" tool"}

id: 2df680fb-6b2b-4dbc-9ffd-f743f14f28bb-84
event: thinking
data: {"text":","}

id: 2df680fb-6b2b-4dbc-9ffd-f743f14f28bb-85
event: thinking
data: {"text":" I"}

id: 2df680fb-6b2b-4dbc-9ffd-f743f14f28bb-86
event: thinking
data: {"text":" should"}

id: 2df680fb-6b2b-4dbc-9ffd-f743f14f28bb-87
event: thinking
data: {"text":" perform"}

id: 2df680fb-6b2b-4dbc-9ffd-f743f14f28bb-88
event: thinking
data: {"text":" a"}

id: 2df680fb-6b2b-4dbc-9ffd-f743f14f28bb-89
event: thinking
data: {"text":" search"}

id: 2df680fb-6b2b-4dbc-9ffd-f743f14f28bb-90
event: thinking
data: {"text":" to"}

id: 2df680fb-6b2b-4dbc-9ffd-f743f14f28bb-91
event: thinking
data: {"text":" get"}

id: 2df680fb-6b2b-4dbc-9ffd-f743f14f28bb-92
event: thinking
data: {"text":" the"}

id: 2df680fb-6b2b-4dbc-9ffd-f743f14f28bb-93
event: thinking
data: {"text":" latest"}

id: 2df680fb-6b2b-4dbc-9ffd-f743f14f28bb-94
event: thinking
data: {"text":" information"}

id: 2df680fb-6b2b-4dbc-9ffd-f743f14f28bb-95
event: thinking
data: {"text":"."}

id: 2df680fb-6b2b-4dbc-9ffd-f743f14f28bb-96
event: thinking
data: {"text":" The"}

id: 2df680fb-6b2b-4dbc-9ffd-f743f14f28bb-97
event: thinking
data: {"text":" query"}

id: 2df680fb-6b2b-4dbc-9ffd-f743f14f28bb-98
event: thinking
data: {"text":" should"}

id: 2df680fb-6b2b-4dbc-9ffd-f743f14f28bb-99
event: thinking
data: {"text":" be"}

id: 2df680fb-6b2b-4dbc-9ffd-f743f14f28bb-100
event: thinking
data: {"text":" something"}

id: 2df680fb-6b2b-4dbc-9ffd-f743f14f28bb-101
event: thinking
data: {"text":" like"}

id: 2df680fb-6b2b-4dbc-9ffd-f743f14f28bb-102
event: thinking
data: {"text":" \""}

id: 2df680fb-6b2b-4dbc-9ffd-f743f14f28bb-103
event: thinking
data: {"text":"latest"}

id: 2df680fb-6b2b-4dbc-9ffd-f743f14f28bb-104
event: thinking
data: {"text":" stable"}

id: 2df680fb-6b2b-4dbc-9ffd-f743f14f28bb-105
event: thinking
data: {"text":" version"}

id: 2df680fb-6b2b-4dbc-9ffd-f743f14f28bb-106
event: thinking
data: {"text":" of"}

id: 2df680fb-6b2b-4dbc-9ffd-f743f14f28bb-107
event: thinking
data: {"text":" Bun"}

id: 2df680fb-6b2b-4dbc-9ffd-f743f14f28bb-108
event: thinking
data: {"text":" Java"}

id: 2df680fb-6b2b-4dbc-9ffd-f743f14f28bb-109
event: thinking
data: {"text":"Script"}

id: 2df680fb-6b2b-4dbc-9ffd-f743f14f28bb-110
event: thinking
data: {"text":" runtime"}

id: 2df680fb-6b2b-4dbc-9ffd-f743f14f28bb-111
event: thinking
data: {"text":"\"."}

id: 2df680fb-6b2b-4dbc-9ffd-f743f14f28bb-112
event: thinking
data: {"text":" Let"}

id: 2df680fb-6b2b-4dbc-9ffd-f743f14f28bb-113
event: thinking
data: {"text":" me"}

id: 2df680fb-6b2b-4dbc-9ffd-f743f14f28bb-114
event: thinking
data: {"text":" check"}

id: 2df680fb-6b2b-4dbc-9ffd-f743f14f28bb-115
event: thinking
data: {"text":" if"}

id: 2df680fb-6b2b-4dbc-9ffd-f743f14f28bb-116
event: thinking
data: {"text":" there"}

id: 2df680fb-6b2b-4dbc-9ffd-f743f14f28bb-117
event: thinking
data: {"text":"'s"}

id: 2df680fb-6b2b-4dbc-9ffd-f743f14f28bb-118
event: thinking
data: {"text":" any"}

id: 2df680fb-6b2b-4dbc-9ffd-f743f14f28bb-119
event: thinking
data: {"text":" recent"}

id: 2df680fb-6b2b-4dbc-9ffd-f743f14f28bb-120
event: thinking
data: {"text":" updates"}

id: 2df680fb-6b2b-4dbc-9ffd-f743f14f28bb-121
event: thinking
data: {"text":"."}

id: 2df680fb-6b2b-4dbc-9ffd-f743f14f28bb-122
event: thinking
data: {"text":" \n\nI"}

id: 2df680fb-6b2b-4dbc-9ffd-f743f14f28bb-123
event: thinking
data: {"text":"'ll"}

id: 2df680fb-6b2b-4dbc-9ffd-f743f14f28bb-124
event: thinking
data: {"text":" use"}

id: 2df680fb-6b2b-4dbc-9ffd-f743f14f28bb-125
event: thinking
data: {"text":" the"}

id: 2df680fb-6b2b-4dbc-9ffd-f743f14f28bb-126
event: thinking
data: {"text":" web"}

id: 2df680fb-6b2b-4dbc-9ffd-f743f14f28bb-127
event: thinking
data: {"text":"_search"}

id: 2df680fb-6b2b-4dbc-9ffd-f743f14f28bb-128
event: thinking
data: {"text":" function"}

id: 2df680fb-6b2b-4dbc-9ffd-f743f14f28bb-129
event: thinking
data: {"text":" with"}

id: 2df680fb-6b2b-4dbc-9ffd-f743f14f28bb-130
event: thinking
data: {"text":" that"}

id: 2df680fb-6b2b-4dbc-9ffd-f743f14f28bb-131
event: thinking
data: {"text":" query"}

id: 2df680fb-6b2b-4dbc-9ffd-f743f14f28bb-132
event: thinking
data: {"text":"."}

id: 2df680fb-6b2b-4dbc-9ffd-f743f14f28bb-133
event: thinking
data: {"text":" The"}

id: 2df680fb-6b2b-4dbc-9ffd-f743f14f28bb-134
event: thinking
data: {"text":" results"}

id: 2df680fb-6b2b-4dbc-9ffd-f743f14f28bb-135
event: thinking
data: {"text":" should"}

id: 2df680fb-6b2b-4dbc-9ffd-f743f14f28bb-136
event: thinking
data: {"text":" give"}

id: 2df680fb-6b2b-4dbc-9ffd-f743f14f28bb-137
event: thinking
data: {"text":" me"}

id: 2df680fb-6b2b-4dbc-9ffd-f743f14f28bb-138
event: thinking
data: {"text":" the"}

id: 2df680fb-6b2b-4dbc-9ffd-f743f14f28bb-139
event: thinking
data: {"text":" current"}

id: 2df680fb-6b2b-4dbc-9ffd-f743f14f28bb-140
event: thinking
data: {"text":" version"}

id: 2df680fb-6b2b-4dbc-9ffd-f743f14f28bb-141
event: thinking
data: {"text":"."}

id: 2df680fb-6b2b-4dbc-9ffd-f743f14f28bb-142
event: thinking
data: {"text":" Suppose"}

id: 2df680fb-6b2b-4dbc-9ffd-f743f14f28bb-143
event: thinking
data: {"text":" the"}

id: 2df680fb-6b2b-4dbc-9ffd-f743f14f28bb-144
event: thinking
data: {"text":" top"}

id: 2df680fb-6b2b-4dbc-9ffd-f743f14f28bb-145
event: thinking
data: {"text":" result"}

id: 2df680fb-6b2b-4dbc-9ffd-f743f14f28bb-146
event: thinking
data: {"text":" is"}

id: 2df680fb-6b2b-4dbc-9ffd-f743f14f28bb-147
event: thinking
data: {"text":" from"}

id: 2df680fb-6b2b-4dbc-9ffd-f743f14f28bb-148
event: thinking
data: {"text":" the"}

id: 2df680fb-6b2b-4dbc-9ffd-f743f14f28bb-149
event: thinking
data: {"text":" official"}

id: 2df680fb-6b2b-4dbc-9ffd-f743f14f28bb-150
event: thinking
data: {"text":" Bun"}

id: 2df680fb-6b2b-4dbc-9ffd-f743f14f28bb-151
event: thinking
data: {"text":" website"}

id: 2df680fb-6b2b-4dbc-9ffd-f743f14f28bb-152
event: thinking
data: {"text":" or"}

id: 2df680fb-6b2b-4dbc-9ffd-f743f14f28bb-153
event: thinking
data: {"text":" a"}

id: 2df680fb-6b2b-4dbc-9ffd-f743f14f28bb-154
event: thinking
data: {"text":" reput"}

id: 2df680fb-6b2b-4dbc-9ffd-f743f14f28bb-155
event: thinking
data: {"text":"able"}

id: 2df680fb-6b2b-4dbc-9ffd-f743f14f28bb-156
event: thinking
data: {"text":" tech"}

id: 2df680fb-6b2b-4dbc-9ffd-f743f14f28bb-157
event: thinking
data: {"text":" site"}

id: 2df680fb-6b2b-4dbc-9ffd-f743f14f28bb-158
event: thinking
data: {"text":"."}

id: 2df680fb-6b2b-4dbc-9ffd-f743f14f28bb-159
event: thinking
data: {"text":" I"}

id: 2df680fb-6b2b-4dbc-9ffd-f743f14f28bb-160
event: thinking
data: {"text":" need"}

id: 2df680fb-6b2b-4dbc-9ffd-f743f14f28bb-161
event: thinking
data: {"text":" to"}

id: 2df680fb-6b2b-4dbc-9ffd-f743f14f28bb-162
event: thinking
data: {"text":" make"}

id: 2df680fb-6b2b-4dbc-9ffd-f743f14f28bb-163
event: thinking
data: {"text":" sure"}

id: 2df680fb-6b2b-4dbc-9ffd-f743f14f28bb-164
event: thinking
data: {"text":" the"}

id: 2df680fb-6b2b-4dbc-9ffd-f743f14f28bb-165
event: thinking
data: {"text":" source"}

id: 2df680fb-6b2b-4dbc-9ffd-f743f14f28bb-166
event: thinking
data: {"text":" is"}

id: 2df680fb-6b2b-4dbc-9ffd-f743f14f28bb-167
event: thinking
data: {"text":" reliable"}

id: 2df680fb-6b2b-4dbc-9ffd-f743f14f28bb-168
event: thinking
data: {"text":"."}

id: 2df680fb-6b2b-4dbc-9ffd-f743f14f28bb-169
event: thinking
data: {"text":" Once"}

id: 2df680fb-6b2b-4dbc-9ffd-f743f14f28bb-170
event: thinking
data: {"text":" I"}

id: 2df680fb-6b2b-4dbc-9ffd-f743f14f28bb-171
event: thinking
data: {"text":" get"}

id: 2df680fb-6b2b-4dbc-9ffd-f743f14f28bb-172
event: thinking
data: {"text":" the"}

id: 2df680fb-6b2b-4dbc-9ffd-f743f14f28bb-173
event: thinking
data: {"text":" search"}

id: 2df680fb-6b2b-4dbc-9ffd-f743f14f28bb-174
event: thinking
data: {"text":" results"}

id: 2df680fb-6b2b-4dbc-9ffd-f743f14f28bb-175
event: thinking
data: {"text":","}

id: 2df680fb-6b2b-4dbc-9ffd-f743f14f28bb-176
event: thinking
data: {"text":" I"}

id: 2df680fb-6b2b-4dbc-9ffd-f743f14f28bb-177
event: thinking
data: {"text":"'ll"}

id: 2df680fb-6b2b-4dbc-9ffd-f743f14f28bb-178
event: thinking
data: {"text":" look"}

id: 2df680fb-6b2b-4dbc-9ffd-f743f14f28bb-179
event: thinking
data: {"text":" for"}

id: 2df680fb-6b2b-4dbc-9ffd-f743f14f28bb-180
event: thinking
data: {"text":" the"}

id: 2df680fb-6b2b-4dbc-9ffd-f743f14f28bb-181
event: thinking
data: {"text":" version"}

id: 2df680fb-6b2b-4dbc-9ffd-f743f14f28bb-182
event: thinking
data: {"text":" number"}

id: 2df680fb-6b2b-4dbc-9ffd-f743f14f28bb-183
event: thinking
data: {"text":" mentioned"}

id: 2df680fb-6b2b-4dbc-9ffd-f743f14f28bb-184
event: thinking
data: {"text":" there"}

id: 2df680fb-6b2b-4dbc-9ffd-f743f14f28bb-185
event: thinking
data: {"text":"."}

id: 2df680fb-6b2b-4dbc-9ffd-f743f14f28bb-186
event: thinking
data: {"text":" \n\nAfter"}

id: 2df680fb-6b2b-4dbc-9ffd-f743f14f28bb-187
event: thinking
data: {"text":" obtaining"}

id: 2df680fb-6b2b-4dbc-9ffd-f743f14f28bb-188
event: thinking
data: {"text":" the"}

id: 2df680fb-6b2b-4dbc-9ffd-f743f14f28bb-189
event: thinking
data: {"text":" version"}

id: 2df680fb-6b2b-4dbc-9ffd-f743f14f28bb-190
event: thinking
data: {"text":" number"}

id: 2df680fb-6b2b-4dbc-9ffd-f743f14f28bb-191
event: thinking
data: {"text":","}

id: 2df680fb-6b2b-4dbc-9ffd-f743f14f28bb-192
event: thinking
data: {"text":" I"}

id: 2df680fb-6b2b-4dbc-9ffd-f743f14f28bb-193
event: thinking
data: {"text":" need"}

id: 2df680fb-6b2b-4dbc-9ffd-f743f14f28bb-194
event: thinking
data: {"text":" to"}

id: 2df680fb-6b2b-4dbc-9ffd-f743f14f28bb-195
event: thinking
data: {"text":" cite"}

id: 2df680fb-6b2b-4dbc-9ffd-f743f14f28bb-196
event: thinking
data: {"text":" the"}

id: 2df680fb-6b2b-4dbc-9ffd-f743f14f28bb-197
event: thinking
data: {"text":" source"}

id: 2df680fb-6b2b-4dbc-9ffd-f743f14f28bb-198
event: thinking
data: {"text":"."}

id: 2df680fb-6b2b-4dbc-9ffd-f743f14f28bb-199
event: thinking
data: {"text":" The"}

id: 2df680fb-6b2b-4dbc-9ffd-f743f14f28bb-200
event: thinking
data: {"text":" citation"}

id: 2df680fb-6b2b-4dbc-9ffd-f743f14f28bb-201
event: thinking
data: {"text":" should"}

id: 2df680fb-6b2b-4dbc-9ffd-f743f14f28bb-202
event: thinking
data: {"text":" include"}

id: 2df680fb-6b2b-4dbc-9ffd-f743f14f28bb-203
event: thinking
data: {"text":" the"}

id: 2df680fb-6b2b-4dbc-9ffd-f743f14f28bb-204
event: thinking
data: {"text":" title"}

id: 2df680fb-6b2b-4dbc-9ffd-f743f14f28bb-205
event: thinking
data: {"text":" of"}

id: 2df680fb-6b2b-4dbc-9ffd-f743f14f28bb-206
event: thinking
data: {"text":" the"}

id: 2df680fb-6b2b-4dbc-9ffd-f743f14f28bb-207
event: thinking
data: {"text":" page"}

id: 2df680fb-6b2b-4dbc-9ffd-f743f14f28bb-208
event: thinking
data: {"text":","}

id: 2df680fb-6b2b-4dbc-9ffd-f743f14f28bb-209
event: thinking
data: {"text":" the"}

id: 2df680fb-6b2b-4dbc-9ffd-f743f14f28bb-210
event: thinking
data: {"text":" URL"}

id: 2df680fb-6b2b-4dbc-9ffd-f743f14f28bb-211
event: thinking
data: {"text":","}

id: 2df680fb-6b2b-4dbc-9ffd-f743f14f28bb-212
event: thinking
data: {"text":" and"}

id: 2df680fb-6b2b-4dbc-9ffd-f743f14f28bb-213
event: thinking
data: {"text":" maybe"}

id: 2df680fb-6b2b-4dbc-9ffd-f743f14f28bb-214
event: thinking
data: {"text":" the"}

id: 2df680fb-6b2b-4dbc-9ffd-f743f14f28bb-215
event: thinking
data: {"text":" snippet"}

id: 2df680fb-6b2b-4dbc-9ffd-f743f14f28bb-216
event: thinking
data: {"text":" where"}

id: 2df680fb-6b2b-4dbc-9ffd-f743f14f28bb-217
event: thinking
data: {"text":" the"}

id: 2df680fb-6b2b-4dbc-9ffd-f743f14f28bb-218
event: thinking
data: {"text":" version"}

id: 2df680fb-6b2b-4dbc-9ffd-f743f14f28bb-219
event: thinking
data: {"text":" is"}

id: 2df680fb-6b2b-4dbc-9ffd-f743f14f28bb-220
event: thinking
data: {"text":" mentioned"}

id: 2df680fb-6b2b-4dbc-9ffd-f743f14f28bb-221
event: thinking
data: {"text":"."}

id: 2df680fb-6b2b-4dbc-9ffd-f743f14f28bb-222
event: thinking
data: {"text":" Then"}

id: 2df680fb-6b2b-4dbc-9ffd-f743f14f28bb-223
event: thinking
data: {"text":","}

id: 2df680fb-6b2b-4dbc-9ffd-f743f14f28bb-224
event: thinking
data: {"text":" I"}

id: 2df680fb-6b2b-4dbc-9ffd-f743f14f28bb-225
event: thinking
data: {"text":"'ll"}

id: 2df680fb-6b2b-4dbc-9ffd-f743f14f28bb-226
event: thinking
data: {"text":" conden"}

id: 2df680fb-6b2b-4dbc-9ffd-f743f14f28bb-227
event: thinking
data: {"text":"se"}

id: 2df680fb-6b2b-4dbc-9ffd-f743f14f28bb-228
event: thinking
data: {"text":" all"}

id: 2df680fb-6b2b-4dbc-9ffd-f743f14f28bb-229
event: thinking
data: {"text":" that"}

id: 2df680fb-6b2b-4dbc-9ffd-f743f14f28bb-230
event: thinking
data: {"text":" into"}

id: 2df680fb-6b2b-4dbc-9ffd-f743f14f28bb-231
event: thinking
data: {"text":" one"}

id: 2df680fb-6b2b-4dbc-9ffd-f743f14f28bb-232
event: thinking
data: {"text":" sentence"}

id: 2df680fb-6b2b-4dbc-9ffd-f743f14f28bb-233
event: thinking
data: {"text":" as"}

id: 2df680fb-6b2b-4dbc-9ffd-f743f14f28bb-234
event: thinking
data: {"text":" per"}

id: 2df680fb-6b2b-4dbc-9ffd-f743f14f28bb-235
event: thinking
data: {"text":" the"}

id: 2df680fb-6b2b-4dbc-9ffd-f743f14f28bb-236
event: thinking
data: {"text":" user"}

id: 2df680fb-6b2b-4dbc-9ffd-f743f14f28bb-237
event: thinking
data: {"text":"'s"}

id: 2df680fb-6b2b-4dbc-9ffd-f743f14f28bb-238
event: thinking
data: {"text":" request"}

id: 2df680fb-6b2b-4dbc-9ffd-f743f14f28bb-239
event: thinking
data: {"text":"."}

id: 2df680fb-6b2b-4dbc-9ffd-f743f14f28bb-240
event: thinking
data: {"text":" Let"}

id: 2df680fb-6b2b-4dbc-9ffd-f743f14f28bb-241
event: thinking
data: {"text":" me"}

id: 2df680fb-6b2b-4dbc-9ffd-f743f14f28bb-242
event: thinking
data: {"text":" make"}

id: 2df680fb-6b2b-4dbc-9ffd-f743f14f28bb-243
event: thinking
data: {"text":" sure"}

id: 2df680fb-6b2b-4dbc-9ffd-f743f14f28bb-244
event: thinking
data: {"text":" the"}

id: 2df680fb-6b2b-4dbc-9ffd-f743f14f28bb-245
event: thinking
data: {"text":" answer"}

id: 2df680fb-6b2b-4dbc-9ffd-f743f14f28bb-246
event: thinking
data: {"text":" is"}

id: 2df680fb-6b2b-4dbc-9ffd-f743f14f28bb-247
event: thinking
data: {"text":" concise"}

id: 2df680fb-6b2b-4dbc-9ffd-f743f14f28bb-248
event: thinking
data: {"text":" and"}

id: 2df680fb-6b2b-4dbc-9ffd-f743f14f28bb-249
event: thinking
data: {"text":" directly"}

id: 2df680fb-6b2b-4dbc-9ffd-f743f14f28bb-250
event: thinking
data: {"text":" addresses"}

id: 2df680fb-6b2b-4dbc-9ffd-f743f14f28bb-251
event: thinking
data: {"text":" the"}

id: 2df680fb-6b2b-4dbc-9ffd-f743f14f28bb-252
event: thinking
data: {"text":" question"}

id: 2df680fb-6b2b-4dbc-9ffd-f743f14f28bb-253
event: thinking
data: {"text":" without"}

id: 2df680fb-6b2b-4dbc-9ffd-f743f14f28bb-254
event: thinking
data: {"text":" extra"}

id: 2df680fb-6b2b-4dbc-9ffd-f743f14f28bb-255
event: thinking
data: {"text":" details"}

id: 2df680fb-6b2b-4dbc-9ffd-f743f14f28bb-256
event: thinking
data: {"text":"."}

id: 2df680fb-6b2b-4dbc-9ffd-f743f14f28bb-257
event: step
data: {"step_id":"55cab47f-5383-49e2-872c-4d6884bd124e","kind":"search","status":"started","query":"latest stable version of Bun JavaScript runtime"}

id: 2df680fb-6b2b-4dbc-9ffd-f743f14f28bb-258
event: step
data: {"step_id":"55cab47f-5383-49e2-872c-4d6884bd124e","kind":"search","status":"done","query":"latest stable version of Bun JavaScript runtime"}

id: 2df680fb-6b2b-4dbc-9ffd-f743f14f28bb-259
event: thinking
data: {"text":"We"}

id: 2df680fb-6b2b-4dbc-9ffd-f743f14f28bb-260
event: thinking
data: {"text":" need"}

id: 2df680fb-6b2b-4dbc-9ffd-f743f14f28bb-261
event: thinking
data: {"text":" latest"}

id: 2df680fb-6b2b-4dbc-9ffd-f743f14f28bb-262
event: thinking
data: {"text":" stable"}

id: 2df680fb-6b2b-4dbc-9ffd-f743f14f28bb-263
event: thinking
data: {"text":" version"}

id: 2df680fb-6b2b-4dbc-9ffd-f743f14f28bb-264
event: thinking
data: {"text":" of"}

id: 2df680fb-6b2b-4dbc-9ffd-f743f14f28bb-265
event: thinking
data: {"text":" Bun"}

id: 2df680fb-6b2b-4dbc-9ffd-f743f14f28bb-266
event: thinking
data: {"text":" Java"}

id: 2df680fb-6b2b-4dbc-9ffd-f743f14f28bb-267
event: thinking
data: {"text":"Script"}

id: 2df680fb-6b2b-4dbc-9ffd-f743f14f28bb-268
event: thinking
data: {"text":" runtime"}

id: 2df680fb-6b2b-4dbc-9ffd-f743f14f28bb-269
event: thinking
data: {"text":"."}

id: 2df680fb-6b2b-4dbc-9ffd-f743f14f28bb-270
event: thinking
data: {"text":" Search"}

id: 2df680fb-6b2b-4dbc-9ffd-f743f14f28bb-271
event: thinking
data: {"text":" results"}

id: 2df680fb-6b2b-4dbc-9ffd-f743f14f28bb-272
event: thinking
data: {"text":" show"}

id: 2df680fb-6b2b-4dbc-9ffd-f743f14f28bb-273
event: thinking
data: {"text":" npm"}

id: 2df680fb-6b2b-4dbc-9ffd-f743f14f28bb-274
event: thinking
data: {"text":" page"}

id: 2df680fb-6b2b-4dbc-9ffd-f743f14f28bb-275
event: thinking
data: {"text":" says"}

id: 2df680fb-6b2b-4dbc-9ffd-f743f14f28bb-276
event: thinking
data: {"text":" latest"}

id: 2df680fb-6b2b-4dbc-9ffd-f743f14f28bb-277
event: thinking
data: {"text":" version"}

id: 2df680fb-6b2b-4dbc-9ffd-f743f14f28bb-278
event: thinking
data: {"text":" 1"}

id: 2df680fb-6b2b-4dbc-9ffd-f743f14f28bb-279
event: thinking
data: {"text":"."}

id: 2df680fb-6b2b-4dbc-9ffd-f743f14f28bb-280
event: thinking
data: {"text":"3"}

id: 2df680fb-6b2b-4dbc-9ffd-f743f14f28bb-281
event: thinking
data: {"text":"."}

id: 2df680fb-6b2b-4dbc-9ffd-f743f14f28bb-282
event: thinking
data: {"text":"1"}

id: 2df680fb-6b2b-4dbc-9ffd-f743f14f28bb-283
event: thinking
data: {"text":"4"}

id: 2df680fb-6b2b-4dbc-9ffd-f743f14f28bb-284
event: thinking
data: {"text":" ("}

id: 2df680fb-6b2b-4dbc-9ffd-f743f14f28bb-285
event: thinking
data: {"text":"last"}

id: 2df680fb-6b2b-4dbc-9ffd-f743f14f28bb-286
event: thinking
data: {"text":" published"}

id: 2df680fb-6b2b-4dbc-9ffd-f743f14f28bb-287
event: thinking
data: {"text":" 3"}

id: 2df680fb-6b2b-4dbc-9ffd-f743f14f28bb-288
event: thinking
data: {"text":" months"}

id: 2df680fb-6b2b-4dbc-9ffd-f743f14f28bb-289
event: thinking
data: {"text":" ago"}

id: 2df680fb-6b2b-4dbc-9ffd-f743f14f28bb-290
event: thinking
data: {"text":")."}

id: 2df680fb-6b2b-4dbc-9ffd-f743f14f28bb-291
event: thinking
data: {"text":" Also"}

id: 2df680fb-6b2b-4dbc-9ffd-f743f14f28bb-292
event: thinking
data: {"text":" Git"}

id: 2df680fb-6b2b-4dbc-9ffd-f743f14f28bb-293
event: thinking
data: {"text":"Hub"}

id: 2df680fb-6b2b-4dbc-9ffd-f743f14f28bb-294
event: thinking
data: {"text":" releases"}

id: 2df680fb-6b2b-4dbc-9ffd-f743f14f28bb-295
event: thinking
data: {"text":" maybe"}

id: 2df680fb-6b2b-4dbc-9ffd-f743f14f28bb-296
event: thinking
data: {"text":" later"}

id: 2df680fb-6b2b-4dbc-9ffd-f743f14f28bb-297
event: thinking
data: {"text":"."}

id: 2df680fb-6b2b-4dbc-9ffd-f743f14f28bb-298
event: thinking
data: {"text":" Let"}

id: 2df680fb-6b2b-4dbc-9ffd-f743f14f28bb-299
event: thinking
data: {"text":"'s"}

id: 2df680fb-6b2b-4dbc-9ffd-f743f14f28bb-300
event: thinking
data: {"text":" check"}

id: 2df680fb-6b2b-4dbc-9ffd-f743f14f28bb-301
event: thinking
data: {"text":" the"}

id: 2df680fb-6b2b-4dbc-9ffd-f743f14f28bb-302
event: thinking
data: {"text":" Git"}

id: 2df680fb-6b2b-4dbc-9ffd-f743f14f28bb-303
event: thinking
data: {"text":"Hub"}

id: 2df680fb-6b2b-4dbc-9ffd-f743f14f28bb-304
event: thinking
data: {"text":" releases"}

id: 2df680fb-6b2b-4dbc-9ffd-f743f14f28bb-305
event: thinking
data: {"text":" page"}

id: 2df680fb-6b2b-4dbc-9ffd-f743f14f28bb-306
event: thinking
data: {"text":" for"}

id: 2df680fb-6b2b-4dbc-9ffd-f743f14f28bb-307
event: thinking
data: {"text":" latest"}

id: 2df680fb-6b2b-4dbc-9ffd-f743f14f28bb-308
event: thinking
data: {"text":" version"}

id: 2df680fb-6b2b-4dbc-9ffd-f743f14f28bb-309
event: thinking
data: {"text":"."}

id: 2df680fb-6b2b-4dbc-9ffd-f743f14f28bb-310
event: thinking
data: {"text":" Might"}

id: 2df680fb-6b2b-4dbc-9ffd-f743f14f28bb-311
event: thinking
data: {"text":" be"}

id: 2df680fb-6b2b-4dbc-9ffd-f743f14f28bb-312
event: thinking
data: {"text":" newer"}

id: 2df680fb-6b2b-4dbc-9ffd-f743f14f28bb-313
event: thinking
data: {"text":" than"}

id: 2df680fb-6b2b-4dbc-9ffd-f743f14f28bb-314
event: thinking
data: {"text":" 1"}

id: 2df680fb-6b2b-4dbc-9ffd-f743f14f28bb-315
event: thinking
data: {"text":"."}

id: 2df680fb-6b2b-4dbc-9ffd-f743f14f28bb-316
event: thinking
data: {"text":"3"}

id: 2df680fb-6b2b-4dbc-9ffd-f743f14f28bb-317
event: thinking
data: {"text":"."}

id: 2df680fb-6b2b-4dbc-9ffd-f743f14f28bb-318
event: thinking
data: {"text":"1"}

id: 2df680fb-6b2b-4dbc-9ffd-f743f14f28bb-319
event: thinking
data: {"text":"4"}

id: 2df680fb-6b2b-4dbc-9ffd-f743f14f28bb-320
event: thinking
data: {"text":"."}

id: 2df680fb-6b2b-4dbc-9ffd-f743f14f28bb-321
event: thinking
data: {"text":" Let"}

id: 2df680fb-6b2b-4dbc-9ffd-f743f14f28bb-322
event: thinking
data: {"text":"'s"}

id: 2df680fb-6b2b-4dbc-9ffd-f743f14f28bb-323
event: thinking
data: {"text":" fetch"}

id: 2df680fb-6b2b-4dbc-9ffd-f743f14f28bb-324
event: thinking
data: {"text":" that"}

id: 2df680fb-6b2b-4dbc-9ffd-f743f14f28bb-325
event: thinking
data: {"text":" page"}

id: 2df680fb-6b2b-4dbc-9ffd-f743f14f28bb-326
event: thinking
data: {"text":"."}

id: 2df680fb-6b2b-4dbc-9ffd-f743f14f28bb-327
event: step
data: {"step_id":"6fe6155b-b2ee-43cf-a578-6568f7673001","kind":"read","status":"started","url":"https://github.com/oven-sh/bun/releases"}

id: 2df680fb-6b2b-4dbc-9ffd-f743f14f28bb-328
event: step
data: {"step_id":"6fe6155b-b2ee-43cf-a578-6568f7673001","kind":"read","status":"done","url":"https://github.com/oven-sh/bun/releases"}

id: 2df680fb-6b2b-4dbc-9ffd-f743f14f28bb-329
event: thinking
data: {"text":"We"}

id: 2df680fb-6b2b-4dbc-9ffd-f743f14f28bb-330
event: thinking
data: {"text":" need"}

id: 2df680fb-6b2b-4dbc-9ffd-f743f14f28bb-331
event: thinking
data: {"text":" the"}

id: 2df680fb-6b2b-4dbc-9ffd-f743f14f28bb-332
event: thinking
data: {"text":" latest"}

id: 2df680fb-6b2b-4dbc-9ffd-f743f14f28bb-333
event: thinking
data: {"text":" stable"}

id: 2df680fb-6b2b-4dbc-9ffd-f743f14f28bb-334
event: thinking
data: {"text":" version"}

id: 2df680fb-6b2b-4dbc-9ffd-f743f14f28bb-335
event: thinking
data: {"text":" of"}

id: 2df680fb-6b2b-4dbc-9ffd-f743f14f28bb-336
event: thinking
data: {"text":" Bun"}

id: 2df680fb-6b2b-4dbc-9ffd-f743f14f28bb-337
event: thinking
data: {"text":"."}

id: 2df680fb-6b2b-4dbc-9ffd-f743f14f28bb-338
event: thinking
data: {"text":" The"}

id: 2df680fb-6b2b-4dbc-9ffd-f743f14f28bb-339
event: thinking
data: {"text":" search"}

id: 2df680fb-6b2b-4dbc-9ffd-f743f14f28bb-340
event: thinking
data: {"text":" results"}

id: 2df680fb-6b2b-4dbc-9ffd-f743f14f28bb-341
event: thinking
data: {"text":" show"}

id: 2df680fb-6b2b-4dbc-9ffd-f743f14f28bb-342
event: thinking
data: {"text":" multiple"}

id: 2df680fb-6b2b-4dbc-9ffd-f743f14f28bb-343
event: thinking
data: {"text":" releases"}

id: 2df680fb-6b2b-4dbc-9ffd-f743f14f28bb-344
event: thinking
data: {"text":"."}

id: 2df680fb-6b2b-4dbc-9ffd-f743f14f28bb-345
event: thinking
data: {"text":" Latest"}

id: 2df680fb-6b2b-4dbc-9ffd-f743f14f28bb-346
event: thinking
data: {"text":" in"}

id: 2df680fb-6b2b-4dbc-9ffd-f743f14f28bb-347
event: thinking
data: {"text":" the"}

id: 2df680fb-6b2b-4dbc-9ffd-f743f14f28bb-348
event: thinking
data: {"text":" list"}

id: 2df680fb-6b2b-4dbc-9ffd-f743f14f28bb-349
event: thinking
data: {"text":" is"}

id: 2df680fb-6b2b-4dbc-9ffd-f743f14f28bb-350
event: thinking
data: {"text":" Bun"}

id: 2df680fb-6b2b-4dbc-9ffd-f743f14f28bb-351
event: thinking
data: {"text":" v"}

id: 2df680fb-6b2b-4dbc-9ffd-f743f14f28bb-352
event: thinking
data: {"text":"1"}

id: 2df680fb-6b2b-4dbc-9ffd-f743f14f28bb-353
event: thinking
data: {"text":"."}

id: 2df680fb-6b2b-4dbc-9ffd-f743f14f28bb-354
event: thinking
data: {"text":"4"}

id: 2df680fb-6b2b-4dbc-9ffd-f743f14f28bb-355
event: thinking
data: {"text":"."}

id: 2df680fb-6b2b-4dbc-9ffd-f743f14f28bb-356
event: thinking
data: {"text":"2"}

id: 2df680fb-6b2b-4dbc-9ffd-f743f14f28bb-357
event: thinking
data: {"text":" ("}

id: 2df680fb-6b2b-4dbc-9ffd-f743f14f28bb-358
event: thinking
data: {"text":"release"}

id: 2df680fb-6b2b-4dbc-9ffd-f743f14f28bb-359
event: thinking
data: {"text":" link"}

id: 2df680fb-6b2b-4dbc-9ffd-f743f14f28bb-360
event: thinking
data: {"text":")."}

id: 2df680fb-6b2b-4dbc-9ffd-f743f14f28bb-361
event: thinking
data: {"text":" The"}

id: 2df680fb-6b2b-4dbc-9ffd-f743f14f28bb-362
event: thinking
data: {"text":" npm"}

id: 2df680fb-6b2b-4dbc-9ffd-f743f14f28bb-363
event: thinking
data: {"text":" page"}

id: 2df680fb-6b2b-4dbc-9ffd-f743f14f28bb-364
event: thinking
data: {"text":" says"}

id: 2df680fb-6b2b-4dbc-9ffd-f743f14f28bb-365
event: thinking
data: {"text":" version"}

id: 2df680fb-6b2b-4dbc-9ffd-f743f14f28bb-366
event: thinking
data: {"text":" 1"}

id: 2df680fb-6b2b-4dbc-9ffd-f743f14f28bb-367
event: thinking
data: {"text":"."}

id: 2df680fb-6b2b-4dbc-9ffd-f743f14f28bb-368
event: thinking
data: {"text":"3"}

id: 2df680fb-6b2b-4dbc-9ffd-f743f14f28bb-369
event: thinking
data: {"text":"."}

id: 2df680fb-6b2b-4dbc-9ffd-f743f14f28bb-370
event: thinking
data: {"text":"1"}

id: 2df680fb-6b2b-4dbc-9ffd-f743f14f28bb-371
event: thinking
data: {"text":"4"}

id: 2df680fb-6b2b-4dbc-9ffd-f743f14f28bb-372
event: thinking
data: {"text":" ("}

id: 2df680fb-6b2b-4dbc-9ffd-f743f14f28bb-373
event: thinking
data: {"text":"maybe"}

id: 2df680fb-6b2b-4dbc-9ffd-f743f14f28bb-374
event: thinking
data: {"text":" outdated"}

id: 2df680fb-6b2b-4dbc-9ffd-f743f14f28bb-375
event: thinking
data: {"text":")."}

id: 2df680fb-6b2b-4dbc-9ffd-f743f14f28bb-376
event: thinking
data: {"text":" The"}

id: 2df680fb-6b2b-4dbc-9ffd-f743f14f28bb-377
event: thinking
data: {"text":" Git"}

id: 2df680fb-6b2b-4dbc-9ffd-f743f14f28bb-378
event: thinking
data: {"text":"Hub"}

id: 2df680fb-6b2b-4dbc-9ffd-f743f14f28bb-379
event: thinking
data: {"text":" releases"}

id: 2df680fb-6b2b-4dbc-9ffd-f743f14f28bb-380
event: thinking
data: {"text":" page"}

id: 2df680fb-6b2b-4dbc-9ffd-f743f14f28bb-381
event: thinking
data: {"text":" shows"}

id: 2df680fb-6b2b-4dbc-9ffd-f743f14f28bb-382
event: thinking
data: {"text":" v"}

id: 2df680fb-6b2b-4dbc-9ffd-f743f14f28bb-383
event: thinking
data: {"text":"1"}

id: 2df680fb-6b2b-4dbc-9ffd-f743f14f28bb-384
event: thinking
data: {"text":"."}

id: 2df680fb-6b2b-4dbc-9ffd-f743f14f28bb-385
event: thinking
data: {"text":"4"}

id: 2df680fb-6b2b-4dbc-9ffd-f743f14f28bb-386
event: thinking
data: {"text":"."}

id: 2df680fb-6b2b-4dbc-9ffd-f743f14f28bb-387
event: thinking
data: {"text":"2"}

id: 2df680fb-6b2b-4dbc-9ffd-f743f14f28bb-388
event: thinking
data: {"text":" as"}

id: 2df680fb-6b2b-4dbc-9ffd-f743f14f28bb-389
event: thinking
data: {"text":" the"}

id: 2df680fb-6b2b-4dbc-9ffd-f743f14f28bb-390
event: thinking
data: {"text":" top"}

id: 2df680fb-6b2b-4dbc-9ffd-f743f14f28bb-391
event: thinking
data: {"text":"most"}

id: 2df680fb-6b2b-4dbc-9ffd-f743f14f28bb-392
event: thinking
data: {"text":"."}

id: 2df680fb-6b2b-4dbc-9ffd-f743f14f28bb-393
event: thinking
data: {"text":" So"}

id: 2df680fb-6b2b-4dbc-9ffd-f743f14f28bb-394
event: thinking
data: {"text":" the"}

id: 2df680fb-6b2b-4dbc-9ffd-f743f14f28bb-395
event: thinking
data: {"text":" latest"}

id: 2df680fb-6b2b-4dbc-9ffd-f743f14f28bb-396
event: thinking
data: {"text":" stable"}

id: 2df680fb-6b2b-4dbc-9ffd-f743f14f28bb-397
event: thinking
data: {"text":" version"}

id: 2df680fb-6b2b-4dbc-9ffd-f743f14f28bb-398
event: thinking
data: {"text":" is"}

id: 2df680fb-6b2b-4dbc-9ffd-f743f14f28bb-399
event: thinking
data: {"text":" 1"}

id: 2df680fb-6b2b-4dbc-9ffd-f743f14f28bb-400
event: thinking
data: {"text":"."}

id: 2df680fb-6b2b-4dbc-9ffd-f743f14f28bb-401
event: thinking
data: {"text":"4"}

id: 2df680fb-6b2b-4dbc-9ffd-f743f14f28bb-402
event: thinking
data: {"text":"."}

id: 2df680fb-6b2b-4dbc-9ffd-f743f14f28bb-403
event: thinking
data: {"text":"2"}

id: 2df680fb-6b2b-4dbc-9ffd-f743f14f28bb-404
event: thinking
data: {"text":"."}

id: 2df680fb-6b2b-4dbc-9ffd-f743f14f28bb-405
event: thinking
data: {"text":" Need"}

id: 2df680fb-6b2b-4dbc-9ffd-f743f14f28bb-406
event: thinking
data: {"text":" to"}

id: 2df680fb-6b2b-4dbc-9ffd-f743f14f28bb-407
event: thinking
data: {"text":" cite"}

id: 2df680fb-6b2b-4dbc-9ffd-f743f14f28bb-408
event: thinking
data: {"text":" source"}

id: 2df680fb-6b2b-4dbc-9ffd-f743f14f28bb-409
event: thinking
data: {"text":"."}

id: 2df680fb-6b2b-4dbc-9ffd-f743f14f28bb-410
event: thinking
data: {"text":" The"}

id: 2df680fb-6b2b-4dbc-9ffd-f743f14f28bb-411
event: thinking
data: {"text":" source"}

id: 2df680fb-6b2b-4dbc-9ffd-f743f14f28bb-412
event: thinking
data: {"text":" is"}

id: 2df680fb-6b2b-4dbc-9ffd-f743f14f28bb-413
event: thinking
data: {"text":" the"}

id: 2df680fb-6b2b-4dbc-9ffd-f743f14f28bb-414
event: thinking
data: {"text":" Git"}

id: 2df680fb-6b2b-4dbc-9ffd-f743f14f28bb-415
event: thinking
data: {"text":"Hub"}

id: 2df680fb-6b2b-4dbc-9ffd-f743f14f28bb-416
event: thinking
data: {"text":" releases"}

id: 2df680fb-6b2b-4dbc-9ffd-f743f14f28bb-417
event: thinking
data: {"text":" page"}

id: 2df680fb-6b2b-4dbc-9ffd-f743f14f28bb-418
event: thinking
data: {"text":"."}

id: 2df680fb-6b2b-4dbc-9ffd-f743f14f28bb-419
event: thinking
data: {"text":" So"}

id: 2df680fb-6b2b-4dbc-9ffd-f743f14f28bb-420
event: thinking
data: {"text":" answer"}

id: 2df680fb-6b2b-4dbc-9ffd-f743f14f28bb-421
event: thinking
data: {"text":":"}

id: 2df680fb-6b2b-4dbc-9ffd-f743f14f28bb-422
event: thinking
data: {"text":" The"}

id: 2df680fb-6b2b-4dbc-9ffd-f743f14f28bb-423
event: thinking
data: {"text":" latest"}

id: 2df680fb-6b2b-4dbc-9ffd-f743f14f28bb-424
event: thinking
data: {"text":" stable"}

id: 2df680fb-6b2b-4dbc-9ffd-f743f14f28bb-425
event: thinking
data: {"text":" version"}

id: 2df680fb-6b2b-4dbc-9ffd-f743f14f28bb-426
event: thinking
data: {"text":" of"}

id: 2df680fb-6b2b-4dbc-9ffd-f743f14f28bb-427
event: thinking
data: {"text":" Bun"}

id: 2df680fb-6b2b-4dbc-9ffd-f743f14f28bb-428
event: thinking
data: {"text":" is"}

id: 2df680fb-6b2b-4dbc-9ffd-f743f14f28bb-429
event: thinking
data: {"text":" 1"}

id: 2df680fb-6b2b-4dbc-9ffd-f743f14f28bb-430
event: thinking
data: {"text":"."}

id: 2df680fb-6b2b-4dbc-9ffd-f743f14f28bb-431
event: thinking
data: {"text":"4"}

id: 2df680fb-6b2b-4dbc-9ffd-f743f14f28bb-432
event: thinking
data: {"text":"."}

id: 2df680fb-6b2b-4dbc-9ffd-f743f14f28bb-433
event: thinking
data: {"text":"2"}

id: 2df680fb-6b2b-4dbc-9ffd-f743f14f28bb-434
event: thinking
data: {"text":","}

id: 2df680fb-6b2b-4dbc-9ffd-f743f14f28bb-435
event: thinking
data: {"text":" as"}

id: 2df680fb-6b2b-4dbc-9ffd-f743f14f28bb-436
event: thinking
data: {"text":" announced"}

id: 2df680fb-6b2b-4dbc-9ffd-f743f14f28bb-437
event: thinking
data: {"text":" in"}

id: 2df680fb-6b2b-4dbc-9ffd-f743f14f28bb-438
event: thinking
data: {"text":" the"}

id: 2df680fb-6b2b-4dbc-9ffd-f743f14f28bb-439
event: thinking
data: {"text":" Git"}

id: 2df680fb-6b2b-4dbc-9ffd-f743f14f28bb-440
event: thinking
data: {"text":"Hub"}

id: 2df680fb-6b2b-4dbc-9ffd-f743f14f28bb-441
event: thinking
data: {"text":" releases"}

id: 2df680fb-6b2b-4dbc-9ffd-f743f14f28bb-442
event: thinking
data: {"text":" page"}

id: 2df680fb-6b2b-4dbc-9ffd-f743f14f28bb-443
event: thinking
data: {"text":" for"}

id: 2df680fb-6b2b-4dbc-9ffd-f743f14f28bb-444
event: thinking
data: {"text":" oven"}

id: 2df680fb-6b2b-4dbc-9ffd-f743f14f28bb-445
event: thinking
data: {"text":"-sh"}

id: 2df680fb-6b2b-4dbc-9ffd-f743f14f28bb-446
event: thinking
data: {"text":"/b"}

id: 2df680fb-6b2b-4dbc-9ffd-f743f14f28bb-447
event: thinking
data: {"text":"un"}

id: 2df680fb-6b2b-4dbc-9ffd-f743f14f28bb-448
event: thinking
data: {"text":"."}

id: 2df680fb-6b2b-4dbc-9ffd-f743f14f28bb-449
event: thinking
data: {"text":" Provide"}

id: 2df680fb-6b2b-4dbc-9ffd-f743f14f28bb-450
event: thinking
data: {"text":" citation"}

id: 2df680fb-6b2b-4dbc-9ffd-f743f14f28bb-451
event: thinking
data: {"text":"."}

id: 2df680fb-6b2b-4dbc-9ffd-f743f14f28bb-452
event: thinking
data: {"text":"\n\nWe"}

id: 2df680fb-6b2b-4dbc-9ffd-f743f14f28bb-453
event: thinking
data: {"text":" must"}

id: 2df680fb-6b2b-4dbc-9ffd-f743f14f28bb-454
event: thinking
data: {"text":" answer"}

id: 2df680fb-6b2b-4dbc-9ffd-f743f14f28bb-455
event: thinking
data: {"text":" in"}

id: 2df680fb-6b2b-4dbc-9ffd-f743f14f28bb-456
event: thinking
data: {"text":" one"}

id: 2df680fb-6b2b-4dbc-9ffd-f743f14f28bb-457
event: thinking
data: {"text":" sentence"}

id: 2df680fb-6b2b-4dbc-9ffd-f743f14f28bb-458
event: thinking
data: {"text":" and"}

id: 2df680fb-6b2b-4dbc-9ffd-f743f14f28bb-459
event: thinking
data: {"text":" cite"}

id: 2df680fb-6b2b-4dbc-9ffd-f743f14f28bb-460
event: thinking
data: {"text":" source"}

id: 2df680fb-6b2b-4dbc-9ffd-f743f14f28bb-461
event: thinking
data: {"text":"."}

id: 2df680fb-6b2b-4dbc-9ffd-f743f14f28bb-462
event: thinking
data: {"text":"\n\nThus"}

id: 2df680fb-6b2b-4dbc-9ffd-f743f14f28bb-463
event: thinking
data: {"text":":"}

id: 2df680fb-6b2b-4dbc-9ffd-f743f14f28bb-464
event: thinking
data: {"text":" \""}

id: 2df680fb-6b2b-4dbc-9ffd-f743f14f28bb-465
event: thinking
data: {"text":"The"}

id: 2df680fb-6b2b-4dbc-9ffd-f743f14f28bb-466
event: thinking
data: {"text":" latest"}

id: 2df680fb-6b2b-4dbc-9ffd-f743f14f28bb-467
event: thinking
data: {"text":" stable"}

id: 2df680fb-6b2b-4dbc-9ffd-f743f14f28bb-468
event: thinking
data: {"text":" version"}

id: 2df680fb-6b2b-4dbc-9ffd-f743f14f28bb-469
event: thinking
data: {"text":" of"}

id: 2df680fb-6b2b-4dbc-9ffd-f743f14f28bb-470
event: thinking
data: {"text":" Bun"}

id: 2df680fb-6b2b-4dbc-9ffd-f743f14f28bb-471
event: thinking
data: {"text":" is"}

id: 2df680fb-6b2b-4dbc-9ffd-f743f14f28bb-472
event: thinking
data: {"text":" 1"}

id: 2df680fb-6b2b-4dbc-9ffd-f743f14f28bb-473
event: thinking
data: {"text":"."}

id: 2df680fb-6b2b-4dbc-9ffd-f743f14f28bb-474
event: thinking
data: {"text":"4"}

id: 2df680fb-6b2b-4dbc-9ffd-f743f14f28bb-475
event: thinking
data: {"text":"."}

id: 2df680fb-6b2b-4dbc-9ffd-f743f14f28bb-476
event: thinking
data: {"text":"2"}

id: 2df680fb-6b2b-4dbc-9ffd-f743f14f28bb-477
event: thinking
data: {"text":" ("}

id: 2df680fb-6b2b-4dbc-9ffd-f743f14f28bb-478
event: thinking
data: {"text":"see"}

id: 2df680fb-6b2b-4dbc-9ffd-f743f14f28bb-479
event: thinking
data: {"text":" https"}

id: 2df680fb-6b2b-4dbc-9ffd-f743f14f28bb-480
event: thinking
data: {"text":"://"}

id: 2df680fb-6b2b-4dbc-9ffd-f743f14f28bb-481
event: thinking
data: {"text":"github"}

id: 2df680fb-6b2b-4dbc-9ffd-f743f14f28bb-482
event: thinking
data: {"text":".com"}

id: 2df680fb-6b2b-4dbc-9ffd-f743f14f28bb-483
event: thinking
data: {"text":"/"}

id: 2df680fb-6b2b-4dbc-9ffd-f743f14f28bb-484
event: thinking
data: {"text":"oven"}

id: 2df680fb-6b2b-4dbc-9ffd-f743f14f28bb-485
event: thinking
data: {"text":"-sh"}

id: 2df680fb-6b2b-4dbc-9ffd-f743f14f28bb-486
event: thinking
data: {"text":"/b"}

id: 2df680fb-6b2b-4dbc-9ffd-f743f14f28bb-487
event: thinking
data: {"text":"un"}

id: 2df680fb-6b2b-4dbc-9ffd-f743f14f28bb-488
event: thinking
data: {"text":"/releases"}

id: 2df680fb-6b2b-4dbc-9ffd-f743f14f28bb-489
event: thinking
data: {"text":")."}

id: 2df680fb-6b2b-4dbc-9ffd-f743f14f28bb-490
event: thinking
data: {"text":"\""}

id: 2df680fb-6b2b-4dbc-9ffd-f743f14f28bb-491
event: content
data: {"text":"The"}

id: 2df680fb-6b2b-4dbc-9ffd-f743f14f28bb-492
event: content
data: {"text":" latest"}

id: 2df680fb-6b2b-4dbc-9ffd-f743f14f28bb-493
event: content
data: {"text":" stable"}

id: 2df680fb-6b2b-4dbc-9ffd-f743f14f28bb-494
event: content
data: {"text":" version"}

id: 2df680fb-6b2b-4dbc-9ffd-f743f14f28bb-495
event: content
data: {"text":" of"}

id: 2df680fb-6b2b-4dbc-9ffd-f743f14f28bb-496
event: content
data: {"text":" Bun"}

id: 2df680fb-6b2b-4dbc-9ffd-f743f14f28bb-497
event: content
data: {"text":" is"}

id: 2df680fb-6b2b-4dbc-9ffd-f743f14f28bb-498
event: content
data: {"text":" 1"}

id: 2df680fb-6b2b-4dbc-9ffd-f743f14f28bb-499
event: content
data: {"text":"."}

id: 2df680fb-6b2b-4dbc-9ffd-f743f14f28bb-500
event: content
data: {"text":"4"}

id: 2df680fb-6b2b-4dbc-9ffd-f743f14f28bb-501
event: content
data: {"text":"."}

id: 2df680fb-6b2b-4dbc-9ffd-f743f14f28bb-502
event: content
data: {"text":"2"}

id: 2df680fb-6b2b-4dbc-9ffd-f743f14f28bb-503
event: content
data: {"text":" (as"}

id: 2df680fb-6b2b-4dbc-9ffd-f743f14f28bb-504
event: content
data: {"text":" announced"}

id: 2df680fb-6b2b-4dbc-9ffd-f743f14f28bb-505
event: content
data: {"text":" on"}

id: 2df680fb-6b2b-4dbc-9ffd-f743f14f28bb-506
event: content
data: {"text":" the"}

id: 2df680fb-6b2b-4dbc-9ffd-f743f14f28bb-507
event: content
data: {"text":" oven"}

id: 2df680fb-6b2b-4dbc-9ffd-f743f14f28bb-508
event: content
data: {"text":"‑"}

id: 2df680fb-6b2b-4dbc-9ffd-f743f14f28bb-509
event: content
data: {"text":"sh"}

id: 2df680fb-6b2b-4dbc-9ffd-f743f14f28bb-510
event: content
data: {"text":"/b"}

id: 2df680fb-6b2b-4dbc-9ffd-f743f14f28bb-511
event: content
data: {"text":"un"}

id: 2df680fb-6b2b-4dbc-9ffd-f743f14f28bb-512
event: content
data: {"text":" Git"}

id: 2df680fb-6b2b-4dbc-9ffd-f743f14f28bb-513
event: content
data: {"text":"Hub"}

id: 2df680fb-6b2b-4dbc-9ffd-f743f14f28bb-514
event: content
data: {"text":" releases"}

id: 2df680fb-6b2b-4dbc-9ffd-f743f14f28bb-515
event: content
data: {"text":" page"}

id: 2df680fb-6b2b-4dbc-9ffd-f743f14f28bb-516
event: content
data: {"text":")."}

id: 2df680fb-6b2b-4dbc-9ffd-f743f14f28bb-517
event: sources
data: {"items":[{"title":"Bun (software) - Wikipedia","url":"https://en.wikipedia.org/wiki/Bun_(software)"},{"title":"Bun — A fast all-in-one JavaScript runtime","url":"https://bun.sh/"},{"title":"Releases: oven-sh/bun - GitHub","url":"https://github.com/oven-sh/bun/releases"},{"title":"GitHub - oven-sh/bun: Incredibly fast JavaScript runtime, bundler, test ...","url":"https://github.com/oven-sh/bun"},{"title":"bun - npm","url":"https://www.npmjs.com/package/bun?activeTab=versions"}]}

id: 2df680fb-6b2b-4dbc-9ffd-f743f14f28bb-518
event: done
data: {"status":"complete","model":"nemotron3:33b","eval_count":199,"tokens_per_second":51.86361069245218}

