bun test v1.4.0 (1381054db)

src/web/tools.test.ts:
1 | export function createWebTools(_opts?: unknown): any {
2 |   throw new Error("not implemented");
                                       ^
error: not implemented
      at createWebTools (/Users/ryankenny/Projects/CodingHarnessv2/server/src/web/tools.ts:2:36)
      at <anonymous> (/Users/ryankenny/Projects/CodingHarnessv2/server/src/web/tools.test.ts:39:15)
(fail) createWebTools > tools() returns web_search and read_page function tools [0.18ms]
1 | export function createWebTools(_opts?: unknown): any {
2 |   throw new Error("not implemented");
                                       ^
error: not implemented
      at createWebTools (/Users/ryankenny/Projects/CodingHarnessv2/server/src/web/tools.ts:2:36)
      at <anonymous> (/Users/ryankenny/Projects/CodingHarnessv2/server/src/web/tools.test.ts:56:18)
(fail) createWebTools > systemNote contains the local ISO date and weekday/month words [1.97ms]
1 | export function createWebTools(_opts?: unknown): any {
2 |   throw new Error("not implemented");
                ^
error: not implemented
      at createWebTools (/Users/ryankenny/Projects/CodingHarnessv2/server/src/web/tools.ts:2:13)
      at <anonymous> (/Users/ryankenny/Projects/CodingHarnessv2/server/src/web/tools.test.ts:75:17)
(fail) createWebTools > web_search 200: events, sources, result text and request body [1.33ms]
1 | export function createWebTools(_opts?: unknown): any {
2 |   throw new Error("not implemented");
                ^
error: not implemented
      at createWebTools (/Users/ryankenny/Projects/CodingHarnessv2/server/src/web/tools.ts:2:13)
      at <anonymous> (/Users/ryankenny/Projects/CodingHarnessv2/server/src/web/tools.test.ts:100:17)
(fail) createWebTools > web_search empty results: done, no sources, clear no-results text [0.51ms]
1 | export function createWebTools(_opts?: unknown): any {
2 |   throw new Error("not implemented");
                ^
error: not implemented
      at createWebTools (/Users/ryankenny/Projects/CodingHarnessv2/server/src/web/tools.ts:2:13)
      at <anonymous> (/Users/ryankenny/Projects/CodingHarnessv2/server/src/web/tools.test.ts:116:17)
(fail) createWebTools > web_search 503 search_unavailable -> unavailable [0.47ms]
1 | export function createWebTools(_opts?: unknown): any {
2 |   throw new Error("not implemented");
                ^
error: not implemented
      at createWebTools (/Users/ryankenny/Projects/CodingHarnessv2/server/src/web/tools.ts:2:13)
      at <anonymous> (/Users/ryankenny/Projects/CodingHarnessv2/server/src/web/tools.test.ts:135:17)
(fail) createWebTools > web_search 504 -> failed with error code [0.59ms]
1 | export function createWebTools(_opts?: unknown): any {
2 |   throw new Error("not implemented");
                ^
error: not implemented
      at createWebTools (/Users/ryankenny/Projects/CodingHarnessv2/server/src/web/tools.ts:2:13)
      at <anonymous> (/Users/ryankenny/Projects/CodingHarnessv2/server/src/web/tools.test.ts:152:15)
(fail) createWebTools > network error -> failed network_error [0.33ms]
1 | export function createWebTools(_opts?: unknown): any {
2 |   throw new Error("not implemented");
                ^
error: not implemented
      at createWebTools (/Users/ryankenny/Projects/CodingHarnessv2/server/src/web/tools.ts:2:13)
      at <anonymous> (/Users/ryankenny/Projects/CodingHarnessv2/server/src/web/tools.test.ts:171:17)
(fail) createWebTools > read_page 200: truncated note, source uses final_url [0.53ms]
1 | export function createWebTools(_opts?: unknown): any {
2 |   throw new Error("not implemented");
                ^
error: not implemented
      at createWebTools (/Users/ryankenny/Projects/CodingHarnessv2/server/src/web/tools.ts:2:13)
      at <anonymous> (/Users/ryankenny/Projects/CodingHarnessv2/server/src/web/tools.test.ts:197:17)
(fail) createWebTools > read_page 200 not truncated has no truncated note [0.48ms]
1 | export function createWebTools(_opts?: unknown): any {
2 |   throw new Error("not implemented");
                ^
error: not implemented
      at createWebTools (/Users/ryankenny/Projects/CodingHarnessv2/server/src/web/tools.ts:2:13)
      at <anonymous> (/Users/ryankenny/Projects/CodingHarnessv2/server/src/web/tools.test.ts:211:17)
(fail) createWebTools > read_page 400 blocked_destination -> failed with detail [0.59ms]
1 | export function createWebTools(_opts?: unknown): any {
2 |   throw new Error("not implemented");
                ^
error: not implemented
      at createWebTools (/Users/ryankenny/Projects/CodingHarnessv2/server/src/web/tools.ts:2:13)
      at <anonymous> (/Users/ryankenny/Projects/CodingHarnessv2/server/src/web/tools.test.ts:231:17)
(fail) createWebTools > client timeout -> failed 'timeout', resolves rather than rejects [0.42ms]
1 | export function createWebTools(_opts?: unknown): any {
2 |   throw new Error("not implemented");
                ^
error: not implemented
      at createWebTools (/Users/ryankenny/Projects/CodingHarnessv2/server/src/web/tools.ts:2:13)
      at <anonymous> (/Users/ryankenny/Projects/CodingHarnessv2/server/src/web/tools.test.ts:248:17)
(fail) createWebTools > caller abort -> execute rejects [0.44ms]
1 | export function createWebTools(_opts?: unknown): any {
2 |   throw new Error("not implemented");
                ^
error: not implemented
      at createWebTools (/Users/ryankenny/Projects/CodingHarnessv2/server/src/web/tools.ts:2:13)
      at <anonymous> (/Users/ryankenny/Projects/CodingHarnessv2/server/src/web/tools.test.ts:261:17)
(fail) createWebTools > unknown tool or bad argument -> no request, no step events, explanatory result [0.48ms]
1 | export function createWebTools(_opts?: unknown): any {
2 |   throw new Error("not implemented");
                ^
error: not implemented
      at createWebTools (/Users/ryankenny/Projects/CodingHarnessv2/server/src/web/tools.ts:2:13)
      at <anonymous> (/Users/ryankenny/Projects/CodingHarnessv2/server/src/web/tools.test.ts:282:17)
(fail) createWebTools > step ids are unique across steps [0.36ms]

 0 pass
 14 fail
Ran 14 tests across 1 file. [13.00ms]
